V/Settings( 2015): get name: ipv4_on11-16 10:41:12.039
V/Settings( 2015): get name: ipv4_on11-16 10:41:12.039
E/NetSettingActivity( 6313): mEthManageripv4: true11-16 10:41:12.040
V/Settings( 2015): get name: ipv6_on11-16 10:41:12.040
V/Settings( 2015): get name: ipv6_on11-16 10:41:12.040
D/EthernetService( 2015): getIpv6PersistedState() IPV6_ON:111-16 10:41:12.040
V/Settings( 2015): get name: ipv6_on11-16 10:41:12.040
V/Settings( 2015): get name: ipv6_on11-16 10:41:12.041
V/Settings( 2015): get name: ipv4_on11-16 10:41:12.041
V/Settings( 2015): get name: ipv4_on11-16 10:41:12.042
D/EthernetService( 2015): getIpv4PersistedState() IPV4_ON:111-16 10:41:12.042
V/Settings( 2015): get name: ipv4_on11-16 10:41:12.042
V/Settings( 2015): get name: ipv4_on11-16 10:41:12.043
E/NetSettingActivity( 6313): onCreate: 111-16 10:41:12.044
V/Settings( 6313): get name: default_network_priority11-16 10:41:12.044
V/Settings( 6313): get name: default_network_priority11-16 10:41:12.047
W/ContextImpl( 6313): Calling a method in the system process without a qualified user: android.app.ContextImpl.sendBroadcast:1231 android.content.ContextWrapper.sendBroadcast:365 android.app.ActivityThread.performResumeActivity:2790 android.app.ActivityThread.handleResumeActivity:2828 android.app.ActivityThread.handleLaunchActivity:2251 11-16 10:41:12.048 I/        ( 1517): transcode 39 flags 1611-16 10:41:12.052
D/ActivityStateReceiver( 2316): state :resume currentActivity :com.changhong.settings.NetSettingActivity currentProcess :com.changhong.settings11-16 10:41:12.052
E/HiSysManagerService( 1515): checkPermission is true.11-16 10:41:12.054
E/ViewRootImpl( 6313): 20170727 enable acc for view = com.changhong.settings/com.changhong.settings.NetSettingActivity11-16 10:41:12.090 I/        ( 1517): transcode 39 flags 1611-16 10:41:12.105
D/OpenGLRenderer( 6313): Enabling debug mode 011-16 10:41:12.151
W/InputMethodManagerService( 2015): Got RemoteException sending setActive(false) notification to pid 3798 uid 100011-16 10:41:12.153 W/Binder  ( 2214): Caught a RuntimeException from the binder stub implementation.11-16 10:41:12.153 W/Binder  ( 2214): java.lang.NullPointerException11-16 10:41:12.153 W/Binder  ( 2214): 	at android.inputmethodservice.IInputMethodWrapper.setSessionEnabled(IInputMethodWrapper.java:280)11-16 10:41:12.153 W/Binder  ( 2214): 	at com.android.internal.view.IInputMethod$Stub.onTransact(IInputMethod.java:129)11-16 10:41:12.153 W/Binder  ( 2214): 	at android.os.Binder.execTransact(Binder.java:404)11-16 10:41:12.153 W/Binder  ( 2214): 	at dalvik.system.NativeStart.run(Native Method)11-16 10:41:12.154
W/InputMethodManager( 6313): Ignoring onBind: cur seq=39, given seq=3711-16 10:41:12.156
I/ActivityManager( 2015): Displayed com.changhong.settings/.NetSettingActivity: +524ms (total +741ms)11-16 10:41:12.327
W/ContextImpl( 2326): Calling a method in the system process without a qualified user: android.app.ContextImpl.startService:1587 android.content.ContextWrapper.startService:494 com.iflytek.xiri.system.ControlService$6.run:369 java.util.concurrent.Executors$RunnableAdapter.call:422 java.util.concurrent.FutureTask.runAndReset:279 11-16 10:41:12.329
V/DemonService( 2628): action==com.iflytek.plugin.CALL11-16 10:41:12.329
D/TopActivityUtil( 2628): system com.changhong.settings/com.changhong.settings.NetSettingActivity11-16 10:41:12.331
D/realboot_track( 2628): operate:pageChange11-16 10:41:12.332
D/OpPush--PageTool( 2628): 页面信息（ActivityInfo）：com.changhong.settings---com.changhong.settings.NetSettingActivity  pageName:com.changhong.settings.NetSettingActivity11-16 10:41:12.332
D/OpPush--PageTool( 2628): 页面发生变化：PageEvent{pageSpace='com.changhong.settings', pageName='com.changhong.settings.NetSettingActivity', resource='null'}11-16 10:41:12.332
D/OpPush--PageTool( 2628): 当前页面是否相同：false11-16 10:41:12.332
D/OpPush--PageTool( 2628): currentPage==PageEvent{pageSpace='com.changhong.settings', pageName='com.changhong.settings.EthernetIPv6Activity', resource=''}11-16 10:41:12.332
D/OpPush--PageTool( 2628): currentPage==PageEvent{pageSpace='com.changhong.settings', pageName='com.changhong.settings.NetSettingActivity', resource='null'}11-16 10:41:12.707
D/pcapcmcc4( 1886): check_no_data_event end: 0!11-16 10:41:12.806 I/SJ      ( 2364): [b$c]lifetimeQuery Binding Request sent.11-16 10:41:12.806 I/SJ      ( 2364): [b$c]lifetimeQuery receive before11-16 10:41:12.810 I/SJ      ( 2364): [b]receiverData receive11-16 10:41:12.811 I/SJ      ( 2364): [b]data[0]=111-16 10:41:12.812 I/SJ      ( 2364): [b]isStunResponse true11-16 10:41:12.814 I/SJ      ( 2364): [b$c]lifetimeQuery receive11-16 10:41:12.816 I/SJ      ( 2364): [b$c]lifetimeQuery mIsTimeout false11-16 10:41:12.817 I/SJ      ( 2364): [b$c]mMappedAddress is 100.65.97.90 3565511-16 10:41:12.819 D/SJ      ( 2364): [b]stunBind oldMappedAddress:Address 100.65.97.90, Port 35655 nowMappedAddress:Address 100.65.97.90, Port 3565511-16 10:41:12.819 D/SJ      ( 2364): [b]stunBind11-16 10:41:12.819 I/SJ      ( 2364): [a]getData Device.ManagementServer.UDPConnectionRequestAddress11-16 10:41:12.834 D/SJ      ( 2364): [b]save udpDataEntity:100.65.97.90:3565511-16 10:41:12.834 D/SJ      ( 2364): [b]StunEngine mProvince:basic11-16 10:41:12.834 I/SJ      ( 2364): [b$c]Binding Response received.11-16 10:41:12.834 I/SJ      ( 2364): [b$c]Lifetime update: 50.11-16 10:41:12.834 I/SJ      ( 2364): [b$c]Timer scheduled: 50.11-16 10:41:12.846 W/Netd    ( 1505): No subsystem found in netlink event11-16 10:41:12.847
D/EthernetDataTracker( 2015): -----------ifcae: eth0 addressupdate address: fe80::b660:77ff:fe21:b903/64 flags = 12811-16 10:41:12.847
D/EthernetDataTracker( 2015): ipv6AddrsUpdate add address: fe80::b660:77ff:fe21:b903/6411-16 10:41:12.847
V/Settings( 2015): get name: ethernet_ipv6_mode11-16 10:41:12.847
V/Settings( 2015): get name: ethernet_ipv6_mode11-16 10:41:12.847
D/EthernetService( 2015): getEthernetMode6(): stateless11-16 10:41:12.847
V/Settings( 2015): get name: ethernet_ipv6_mode11-16 10:41:12.847
V/Settings( 2015): get name: ethernet_ipv6_mode11-16 10:41:12.847
D/EthernetDataTracker( 2015): --------ppp0: stateless11-16 10:41:12.847
V/Settings( 2015): get name: ethernet_ipv6_mode11-16 10:41:12.847
V/Settings( 2015): get name: ethernet_ipv6_mode11-16 10:41:12.847
D/EthernetService( 2015): getEthernetMode6(): stateless11-16 10:41:12.847
V/Settings( 2015): get name: ethernet_ipv6_mode11-16 10:41:12.848
V/Settings( 2015): get name: ethernet_ipv6_mode11-16 10:41:12.927
D/XIRI_driver( 1715): send to xiri: {"cmd":"key","event":1,"keycode":28,"pid":1,"vid":1,"devnum":0}11-16 10:41:12.927
D/WindowManager( 2015): interceptKeyTq keycode=23 screenIsOn=true keyguardActive=false policyFlags=2000000 isWakeKey=false11-16 10:41:12.927
D/WindowManager( 2015): FocusedWindow Package:com.changhong.settings11-16 10:41:12.928
D/Device@XIRI_driver( 2628): 1112005432, Read out cmd : [{"cmd":"key","event":1,"keycode":28,"pid":1,"vid":1,"devnum":0}]11-16 10:41:12.928
D/Device@XIRI_driver( 2628): send key : [28 , 1]  [0]11-16 10:41:12.929
D/WindowManager( 2015): interceptKeyTi keyCode=23 down=true repeatCount=0 keyguardOn=false mHomePressed=false canceled=false11-16 10:41:12.930
D/realboot_track( 2628): operate:thirdKey11-16 10:41:13.094 W/Netd    ( 1505): No subsystem found in netlink event11-16 10:41:13.127
D/XIRI_driver( 1715): send to xiri: {"cmd":"key","event":0,"keycode":28,"pid":1,"vid":1,"devnum":0}11-16 10:41:13.127
D/WindowManager( 2015): interceptKeyTq keycode=23 screenIsOn=true keyguardActive=false policyFlags=2000000 isWakeKey=false11-16 10:41:13.127
D/Device@XIRI_driver( 2628): 1112005432, Read out cmd : [{"cmd":"key","event":0,"keycode":28,"pid":1,"vid":1,"devnum":0}]11-16 10:41:13.127
D/WindowManager( 2015): interceptKeyTi keyCode=23 down=false repeatCount=0 keyguardOn=false mHomePressed=false canceled=false11-16 10:41:13.128
D/Device@XIRI_driver( 2628): send key : [28 , 0]  [0]11-16 10:41:13.128
D/realboot_track( 2628): operate:thirdKey11-16 10:41:13.129
D/OpPushV_BE( 2628): eventType==1411-16 10:41:13.129
D/OpPush_TriggerEvent( 2628): eventType:1411-16 10:41:13.130
D/OpPush_KeyCount( 2628): 保存此次按键时间163703047194911-16 10:41:13.130
D/OpPush_KeyCount( 2628): onfactor third key11-16 10:41:13.133
E/NetSettingActivity( 6313): onClick: 213123098711-16 10:41:13.135
I/ActivityManager( 2015): START u0 {cmp=com.changhong.settings/.EthernetIPv6Activity} from pid 631311-16 10:41:13.136
D/AudioPolicyManagerBase( 1510): startOutput() output 3, stream 1, session 2511-16 10:41:13.136
D/AudioPolicyManagerBase( 1510): startoutput ->setOutputDevice11-16 10:41:13.136
D/AudioPolicyManagerBase( 1510): AudioPolicyManagerBase::checkAndSetVolume 0,0.00000011-16 10:41:13.139
W/ContextImpl( 6313): Calling a method in the system process without a qualified user: android.app.ContextImpl.sendBroadcast:1231 android.content.ContextWrapper.sendBroadcast:365 android.app.ActivityThread.performPauseActivity:3070 android.app.ActivityThread.performPauseActivity:3028 android.app.ActivityThread.handlePauseActivity:3006 11-16 10:41:13.143
D/ActivityStateReceiver( 2316): state :pause currentActivity :com.changhong.settings.NetSettingActivity currentProcess :com.changhong.settings11-16 10:41:13.143
E/HiSysManagerService( 1515): checkPermission is true.11-16 10:41:13.175
V/Settings( 2015): get name: ethernet_ipv6_mode11-16 10:41:13.175
V/Settings( 2015): get name: ethernet_ipv6_mode11-16 10:41:13.175
D/EthernetService( 2015): getEthernetMode6(): stateless11-16 10:41:13.175
V/Settings( 2015): get name: ethernet_ipv6_mode11-16 10:41:13.175
V/Settings( 2015): get name: ethernet_ipv6_mode11-16 10:41:13.176
V/Settings( 2015): get name: option60_login11-16 10:41:13.176
V/Settings( 2015): get name: option60_login11-16 10:41:13.176
D/EthernetService( 2015): getDhcpOption60Login: 00510300000109002051B4607721B90311-16 10:41:13.176
V/Settings( 2015): get name: option60_password11-16 10:41:13.176
V/Settings( 2015): get name: option60_password11-16 10:41:13.176
D/EthernetService( 2015): getDhcpOption60Password: 12345611-16 10:41:13.176
I/ty_NetworkActivity( 6313): -------- getEthStack --------11-16 10:41:13.177
V/Settings( 2015): get name: ipv6_on11-16 10:41:13.177
V/Settings( 2015): get name: ipv6_on11-16 10:41:13.177
D/EthernetService( 2015): getIpv6PersistedState() IPV6_ON:111-16 10:41:13.177
V/Settings( 2015): get name: ipv6_on11-16 10:41:13.177
V/Settings( 2015): get name: ipv6_on11-16 10:41:13.178
V/Settings( 2015): get name: ipv4_on11-16 10:41:13.178
V/Settings( 2015): get name: ipv4_on11-16 10:41:13.178
D/EthernetService( 2015): getIpv4PersistedState() IPV4_ON:111-16 10:41:13.178
V/Settings( 2015): get name: ipv4_on11-16 10:41:13.179
V/Settings( 2015): get name: ipv4_on11-16 10:41:13.182
W/ContextImpl( 6313): Calling a method in the system process without a qualified user: android.app.ContextImpl.sendBroadcast:1231 android.content.ContextWrapper.sendBroadcast:365 android.app.ActivityThread.performResumeActivity:2790 android.app.ActivityThread.handleResumeActivity:2828 android.app.ActivityThread.handleLaunchActivity:2251 11-16 10:41:13.184 I/        ( 1517): transcode 39 flags 1611-16 10:41:13.186
E/ViewRootImpl( 6313): 20170727 enable acc for view = com.changhong.settings/com.changhong.settings.EthernetIPv6Activity11-16 10:41:13.186
D/ActivityStateReceiver( 2316): state :resume currentActivity :com.changhong.settings.EthernetIPv6Activity currentProcess :com.changhong.settings11-16 10:41:13.187
E/HiSysManagerService( 1515): checkPermission is true.11-16 10:41:13.189
V/Settings( 2015): get name: ethernet_ipv6_mode11-16 10:41:13.189
V/Settings( 2015): get name: ethernet_ipv6_mode11-16 10:41:13.190
D/EthernetService( 2015): getEthernetMode6(): stateless11-16 10:41:13.190
V/Settings( 2015): get name: ethernet_ipv6_mode11-16 10:41:13.190
V/Settings( 2015): get name: ethernet_ipv6_mode11-16 10:41:13.190
V/Settings( 2015): get name: option60_login11-16 10:41:13.190
V/Settings( 2015): get name: option60_login11-16 10:41:13.190
D/EthernetService( 2015): getDhcpOption60Login: 00510300000109002051B4607721B90311-16 10:41:13.191
V/Settings( 2015): get name: option60_password11-16 10:41:13.191
V/Settings( 2015): get name: option60_password11-16 10:41:13.191
D/EthernetService( 2015): getDhcpOption60Password: 12345611-16 10:41:13.191
I/EthernetIPv6Activity( 6313): now mode: 你到底是：：AUTO11-16 10:41:13.191
E/EthernetIPv6Activity( 6313): onReceive:king_king_king android.net.ethernet.IPV6_STATE_CHANGE11-16 10:41:13.191
E/EthernetIPv6Activity( 6313): onReceive: 为什么是AUTO11-16 10:41:13.192
I/EthernetIPv6Activity( 6313): ipv6 message: 10211-16 10:41:13.192
V/Settings( 2015): get name: ethernet_ipv6_mode11-16 10:41:13.192
V/Settings( 2015): get name: ethernet_ipv6_mode11-16 10:41:13.192
D/EthernetService( 2015): getEthernetMode6(): stateless11-16 10:41:13.192
V/Settings( 2015): get name: ethernet_ipv6_mode11-16 10:41:13.192
V/Settings( 2015): get name: ethernet_ipv6_mode11-16 10:41:13.192
V/Settings( 2015): get name: option60_login11-16 10:41:13.192
V/Settings( 2015): get name: option60_login11-16 10:41:13.192
D/EthernetService( 2015): getDhcpOption60Login: 00510300000109002051B4607721B90311-16 10:41:13.193
V/Settings( 2015): get name: option60_password11-16 10:41:13.193
V/Settings( 2015): get name: option60_password11-16 10:41:13.193
D/EthernetService( 2015): getDhcpOption60Password: 12345611-16 10:41:13.193
I/EthernetIPv6Activity( 6313): now mode: 你到底是：：AUTO11-16 10:41:13.206 I/        ( 1517): transcode 39 flags 1611-16 10:41:13.210
D/pcapcmcc4( 1886): dissert_dhcpv6 type: Solicit 11-16 10:41:13.210
D/pcapcmcc4( 1886): dhcpv6_option = 66, 112, 8, 211-16 10:41:13.210
D/pcapcmcc4( 1886): dhcpv6_option = 72, 112, 6, 611-16 10:41:13.210
D/pcapcmcc4( 1886): dhcpv6_option = 82, 112, 1, 1011-16 10:41:13.210
D/pcapcmcc4( 1886): dhcpv6_option = 96, 112, 3, 1211-16 10:41:13.210
D/pcapcmcc4( 1886): OPTION_IA_NA: 1211-16 10:41:13.210 W/Netd    ( 1505): No subsystem found in netlink event11-16 10:41:13.213
D/pcapcmcc4( 1886): analyse_dhcpv6_packet type: Solicit 11-16 10:41:13.213
D/pcapcmcc4( 1886): create current_dhcpv6_stream_node: 1, Solicit 11-16 10:41:13.213
D/pcapcmcc4( 1886): param1: 1, 0, 011-16 10:41:13.213
D/pcapcmcc4( 1886): add  current_dhcpv6_stream_node11-16 10:41:13.228
I/ActivityManager( 2015): Displayed com.changhong.settings/.EthernetIPv6Activity: +85ms11-16 10:41:13.260 I/        ( 1517): transcode 39 flags 1611-16 10:41:13.272 I/        ( 1517): transcode 39 flags 1611-16 10:41:13.339
D/dalvikvm( 2326): GC_FOR_ALLOC freed 769K, 44% free 2791K/4952K, paused 12ms, total 12ms11-16 10:41:13.340
W/ContextImpl( 2326): Calling a method in the system process without a qualified user: android.app.ContextImpl.startService:1587 android.content.ContextWrapper.startService:494 com.iflytek.xiri.system.ControlService$6.run:369 java.util.concurrent.Executors$RunnableAdapter.call:422 java.util.concurrent.FutureTask.runAndReset:279 11-16 10:41:13.342
V/DemonService( 2628): action==com.iflytek.plugin.CALL11-16 10:41:13.342
D/TopActivityUtil( 2628): system com.changhong.settings/com.changhong.settings.EthernetIPv6Activity11-16 10:41:13.344
D/realboot_track( 2628): operate:pageChange11-16 10:41:13.345
D/OpPush--PageTool( 2628): 页面信息（ActivityInfo）：com.changhong.settings---com.changhong.settings.EthernetIPv6Activity  pageName:com.changhong.settings.EthernetIPv6Activity11-16 10:41:13.345
D/OpPush--PageTool( 2628): 页面发生变化：PageEvent{pageSpace='com.changhong.settings', pageName='com.changhong.settings.EthernetIPv6Activity', resource='null'}11-16 10:41:13.345
D/OpPush--PageTool( 2628): 当前页面是否相同：false11-16 10:41:13.345
D/OpPush--PageTool( 2628): currentPage==PageEvent{pageSpace='com.changhong.settings', pageName='com.changhong.settings.NetSettingActivity', resource=''}11-16 10:41:13.345
D/OpPush--PageTool( 2628): currentPage==PageEvent{pageSpace='com.changhong.settings', pageName='com.changhong.settings.EthernetIPv6Activity', resource='null'}11-16 10:41:13.498
D/pcapcmcc4( 1886): dissert_dhcpv6 type: Request 11-16 10:41:13.499
D/pcapcmcc4( 1886): dhcpv6_option = 66, 154, 8, 211-16 10:41:13.499
D/pcapcmcc4( 1886): dhcpv6_option = 72, 154, 6, 611-16 10:41:13.499
D/pcapcmcc4( 1886): dhcpv6_option = 82, 154, 1, 1011-16 10:41:13.499
D/pcapcmcc4( 1886): dhcpv6_option = 96, 154, 2, 1011-16 10:41:13.499
D/pcapcmcc4( 1886): dhcpv6_option = 110, 154, 3, 4011-16 10:41:13.499
D/pcapcmcc4( 1886): OPTION_IA_NA: 4011-16 10:41:13.499
D/pcapcmcc4( 1886): dhcpv6_option = 126, 154, 5, 2411-16 10:41:13.499
D/pcapcmcc4( 1886): OPTION_IAADDR: 2411-16 10:41:13.505
D/pcapcmcc4( 1886): analyse_dhcpv6_packet type: Request 11-16 10:41:13.505
D/pcapcmcc4( 1886): param1: 0, 0, 011-16 10:41:13.944
D/XIRI_driver( 1715): send to xiri: {"cmd":"key","event":1,"keycode":28,"pid":1,"vid":1,"devnum":0}11-16 10:41:13.944
D/WindowManager( 2015): interceptKeyTq keycode=23 screenIsOn=true keyguardActive=false policyFlags=2000000 isWakeKey=false11-16 10:41:13.944
D/WindowManager( 2015): FocusedWindow Package:com.changhong.settings11-16 10:41:13.944
D/Device@XIRI_driver( 2628): 1112005432, Read out cmd : [{"cmd":"key","event":1,"keycode":28,"pid":1,"vid":1,"devnum":0}]11-16 10:41:13.944
D/Device@XIRI_driver( 2628): send key : [28 , 1]  [0]11-16 10:41:13.944
D/WindowManager( 2015): interceptKeyTi keyCode=23 down=true repeatCount=0 keyguardOn=false mHomePressed=false canceled=false11-16 10:41:13.947
D/realboot_track( 2628): operate:thirdKey11-16 10:41:14.275
D/XIRI_driver( 1715): send to xiri: {"cmd":"key","event":0,"keycode":28,"pid":1,"vid":1,"devnum":0}11-16 10:41:14.275
D/WindowManager( 2015): interceptKeyTq keycode=23 screenIsOn=true keyguardActive=false policyFlags=2000000 isWakeKey=false11-16 10:41:14.276
D/WindowManager( 2015): interceptKeyTi keyCode=23 down=false repeatCount=0 keyguardOn=false mHomePressed=false canceled=false11-16 10:41:14.276
D/Device@XIRI_driver( 2628): 1112005432, Read out cmd : [{"cmd":"key","event":0,"keycode":28,"pid":1,"vid":1,"devnum":0}]11-16 10:41:14.277
D/Device@XIRI_driver( 2628): send key : [28 , 0]  [0]11-16 10:41:14.277
D/realboot_track( 2628): operate:thirdKey11-16 10:41:14.279
V/Settings( 2015): get name: ethernet_ifname11-16 10:41:14.279
V/Settings( 2015): get name: ethernet_ifname11-16 10:41:14.279
D/EthernetService( 2015): getDatabaseInterfaceName() InterfaceName: eth011-16 10:41:14.279
V/Settings( 2015): get name: ethernet_ifname11-16 10:41:14.280
V/Settings( 2015): get name: ethernet_ifname11-16 10:41:14.280
D/AudioPolicyManagerBase( 1510): startOutput() output 3, stream 1, session 2611-16 10:41:14.280
D/AudioPolicyManagerBase( 1510): startoutput ->setOutputDevice11-16 10:41:14.280
D/AudioPolicyManagerBase( 1510): AudioPolicyManagerBase::checkAndSetVolume 0,0.00000011-16 10:41:14.282
E/NetUtils( 2015): Interface eth0 LinkUp!11-16 10:41:14.282
D/EthernetService( 2015): getNetLinkStatus(eth0): 111-16 10:41:14.282
D/OpPushV_BE( 2628): eventType==1411-16 10:41:14.282
D/OpPush_TriggerEvent( 2628): eventType:1411-16 10:41:14.282
E/NetUtils( 2015): Interface eth0 LinkUp!11-16 10:41:14.283
D/OpPush_KeyCount( 2628): 保存此次按键时间163703047310211-16 10:41:14.283
D/OpPush_KeyCount( 2628): onfactor third key11-16 10:41:14.285
E/EthernetIPv6Activity( 6313): onClick:现在的状态是: AUTO11-16 10:41:14.286
V/Settings( 2015): get name: ethernet_ifname11-16 10:41:14.286
V/Settings( 2015): get name: ethernet_ifname11-16 10:41:14.286
D/EthernetService( 2015): getDatabaseInterfaceName() InterfaceName: eth011-16 10:41:14.286
V/Settings( 2015): get name: ethernet_ifname11-16 10:41:14.286
V/Settings( 2015): get name: ethernet_ifname11-16 10:41:14.287
E/NetUtils( 2015): Interface eth0 LinkUp!11-16 10:41:14.287
D/EthernetService( 2015): getNetLinkStatus(eth0): 111-16 10:41:14.287
E/NetUtils( 2015): Interface eth0 LinkUp!11-16 10:41:14.287
I/EthernetIPv6Activity( 6313): in btnSAVE11-16 10:41:14.287
I/EthernetIPv6Activity( 6313): in connectDhcp, mStack:IPV4V611-16 10:41:14.288
V/Settings( 2015): get name: option60_login11-16 10:41:14.288
V/Settings( 2015): get name: option60_login11-16 10:41:14.288
D/EthernetService( 2015): getDhcpOption60Login: 00510300000109002051B4607721B90311-16 10:41:14.289
V/Settings( 2015): get name: option60_password11-16 10:41:14.289
V/Settings( 2015): get name: option60_password11-16 10:41:14.289
D/EthernetService( 2015): getDhcpOption60Password: 12345611-16 10:41:14.291
D/EthernetService( 2015): checkPermission is true11-16 10:41:14.291
D/EthernetService( 2015): setDhcpOption60(false, 00510300000109002051B4607721B903, 123456)11-16 10:41:14.291
V/Settings( 2015): put name: option60_on, value: 011-16 10:41:14.292
V/Settings( 2015): put name: option60_on, value: 011-16 10:41:14.292
V/Settings( 2015): put name: option60_login, value: 00510300000109002051B4607721B90311-16 10:41:14.292
V/Settings( 2015): put name: option60_login, value: 00510300000109002051B4607721B90311-16 10:41:14.293
V/Settings( 2015): put name: option60_password, value: 12345611-16 10:41:14.293
V/Settings( 2015): put name: option60_password, value: 12345611-16 10:41:14.294
D/EthernetService( 2015): checkPermission is true11-16 10:41:14.294
D/EthernetService( 2015): setEthernetMode6(dhcp)11-16 10:41:14.294
V/Settings( 2015): put name: ethernet_ipv6_mode, value: dhcp11-16 10:41:14.295
V/Settings( 2015): put name: ethernet_ipv6_mode, value: dhcp11-16 10:41:14.310
E/EthernetIPv6Activity( 6313): 整个ipvconfiguration是这个：：：IP assignment: DHCP11-16 10:41:14.310
E/EthernetIPv6Activity( 6313): connectIPV6:Stack：：： IPV4V611-16 10:41:14.311
V/Settings( 2015): get name: ipv6_on11-16 10:41:14.312
V/Settings( 2015): get name: ipv6_on11-16 10:41:14.312
D/EthernetService( 2015): getIpv6PersistedState() IPV6_ON:111-16 10:41:14.312
V/Settings( 2015): get name: ipv6_on11-16 10:41:14.312
V/Settings( 2015): get name: ipv6_on11-16 10:41:14.313
V/Settings( 2015): get name: ethernet_ipv6_mode11-16 10:41:14.313
V/Settings( 2015): get name: ethernet_ipv6_mode11-16 10:41:14.313
D/EthernetService( 2015): getEthernetMode6(): dhcp11-16 10:41:14.313
V/Settings( 2015): get name: ethernet_ipv6_mode11-16 10:41:14.313
V/Settings( 2015): get name: ethernet_ipv6_mode11-16 10:41:14.313
V/Settings( 2015): get name: ethernet_ipv6_mode11-16 10:41:14.313
V/Settings( 2015): get name: ethernet_ipv6_mode11-16 10:41:14.313
D/EthernetService( 2015): getEthernetMode6(): dhcp11-16 10:41:14.313
V/Settings( 2015): get name: ethernet_ipv6_mode11-16 10:41:14.313
V/Settings( 2015): get name: ethernet_ipv6_mode11-16 10:41:14.313
V/Settings( 2015): get name: option60_on11-16 10:41:14.313
V/Settings( 2015): get name: option60_on11-16 10:41:14.313
D/EthernetService( 2015): getDhcpOption60State: 011-16 10:41:14.313
V/Settings( 2015): get name: option125_on11-16 10:41:14.313
V/Settings( 2015): get name: option125_on11-16 10:41:14.314
D/EthernetService( 2015): getDhcpOption125State: 011-16 10:41:14.314 D/DHCP    ( 2015): Link-local: fe80:0000:0000:0000:b660:77ff:fe21:b90311-16 10:41:14.314
I/EthernetDataTracker( 2015): maskStr=ipoe6,dhcp611-16 10:41:14.314
I/EthernetDataTracker( 2015): connectMode dhcp6 need release!11-16 10:41:14.314
I/EthernetDataTracker( 2015): releaseDhcpv6lease eth011-16 10:41:14.314 D/DHCPV6  ( 2015): dhcpv6_release start11-16 10:41:14.314 D/DHCPV6  ( 2015): dhcpv6_release cmd='release_eth0:-lf /data/misc/dhcp/dhclient6_eth0.leases -D LL'11-16 10:41:14.327
W/ContextImpl( 2326): Calling a method in the system process without a qualified user: android.app.ContextImpl.startService:1587 android.content.ContextWrapper.startService:494 com.iflytek.xiri.system.ControlService$6.run:369 java.util.concurrent.Executors$RunnableAdapter.call:422 java.util.concurrent.FutureTask.runAndReset:279 11-16 10:41:14.331
V/DemonService( 2628): action==com.iflytek.plugin.CALL11-16 10:41:14.335
E/DHCLIENT( 6356): release_mode is set, stateless=011-16 10:41:14.335
E/DHCLIENT( 6356): check pid = 629911-16 10:41:14.335
D/DHCLIENT( 6356): open /proc/6299/status failed!11-16 10:41:14.335
D/DHCLIENT( 6356): path of ipv6 conf is: /etc/dhclient.conf11-16 10:41:14.336
E/DHCLIENT( 6356): is_releasing 'eth0'11-16 10:41:14.336
E/DHCLIENT( 6356): is_releasing return ISC_FALSE11-16 10:41:14.336
E/DHCLIENT( 6356): no interface is releasing, force exit.11-16 10:41:14.336
E/DHCLIENT( 6356): XMT: dhclient remove dhclient6.lease11-16 10:41:14.344
E/DHCLIENT( 6356): set_release6_result in 20191206_00111-16 10:41:14.469 E/DHCPV6  ( 2015): DHCPv6 Fail  failed11-16 10:41:14.469
D/NetUtils( 2015): --------eth0 dhcpv6_do_request result: -1 11-16 10:41:14.469
E/EthernetDataTracker( 2015): DHCPv6 request error:DHCPv6 Fail  failed11-16 10:41:14.469
W/ContextImpl( 2015): Calling a method in the system process without a qualified user: android.app.ContextImpl.sendStickyBroadcast:1389 android.net.EthernetDataTracker.postNotification:1494 android.net.EthernetDataTracker.access$800:73 android.net.EthernetDataTracker$9.run:2302 java.util.Timer$TimerImpl.run:284 11-16 10:41:14.470 D/DHCPV6  ( 2015): -----------------dhcpv6_stop11-16 10:41:14.470 D/DHCPV6  ( 2015): ========daemon_cmd[dhclient_eth0],line[395]11-16 10:41:14.470 D/DHCPV6  ( 2015): ========2daemon_cmd[init.svc.dhclient_eth0],line[405]11-16 10:41:14.474
V/Settings( 2015): get name: ethernet_ipv6_mode11-16 10:41:14.474
V/Settings( 2015): get name: ethernet_ipv6_mode11-16 10:41:14.474
D/EthernetService( 2015): getEthernetMode6(): dhcp11-16 10:41:14.474
V/Settings( 2015): get name: ethernet_ipv6_mode11-16 10:41:14.474
V/Settings( 2015): get name: ethernet_ipv6_mode11-16 10:41:14.474
V/Settings( 2015): get name: option60_on11-16 10:41:14.474
V/Settings( 2015): get name: option60_on11-16 10:41:14.474
D/EthernetService( 2015): getDhcpOption60State: 011-16 10:41:14.474
V/Settings( 2015): get name: option60_login11-16 10:41:14.474
V/Settings( 2015): get name: option60_login11-16 10:41:14.475
D/EthernetService( 2015): getDhcpOption60Login: 00510300000109002051B4607721B90311-16 10:41:14.475
V/Settings( 2015): get name: option60_password11-16 10:41:14.475
V/Settings( 2015): get name: option60_password11-16 10:41:14.475
D/EthernetService( 2015): getDhcpOption60Password: 12345611-16 10:41:14.475
I/EthernetIPv6Activity( 6313): now mode: 你到底是：：AUTO11-16 10:41:14.475
E/EthernetIPv6Activity( 6313): onReceive:king_king_king android.net.ethernet.IPV6_STATE_CHANGE11-16 10:41:14.476
E/EthernetIPv6Activity( 6313): onReceive: 为什么是AUTO11-16 10:41:14.476
I/EthernetIPv6Activity( 6313): ipv6 message: 10111-16 10:41:14.476
I/EthernetIPv6Activity( 6313): dhcp v6 connect failed.11-16 10:41:14.515 D/DHCPV6  ( 2015): dhcpv6_release start waiting for release result...11-16 10:41:14.614
D/XIRI_driver( 1715): send to xiri: {"cmd":"key","event":1,"keycode":108,"pid":1,"vid":1,"devnum":0}11-16 10:41:14.614
D/WindowManager( 2015): interceptKeyTq keycode=20 screenIsOn=true keyguardActive=false policyFlags=2000000 isWakeKey=false11-16 10:41:14.614
D/WindowManager( 2015): FocusedWindow Package:com.changhong.settings11-16 10:41:14.615
D/Device@XIRI_driver( 2628): 1112005432, Read out cmd : [{"cmd":"key","event":1,"keycode":108,"pid":1,"vid":1,"devnum":0}]11-16 10:41:14.615
D/Device@XIRI_driver( 2628): send key : [108 , 1]  [0]11-16 10:41:14.616
D/realboot_track( 2628): operate:thirdKey11-16 10:41:14.618
D/WindowManager( 2015): interceptKeyTi keyCode=20 down=true repeatCount=0 keyguardOn=false mHomePressed=false canceled=false11-16 10:41:14.620 W/View    ( 6313): couldn't find view with id 213123123211-16 10:41:14.624
D/AudioPolicyManagerBase( 1510): startOutput() output 3, stream 1, session 2711-16 10:41:14.671 D/DHCPV6  ( 2015): no dhclient.eth0.dns111-16 10:41:14.671 D/DHCPV6  ( 2015): no dhclient.eth0.dns211-16 10:41:14.672 D/DHCPV6  ( 2015): no dhclient.eth0.dns311-16 10:41:14.673 D/DHCPV6  ( 2015): no dhclient.eth0.dns411-16 10:41:14.814
D/XIRI_driver( 1715): send to xiri: {"cmd":"key","event":0,"keycode":108,"pid":1,"vid":1,"devnum":0}11-16 10:41:14.814
D/WindowManager( 2015): interceptKeyTq keycode=20 screenIsOn=true keyguardActive=false policyFlags=2000000 isWakeKey=false11-16 10:41:14.815
D/Device@XIRI_driver( 2628): 1112005432, Read out cmd : [{"cmd":"key","event":0,"keycode":108,"pid":1,"vid":1,"devnum":0}]11-16 10:41:14.815
D/WindowManager( 2015): interceptKeyTi keyCode=20 down=false repeatCount=0 keyguardOn=false mHomePressed=false canceled=false11-16 10:41:14.815
D/Device@XIRI_driver( 2628): send key : [108 , 0]  [0]11-16 10:41:14.815
D/realboot_track( 2628): operate:thirdKey11-16 10:41:14.817
D/InputEventConsistencyVerifier( 6313): KeyEvent: ACTION_UP but key was not down.11-16 10:41:14.817
D/InputEventConsistencyVerifier( 6313):   in android.widget.RelativeLayout{423627b8 VFE...C. .F...... 0,80-555,160 #7f0801d9 app:id/rl_setting_net_ipv6_ipoe}11-16 10:41:14.817
D/InputEventConsistencyVerifier( 6313):   0: sent at 1121076000000, KeyEvent { action=ACTION_UP, keyCode=KEYCODE_DPAD_DOWN, scanCode=108, metaState=0, flags=0x8, repeatCount=0, eventTime=1121076, downTime=1120876, deviceId=3, source=0x701 }11-16 10:41:14.817
D/OpPushV_BE( 2628): eventType==1411-16 10:41:14.817
D/OpPush_TriggerEvent( 2628): eventType:1411-16 10:41:14.818
D/OpPush_KeyCount( 2628): 保存此次按键时间163703047363611-16 10:41:14.818
D/OpPush_KeyCount( 2628): onfactor third key11-16 10:41:14.840
D/dalvikvm( 2628): GC_FOR_ALLOC freed 451K, 24% free 4478K/5876K, paused 22ms, total 22ms11-16 10:41:15.326
W/ContextImpl( 2326): Calling a method in the system process without a qualified user: android.app.ContextImpl.startService:1587 android.content.ContextWrapper.startService:494 com.iflytek.xiri.system.ControlService$6.run:369 java.util.concurrent.Executors$RunnableAdapter.call:422 java.util.concurrent.FutureTask.runAndReset:279 11-16 10:41:15.328
V/DemonService( 2628): action==com.iflytek.plugin.CALL11-16 10:41:15.374
D/XIRI_driver( 1715): send to xiri: {"cmd":"key","event":1,"keycode":28,"pid":1,"vid":1,"devnum":0}11-16 10:41:15.374
D/WindowManager( 2015): interceptKeyTq keycode=23 screenIsOn=true keyguardActive=false policyFlags=2000000 isWakeKey=false11-16 10:41:15.374
D/Device@XIRI_driver( 2628): 1112005432, Read out cmd : [{"cmd":"key","event":1,"keycode":28,"pid":1,"vid":1,"devnum":0}]11-16 10:41:15.374
D/WindowManager( 2015): FocusedWindow Package:com.changhong.settings11-16 10:41:15.375
D/Device@XIRI_driver( 2628): send key : [28 , 1]  [0]11-16 10:41:15.375
D/WindowManager( 2015): interceptKeyTi keyCode=23 down=true repeatCount=0 keyguardOn=false mHomePressed=false canceled=false11-16 10:41:15.376
D/realboot_track( 2628): operate:thirdKey11-16 10:41:15.404 W/Netd    ( 1505): No subsystem found in netlink event11-16 10:41:15.547 W/Netd    ( 1505): No subsystem found in netlink event11-16 10:41:15.547 D/Netd    ( 1505): route_priority=eth11-16 10:41:15.547 E/Netd    ( 1505): increaseEthRoutePriorityV6: route = default, gateway = fe80::1, iface = eth0, priority = 1024, metric = 12811-16 10:41:15.548
V/Settings( 2015): get name: ethernet_ipv6_mode11-16 10:41:15.548
V/Settings( 2015): get name: ethernet_ipv6_mode11-16 10:41:15.550
D/EthernetService( 2015): getEthernetMode6(): dhcp11-16 10:41:15.551
V/Settings( 2015): get name: ethernet_ipv6_mode11-16 10:41:15.553
V/Settings( 2015): get name: ethernet_ipv6_mode11-16 10:41:15.554
D/EthernetDataTracker( 2015): -----------iface: eth0, moflags=: 176, currentIpv6Mode = dhcp11-16 10:41:15.554
D/EthernetDataTracker( 2015): moflags: M = 0, O = 12811-16 10:41:15.556
V/Settings( 2015): get name: ethernet_ipv6_mo_valid11-16 10:41:15.556 D/Netd    ( 1505): route_priority=eth11-16 10:41:15.556 E/Netd    ( 1505): increaseEthRoutePriorityV6: route = 2409:8a5e:a049:7e10::/64, gateway = , iface = eth0, priority = 256, metric = 12811-16 10:41:15.557
V/Settings( 2015): get name: ethernet_ipv6_mo_valid11-16 10:41:15.557
D/EthernetService( 2015): getIpv6MOAutoState(): 111-16 10:41:15.557
V/Settings( 2015): get name: ethernet_ipv6_mo_valid11-16 10:41:15.557
V/Settings( 2015): get name: ethernet_ipv6_mo_valid11-16 10:41:15.557
D/EthernetDataTracker( 2015): moflags=change to stateless, dns for server11-16 10:41:15.557
V/Settings( 2015): get name: ethernet_ipv6_mode11-16 10:41:15.557
V/Settings( 2015): get name: ethernet_ipv6_mode11-16 10:41:15.557
D/EthernetService( 2015): getEthernetMode6(): dhcp11-16 10:41:15.557
V/Settings( 2015): get name: ethernet_ipv6_mode11-16 10:41:15.557
V/Settings( 2015): get name: ethernet_ipv6_mode11-16 10:41:15.557
V/Settings( 2015): get name: option60_on11-16 10:41:15.557
V/Settings( 2015): get name: option60_on11-16 10:41:15.557
D/EthernetService( 2015): getDhcpOption60State: 011-16 10:41:15.557
V/Settings( 2015): get name: option125_on11-16 10:41:15.557
V/Settings( 2015): get name: option125_on11-16 10:41:15.557
D/EthernetService( 2015): getDhcpOption125State: 011-16 10:41:15.557 D/DHCP    ( 2015): Link-local: fe80:0000:0000:0000:b660:77ff:fe21:b90311-16 10:41:15.558
I/EthernetDataTracker( 2015): maskStr=ipoe6,dhcp611-16 10:41:15.558
I/EthernetDataTracker( 2015): connectMode dhcp6 need release!11-16 10:41:15.558
I/EthernetDataTracker( 2015): releaseDhcpv6lease eth011-16 10:41:15.558 D/DHCPV6  ( 2015): dhcpv6_release start11-16 10:41:15.558 D/DHCPV6  ( 2015): dhcpv6_release cmd='release_eth0:-lf /data/misc/dhcp/dhclient6_eth0.leases -D LL'11-16 10:41:15.565 D/Netd    ( 1505): route_priority=eth11-16 10:41:15.565 W/Netd    ( 1505): No subsystem found in netlink event11-16 10:41:15.565 D/Netd    ( 1505): route_priority=eth11-16 10:41:15.565 W/Netd    ( 1505): No subsystem found in netlink event11-16 10:41:15.581
E/DHCLIENT( 6368): release_mode is set, stateless=011-16 10:41:15.581
E/DHCLIENT( 6368): check pid = 635611-16 10:41:15.581
D/DHCLIENT( 6368): open /proc/6356/status failed!11-16 10:41:15.581
D/DHCLIENT( 6368): path of ipv6 conf is: /etc/dhclient.conf11-16 10:41:15.582
E/DHCLIENT( 6368): form_duid :ip!=null11-16 10:41:15.582
E/DHCLIENT( 6368): Created duid \000\003\000\001\264`w!\271\003.11-16 10:41:15.582
E/DHCLIENT( 6368): form_duid success hisi11-16 10:41:15.583
E/DHCLIENT( 6368): is_releasing 'eth0'11-16 10:41:15.584
E/DHCLIENT( 6368): is_releasing return ISC_FALSE11-16 10:41:15.584
E/DHCLIENT( 6368): no interface is releasing, force exit.11-16 10:41:15.584
E/DHCLIENT( 6368): XMT: dhclient remove dhclient6.lease11-16 10:41:15.591
E/DHCLIENT( 6368): set_release6_result in 20191206_00111-16 10:41:15.705
D/XIRI_driver( 1715): send to xiri: {"cmd":"key","event":0,"keycode":28,"pid":1,"vid":1,"devnum":0}11-16 10:41:15.705
D/WindowManager( 2015): interceptKeyTq keycode=23 screenIsOn=true keyguardActive=false policyFlags=2000000 isWakeKey=false11-16 10:41:15.705
D/Device@XIRI_driver( 2628): 1112005432, Read out cmd : [{"cmd":"key","event":0,"keycode":28,"pid":1,"vid":1,"devnum":0}]11-16 10:41:15.706
D/WindowManager( 2015): interceptKeyTi keyCode=23 down=false repeatCount=0 keyguardOn=false mHomePressed=false canceled=false11-16 10:41:15.706
D/Device@XIRI_driver( 2628): send key : [28 , 0]  [0]11-16 10:41:15.706
D/realboot_track( 2628): operate:thirdKey11-16 10:41:15.707
D/OpPushV_BE( 2628): eventType==1411-16 10:41:15.708
D/OpPush_TriggerEvent( 2628): eventType:1411-16 10:41:15.708
D/OpPush_KeyCount( 2628): 保存此次按键时间163703047452711-16 10:41:15.708
D/OpPush_KeyCount( 2628): onfactor third key11-16 10:41:15.708
I/ActivityManager( 2015): START u0 {cmp=com.changhong.settings/.NetworkIPV6_IPOE_Activity} from pid 631311-16 10:41:15.710
D/AudioPolicyManagerBase( 1510): startOutput() output 3, stream 1, session 2811-16 10:41:15.712
D/pcapcmcc4( 1886): check_no_data_event end: 0!11-16 10:41:15.715
W/ContextImpl( 6313): Calling a method in the system process without a qualified user: android.app.ContextImpl.sendBroadcast:1231 android.content.ContextWrapper.sendBroadcast:365 android.app.ActivityThread.performPauseActivity:3070 android.app.ActivityThread.performPauseActivity:3028 android.app.ActivityThread.handlePauseActivity:3006 11-16 10:41:15.716 D/DHCPV6  ( 2015): dhcpv6_release return failed11-16 10:41:15.717
I/EthernetDataTracker( 2015): releaseDhcpv6lease eth0 done11-16 10:41:15.717 D/DHCPV6  ( 2015): -----------------dhcpv6_stop11-16 10:41:15.717 D/DHCPV6  ( 2015): ========daemon_cmd[dhclient_eth0],line[395]11-16 10:41:15.717 D/DHCPV6  ( 2015): ========2daemon_cmd[init.svc.dhclient_eth0],line[405]11-16 10:41:15.721
D/ActivityStateReceiver( 2316): state :pause currentActivity :com.changhong.settings.EthernetIPv6Activity currentProcess :com.changhong.settings11-16 10:41:15.721
E/HiSysManagerService( 1515): checkPermission is true.11-16 10:41:15.757
V/Settings( 2015): get name: ethernet_ipv6_mode11-16 10:41:15.757
V/Settings( 2015): get name: ethernet_ipv6_mode11-16 10:41:15.757
D/EthernetService( 2015): getEthernetMode6(): dhcp11-16 10:41:15.758
V/Settings( 2015): get name: ethernet_ipv6_mode11-16 10:41:15.758
V/Settings( 2015): get name: ethernet_ipv6_mode11-16 10:41:15.758
V/Settings( 2015): get name: option60_on11-16 10:41:15.759
V/Settings( 2015): get name: option60_on11-16 10:41:15.759
D/EthernetService( 2015): getDhcpOption60State: 011-16 10:41:15.759 D/DHCPV6  ( 2015): dhcpv6_release start waiting for release result...11-16 10:41:15.760
V/Settings( 2015): get name: option60_login11-16 10:41:15.760
V/Settings( 2015): get name: option60_login11-16 10:41:15.760
D/EthernetService( 2015): getDhcpOption60Login: 00510300000109002051B4607721B90311-16 10:41:15.761
V/Settings( 2015): get name: option60_password11-16 10:41:15.761
V/Settings( 2015): get name: option60_password11-16 10:41:15.761
D/EthernetService( 2015): getDhcpOption60Password: 12345611-16 10:41:15.761
V/Settings( 6313): get name: dhcp_user11-16 10:41:15.761
V/Settings( 6313): get name: option60_login11-16 10:41:15.762
V/Settings( 6313): get name: dhcp_pswd11-16 10:41:15.762
V/Settings( 6313): get name: option60_password11-16 10:41:15.765
E/ipv6_IPOE_Activity( 6313): initData: 11100510300000109002051B4607721B90311-16 10:41:15.765
E/ipv6_IPOE_Activity( 6313): initData: 22212345611-16 10:41:15.767
W/ContextImpl( 6313): Calling a method in the system process without a qualified user: android.app.ContextImpl.sendBroadcast:1231 android.content.ContextWrapper.sendBroadcast:365 android.app.ActivityThread.performResumeActivity:2790 android.app.ActivityThread.handleResumeActivity:2828 android.app.ActivityThread.handleLaunchActivity:2251 11-16 10:41:15.768 I/        ( 1517): transcode 39 flags 1611-16 10:41:15.770
E/ViewRootImpl( 6313): 20170727 enable acc for view = com.changhong.settings/com.changhong.settings.NetworkIPV6_IPOE_Activity11-16 10:41:15.771
D/ActivityStateReceiver( 2316): state :resume currentActivity :com.changhong.settings.NetworkIPV6_IPOE_Activity currentProcess :com.changhong.settings11-16 10:41:15.771
E/HiSysManagerService( 1515): checkPermission is true.11-16 10:41:15.783
V/Settings( 2015): get name: spell_checker_enabled11-16 10:41:15.783
V/Settings( 2015): get name: spell_checker_enabled11-16 10:41:15.783
V/Settings( 2015): get name: spell_checker_enabled11-16 10:41:15.784
V/Settings( 2015): get name: spell_checker_enabled11-16 10:41:15.785
V/Settings( 2015): get name: spell_checker_enabled11-16 10:41:15.785
V/Settings( 2015): get name: spell_checker_enabled11-16 10:41:15.785
V/Settings( 2015): get name: selected_spell_checker_subtype11-16 10:41:15.786
V/Settings( 2015): get name: selected_spell_checker_subtype11-16 10:41:15.786
V/Settings( 2015): get name: selected_spell_checker11-16 10:41:15.786
V/Settings( 2015): get name: selected_spell_checker11-16 10:41:15.787
V/Settings( 2015): get name: spell_checker_enabled11-16 10:41:15.787
V/Settings( 2015): get name: spell_checker_enabled11-16 10:41:15.788
V/Settings( 2015): get name: selected_spell_checker_subtype11-16 10:41:15.788
V/Settings( 2015): get name: selected_spell_checker_subtype11-16 10:41:15.788
V/Settings( 2015): get name: selected_spell_checker11-16 10:41:15.788
V/Settings( 2015): get name: selected_spell_checker11-16 10:41:15.790
V/Settings( 2015): get name: selected_spell_checker_subtype11-16 10:41:15.790
V/Settings( 2015): get name: selected_spell_checker_subtype11-16 10:41:15.791
V/Settings( 2015): get name: selected_spell_checker11-16 10:41:15.791
V/Settings( 2015): get name: selected_spell_checker11-16 10:41:15.792
V/Settings( 2015): get name: selected_spell_checker_subtype11-16 10:41:15.792
V/Settings( 2015): get name: selected_spell_checker_subtype11-16 10:41:15.792
V/Settings( 2015): get name: selected_spell_checker11-16 10:41:15.792
V/Settings( 2015): get name: selected_spell_checker11-16 10:41:15.798 I/        ( 1517): transcode 39 flags 1611-16 10:41:15.821 W/View    ( 6313): couldn't find view with id 213123115911-16 10:41:15.825 W/View    ( 6313): couldn't find view with id 213123115911-16 10:41:15.829
I/ActivityManager( 2015): Displayed com.changhong.settings/.NetworkIPV6_IPOE_Activity: +109ms11-16 10:41:15.836
V/Settings( 2015): get name: enabled_input_methods11-16 10:41:15.836
V/Settings( 2015): get name: enabled_input_methods11-16 10:41:15.836
V/Settings( 2015): get name: enabled_input_methods11-16 10:41:15.837
V/Settings( 2015): get name: enabled_input_methods11-16 10:41:15.839 I/        ( 1517): transcode 39 flags 1611-16 10:41:15.849
E/ViewRootImpl( 2214): 20170727 enable acc for view = InputMethod11-16 10:41:15.853
V/Settings( 2015): get name: enabled_input_methods11-16 10:41:15.854
V/Settings( 2015): get name: enabled_input_methods11-16 10:41:15.854
V/Settings( 2015): get name: enabled_input_methods11-16 10:41:15.854
V/Settings( 2015): get name: enabled_input_methods11-16 10:41:15.866 I/        ( 1517): transcode 39 flags 1611-16 10:41:15.874 I/        ( 1517): transcode 39 flags 1611-16 10:41:15.918 D/DHCPV6  ( 2015): no dhclient.eth0.dns111-16 10:41:15.919 D/DHCPV6  ( 2015): no dhclient.eth0.dns211-16 10:41:15.919 D/DHCPV6  ( 2015): no dhclient.eth0.dns311-16 10:41:15.919 D/DHCPV6  ( 2015): no dhclient.eth0.dns411-16 10:41:15.919
I/EthernetDataTracker( 2015): stopIpv6() success, send message EVENT_DHCPV6_DISCONNECT_SUCCESSED11-16 10:41:15.921 I/        ( 1517): transcode 39 flags 1611-16 10:41:15.921
D/NetUtils( 2015): no net6.eth0.dns111-16 10:41:15.921
D/NetUtils( 2015): no net6.eth0.dns211-16 10:41:15.921
I/EthernetDataTracker( 2015): clearIpv6Routes11-16 10:41:15.931
D/EthernetDataTracker( 2015): remove 2409:8a5e:a049:7e10::/64 -> :: on eth011-16 10:41:15.932
D/NetUtils( 1505): route_priority=eth11-16 10:41:15.932 W/Netd    ( 1505): No subsystem found in netlink event11-16 10:41:15.934
D/EthernetDataTracker( 2015): remove fe80::/64 -> :: on eth011-16 10:41:15.935
D/NetUtils( 1505): route_priority=eth11-16 10:41:15.935 W/Netd    ( 1505): No subsystem found in netlink event11-16 10:41:15.936
D/EthernetDataTracker( 2015): remove ::/0 -> fe80::1 on eth011-16 10:41:15.937
D/NetUtils( 1505): route_priority=eth11-16 10:41:15.937 W/Netd    ( 1505): No subsystem found in netlink event11-16 10:41:15.939
D/EthernetDataTracker( 2015): remove ff02::1/128 -> :: on eth011-16 10:41:15.940
D/NetUtils( 1505): route_priority=eth11-16 10:41:15.942
E/EthernetDataTracker( 2015): Exception trying to remove a route: java.lang.IllegalStateException: command '64 interface route remove eth0 default ff02::1 128 ::' failed with '400 64 Failed to remove route from default table (No such process)'11-16 10:41:15.942
I/EthernetDataTracker( 2015): clearStatelessAddresses:null11-16 10:41:15.942
V/Settings( 2015): get name: ethernet_ipv6_mode11-16 10:41:15.942
V/Settings( 2015): get name: ethernet_ipv6_mode11-16 10:41:15.942
D/EthernetService( 2015): getEthernetMode6(): dhcp11-16 10:41:15.942
V/Settings( 2015): get name: ethernet_ipv6_mode11-16 10:41:15.942
V/Settings( 2015): get name: ethernet_ipv6_mode11-16 10:41:15.942
V/Settings( 2015): get name: ethernet_ipv6_mode11-16 10:41:15.942
V/Settings( 2015): get name: ethernet_ipv6_mode11-16 10:41:15.942
D/EthernetService( 2015): getEthernetMode6(): dhcp11-16 10:41:15.942
V/Settings( 2015): get name: ethernet_ipv6_mode11-16 10:41:15.942
V/Settings( 2015): get name: ethernet_ipv6_mode11-16 10:41:15.943
W/ContextImpl( 2015): Calling a method in the system process without a qualified user: android.app.ContextImpl.sendStickyBroadcast:1389 android.net.EthernetDataTracker.postNotification:1494 android.net.EthernetDataTracker.stopIpv6:2642 com.android.server.EthernetService.connectIpv6:907 android.net.ethernet.IEthernetManager$Stub.onTransact:330 11-16 10:41:15.944
W/ContextImpl( 2015): Calling a method in the system process without a qualified user: android.app.ContextImpl.sendStickyBroadcast:1389 android.net.EthernetDataTracker.postNotification:1494 android.net.EthernetDataTracker.stopIpv6:2649 com.android.server.EthernetService.connectIpv6:907 android.net.ethernet.IEthernetManager$Stub.onTransact:330 11-16 10:41:15.945
I/EthernetDataTracker( 2015): updateLinkProperties Before remove, mLinkProperties:{InterfaceName: eth0 LinkAddresses: [192.168.1.9/24,]  Routes: [192.168.1.0/24 -> 0.0.0.0,0.0.0.0/0 -> 192.168.1.1,] DnsAddresses: [192.168.1.1,] Domains: nullMTU: 0}11-16 10:41:15.945
I/EthernetDataTracker( 2015): ipv4LastDns:[/192.168.1.1] ipv6LastDns:null11-16 10:41:15.945
I/EthernetDataTracker( 2015): updateLinkProperties remainLinkaddrs:[192.168.1.9/24]  remainRoutes:[192.168.1.0/24 -> 0.0.0.0, 0.0.0.0/0 -> 192.168.1.1] remainDnses:[/192.168.1.1]11-16 10:41:15.945
I/EthernetDataTracker( 2015): mLinkProperties.clear() in updateLinkProperties()11-16 10:41:15.945
I/EthernetDataTracker( 2015): updateLinkProperties After remove, mLinkProperties:{InterfaceName: eth0 LinkAddresses: [192.168.1.9/24,]  Routes: [192.168.1.0/24 -> 0.0.0.0,0.0.0.0/0 -> 192.168.1.1,] DnsAddresses: [192.168.1.1,] Domains: nullMTU: 0}11-16 10:41:15.946
V/Settings( 2015): get name: wifi_ethernet_coexist11-16 10:41:15.946
V/Settings( 2015): get name: wifi_ethernet_coexist11-16 10:41:15.946
D/EthernetService( 2015): checkPermission is true11-16 10:41:15.946
D/EthernetService( 2015): checkPermission is true11-16 10:41:15.946
I/EthernetService( 2015): persistIpv6nabled(boolean enabled) enabled:false11-16 10:41:15.946
V/Settings( 2015): put name: ipv6_on, value: 011-16 10:41:15.946
V/Settings( 2015): put name: ipv6_on, value: 011-16 10:41:15.946
D/EthernetService( 2015): getWifiEthernetCoexistState(): 111-16 10:41:15.946
V/Settings( 2015): get name: wifi_ethernet_coexist11-16 10:41:15.946
V/Settings( 2015): get name: wifi_ethernet_coexist11-16 10:41:15.946
V/Settings( 2015): get name: wifi_disguise11-16 10:41:15.946
V/Settings( 2015): get name: wifi_disguise11-16 10:41:15.946
D/EthernetService( 2015): getWifiDisguiseState: 011-16 10:41:15.946
V/Settings( 2015): get name: wifi_disguise11-16 10:41:15.946
V/Settings( 2015): get name: wifi_disguise11-16 10:41:15.947
V/Settings( 2015): get name: wifi_ethernet_coexist11-16 10:41:15.947
V/Settings( 2015): get name: wifi_ethernet_coexist11-16 10:41:15.947
D/EthernetService( 2015): getWifiEthernetCoexistState(): 111-16 10:41:15.947
V/Settings( 2015): get name: wifi_ethernet_coexist11-16 10:41:15.947
V/Settings( 2015): get name: wifi_ethernet_coexist11-16 10:41:15.947
V/Settings( 2015): get name: wifi_disguise11-16 10:41:15.947
V/Settings( 2015): get name: wifi_disguise11-16 10:41:15.947
D/EthernetService( 2015): getWifiDisguiseState: 011-16 10:41:15.947
V/Settings( 2015): get name: wifi_disguise11-16 10:41:15.947
V/Settings( 2015): get name: wifi_disguise11-16 10:41:15.947
V/Settings( 2015): get name: wifi_ethernet_coexist11-16 10:41:15.948
V/Settings( 2015): get name: wifi_ethernet_coexist11-16 10:41:15.948
D/EthernetService( 2015): getWifiEthernetCoexistState(): 111-16 10:41:15.948
V/Settings( 2015): get name: wifi_ethernet_coexist11-16 10:41:15.948
V/Settings( 2015): get name: wifi_ethernet_coexist11-16 10:41:15.948
E/ConnectivityService( 2015): handleDnsConfigurationChange: isDefaultDns = true11-16 10:41:15.953
V/Settings( 2015): get name: wifi_disguise11-16 10:41:15.953
V/Settings( 2015): get name: wifi_disguise11-16 10:41:15.953
D/EthernetService( 2015): getWifiDisguiseState: 011-16 10:41:15.953
V/Settings( 2015): get name: wifi_disguise11-16 10:41:15.953
V/Settings( 2015): get name: wifi_disguise11-16 10:41:15.953
E/ConnectivityService( 2015): updatedns, getDnsRemain: mNumDnsEntries = 111-16 10:41:15.954
V/Settings( 2015): get name: wifi_disguise11-16 10:41:15.954
V/Settings( 2015): get name: wifi_disguise11-16 10:41:15.954
D/EthernetService( 2015): getWifiDisguiseState: 011-16 10:41:15.954
V/Settings( 2015): get name: wifi_disguise11-16 10:41:15.954
V/Settings( 2015): get name: wifi_disguise11-16 10:41:15.957
V/Settings( 2015): get name: wifi_ethernet_coexist11-16 10:41:15.957
V/Settings( 2015): get name: wifi_ethernet_coexist11-16 10:41:15.957
D/EthernetService( 2015): getWifiEthernetCoexistState(): 111-16 10:41:15.957
V/Settings( 2015): get name: wifi_ethernet_coexist11-16 10:41:15.957
V/Settings( 2015): get name: wifi_ethernet_coexist11-16 10:41:15.957
