--------- beginning of /dev/log/system11-16 10:40:21.331
W/ContextImpl( 2326): Calling a method in the system process without a qualified user: android.app.ContextImpl.startService:1587 android.content.ContextWrapper.startService:494 com.iflytek.xiri.system.ControlService$6.run:369 java.util.concurrent.Executors$RunnableAdapter.call:422 java.util.concurrent.FutureTask.runAndReset:279 --------- beginning of /dev/log/main11-16 10:40:21.336
V/DemonService( 2628): action==com.iflytek.plugin.CALL11-16 10:40:21.702
D/pcapcmcc4( 1886): check_no_data_event end: 0!11-16 10:40:22.332
W/ContextImpl( 2326): Calling a method in the system process without a qualified user: android.app.ContextImpl.startService:1587 android.content.ContextWrapper.startService:494 com.iflytek.xiri.system.ControlService$6.run:369 java.util.concurrent.Executors$RunnableAdapter.call:422 java.util.concurrent.FutureTask.runAndReset:279 11-16 10:40:22.338
V/DemonService( 2628): action==com.iflytek.plugin.CALL11-16 10:40:22.762 I/SJ      ( 2364): [b$c]lifetimeQuery Binding Request sent.11-16 10:40:22.762 I/SJ      ( 2364): [b$c]lifetimeQuery receive before11-16 10:40:22.765 I/SJ      ( 2364): [b]receiverData receive11-16 10:40:22.766 I/SJ      ( 2364): [b]data[0]=111-16 10:40:22.766 I/SJ      ( 2364): [b]isStunResponse true11-16 10:40:22.767 I/SJ      ( 2364): [b$c]lifetimeQuery receive11-16 10:40:22.768 I/SJ      ( 2364): [b$c]lifetimeQuery mIsTimeout false11-16 10:40:22.768 I/SJ      ( 2364): [b$c]mMappedAddress is 100.65.97.90 3565511-16 10:40:22.770 D/SJ      ( 2364): [b]stunBind oldMappedAddress:Address 100.65.97.90, Port 35655 nowMappedAddress:Address 100.65.97.90, Port 3565511-16 10:40:22.770 D/SJ      ( 2364): [b]stunBind11-16 10:40:22.772 I/SJ      ( 2364): [a]getData Device.ManagementServer.UDPConnectionRequestAddress11-16 10:40:22.803 D/SJ      ( 2364): [b]save udpDataEntity:100.65.97.90:3565511-16 10:40:22.803 D/SJ      ( 2364): [b]StunEngine mProvince:basic11-16 10:40:22.804 I/SJ      ( 2364): [b$c]Binding Response received.11-16 10:40:22.804 I/SJ      ( 2364): [b$c]Lifetime update: 50.11-16 10:40:22.805 I/SJ      ( 2364): [b$c]Timer scheduled: 50.11-16 10:40:23.331
W/ContextImpl( 2326): Calling a method in the system process without a qualified user: android.app.ContextImpl.startService:1587 android.content.ContextWrapper.startService:494 com.iflytek.xiri.system.ControlService$6.run:369 java.util.concurrent.Executors$RunnableAdapter.call:422 java.util.concurrent.FutureTask.runAndReset:279 11-16 10:40:23.335
V/DemonService( 2628): action==com.iflytek.plugin.CALL11-16 10:40:24.330
W/ContextImpl( 2326): Calling a method in the system process without a qualified user: android.app.ContextImpl.startService:1587 android.content.ContextWrapper.startService:494 com.iflytek.xiri.system.ControlService$6.run:369 java.util.concurrent.Executors$RunnableAdapter.call:422 java.util.concurrent.FutureTask.runAndReset:279 11-16 10:40:24.335
V/DemonService( 2628): action==com.iflytek.plugin.CALL11-16 10:40:24.698
D/pcapcmcc4( 1886): check_no_data_event end: 0!11-16 10:40:25.331
W/ContextImpl( 2326): Calling a method in the system process without a qualified user: android.app.ContextImpl.startService:1587 android.content.ContextWrapper.startService:494 com.iflytek.xiri.system.ControlService$6.run:369 java.util.concurrent.Executors$RunnableAdapter.call:422 java.util.concurrent.FutureTask.runAndReset:279 11-16 10:40:25.336
V/DemonService( 2628): action==com.iflytek.plugin.CALL11-16 10:40:26.330
W/ContextImpl( 2326): Calling a method in the system process without a qualified user: android.app.ContextImpl.startService:1587 android.content.ContextWrapper.startService:494 com.iflytek.xiri.system.ControlService$6.run:369 java.util.concurrent.Executors$RunnableAdapter.call:422 java.util.concurrent.FutureTask.runAndReset:279 11-16 10:40:26.335
V/DemonService( 2628): action==com.iflytek.plugin.CALL11-16 10:40:27.331
W/ContextImpl( 2326): Calling a method in the system process without a qualified user: android.app.ContextImpl.startService:1587 android.content.ContextWrapper.startService:494 com.iflytek.xiri.system.ControlService$6.run:369 java.util.concurrent.Executors$RunnableAdapter.call:422 java.util.concurrent.FutureTask.runAndReset:279 11-16 10:40:27.336
V/DemonService( 2628): action==com.iflytek.plugin.CALL11-16 10:40:27.705
D/pcapcmcc4( 1886): check_no_data_event end: 0!11-16 10:40:28.331
W/ContextImpl( 2326): Calling a method in the system process without a qualified user: android.app.ContextImpl.startService:1587 android.content.ContextWrapper.startService:494 com.iflytek.xiri.system.ControlService$6.run:369 java.util.concurrent.Executors$RunnableAdapter.call:422 java.util.concurrent.FutureTask.runAndReset:279 11-16 10:40:28.335
V/DemonService( 2628): action==com.iflytek.plugin.CALL11-16 10:40:28.698
D/pcapcmcc4( 1886): capture param _chen2 = -109, 011-16 10:40:28.705
D/pcapcmcc4( 1886): clear_list_clear time(1637030428.705247) 	 sleep_count(40) 	 device name(eth0) 	 queue size(1) 	 tcp size(3) 	 unOrder size(0)11-16 10:40:28.705
D/pcapcmcc4( 1886): send_rtp_not_finish is_delete = 1, count = 0, all = 111-16 10:40:28.705
D/pcapcmcc4( 1886): send_ts_not_finish11-16 10:40:28.705
D/pcapcmcc4( 1886): send_ts_not_finish is_delete = 1, count = 0, all = 011-16 10:40:28.705
D/pcapcmcc4( 1886): send_dns_not_finish11-16 10:40:28.705
D/pcapcmcc4( 1886): send_dns_not_finish is_delete = 1, count = 0, all = 011-16 10:40:28.705
D/pcapcmcc4( 1886): clear_redirect_http_infos start11-16 10:40:28.705
D/pcapcmcc4( 1886): clear_redirect_http_infos count = 011-16 10:40:28.705
D/pcapcmcc4( 1886): clear_list_g_capture_packets_num = 165254, 0, 152248, ret = -997, sleep = 10598511-16 10:40:28.705
D/pcapcmcc4( 1886): malloc_size2: 0, 0, 0, 011-16 10:40:28.705
D/pcapcmcc4( 1886): clear_list end 11-16 10:40:29.331
W/ContextImpl( 2326): Calling a method in the system process without a qualified user: android.app.ContextImpl.startService:1587 android.content.ContextWrapper.startService:494 com.iflytek.xiri.system.ControlService$6.run:369 java.util.concurrent.Executors$RunnableAdapter.call:422 java.util.concurrent.FutureTask.runAndReset:279 11-16 10:40:29.335
V/DemonService( 2628): action==com.iflytek.plugin.CALL11-16 10:40:30.296
D/pcapcmcc4( 1886): monitor_valid_device_thread: 41, 600, 3855, 011-16 10:40:30.331
W/ContextImpl( 2326): Calling a method in the system process without a qualified user: android.app.ContextImpl.startService:1587 android.content.ContextWrapper.startService:494 com.iflytek.xiri.system.ControlService$6.run:369 java.util.concurrent.Executors$RunnableAdapter.call:422 java.util.concurrent.FutureTask.runAndReset:279 11-16 10:40:30.335
V/DemonService( 2628): action==com.iflytek.plugin.CALL11-16 10:40:30.364
D/pcapcmcc4( 1886): sleep_time_for_microsencond = 20000011-16 10:40:30.703
D/pcapcmcc4( 1886): check_no_data_event end: 0!11-16 10:40:31.331
W/ContextImpl( 2326): Calling a method in the system process without a qualified user: android.app.ContextImpl.startService:1587 android.content.ContextWrapper.startService:494 com.iflytek.xiri.system.ControlService$6.run:369 java.util.concurrent.Executors$RunnableAdapter.call:422 java.util.concurrent.FutureTask.runAndReset:279 11-16 10:40:31.335
V/DemonService( 2628): action==com.iflytek.plugin.CALL11-16 10:40:31.788 W/Netd    ( 1505): No subsystem found in netlink event11-16 10:40:32.331
W/ContextImpl( 2326): Calling a method in the system process without a qualified user: android.app.ContextImpl.startService:1587 android.content.ContextWrapper.startService:494 com.iflytek.xiri.system.ControlService$6.run:369 java.util.concurrent.Executors$RunnableAdapter.call:422 java.util.concurrent.FutureTask.runAndReset:279 11-16 10:40:32.335
V/DemonService( 2628): action==com.iflytek.plugin.CALL11-16 10:40:32.746 W/Netd    ( 1505): No subsystem found in netlink event11-16 10:40:32.746 W/Netd    ( 1505): No subsystem found in netlink event11-16 10:40:32.746 W/Netd    ( 1505): No subsystem found in netlink event11-16 10:40:32.746 W/Netd    ( 1505): No subsystem found in netlink event11-16 10:40:33.331
W/ContextImpl( 2326): Calling a method in the system process without a qualified user: android.app.ContextImpl.startService:1587 android.content.ContextWrapper.startService:494 com.iflytek.xiri.system.ControlService$6.run:369 java.util.concurrent.Executors$RunnableAdapter.call:422 java.util.concurrent.FutureTask.runAndReset:279 11-16 10:40:33.335
V/DemonService( 2628): action==com.iflytek.plugin.CALL11-16 10:40:33.700
D/pcapcmcc4( 1886): check_no_data_event end: 0!11-16 10:40:34.331
W/ContextImpl( 2326): Calling a method in the system process without a qualified user: android.app.ContextImpl.startService:1587 android.content.ContextWrapper.startService:494 com.iflytek.xiri.system.ControlService$6.run:369 java.util.concurrent.Executors$RunnableAdapter.call:422 java.util.concurrent.FutureTask.runAndReset:279 11-16 10:40:34.335
V/DemonService( 2628): action==com.iflytek.plugin.CALL11-16 10:40:35.331
W/ContextImpl( 2326): Calling a method in the system process without a qualified user: android.app.ContextImpl.startService:1587 android.content.ContextWrapper.startService:494 com.iflytek.xiri.system.ControlService$6.run:369 java.util.concurrent.Executors$RunnableAdapter.call:422 java.util.concurrent.FutureTask.runAndReset:279 11-16 10:40:35.335
V/DemonService( 2628): action==com.iflytek.plugin.CALL11-16 10:40:36.331
W/ContextImpl( 2326): Calling a method in the system process without a qualified user: android.app.ContextImpl.startService:1587 android.content.ContextWrapper.startService:494 com.iflytek.xiri.system.ControlService$6.run:369 java.util.concurrent.Executors$RunnableAdapter.call:422 java.util.concurrent.FutureTask.runAndReset:279 11-16 10:40:36.336
V/DemonService( 2628): action==com.iflytek.plugin.CALL11-16 10:40:36.706
D/pcapcmcc4( 1886): check_no_data_event end: 0!11-16 10:40:37.333
W/ContextImpl( 2326): Calling a method in the system process without a qualified user: android.app.ContextImpl.startService:1587 android.content.ContextWrapper.startService:494 com.iflytek.xiri.system.ControlService$6.run:369 java.util.concurrent.Executors$RunnableAdapter.call:422 java.util.concurrent.FutureTask.runAndReset:279 11-16 10:40:37.337
V/DemonService( 2628): action==com.iflytek.plugin.CALL11-16 10:40:38.333
W/ContextImpl( 2326): Calling a method in the system process without a qualified user: android.app.ContextImpl.startService:1587 android.content.ContextWrapper.startService:494 com.iflytek.xiri.system.ControlService$6.run:369 java.util.concurrent.Executors$RunnableAdapter.call:422 java.util.concurrent.FutureTask.runAndReset:279 11-16 10:40:38.337
V/DemonService( 2628): action==com.iflytek.plugin.CALL11-16 10:40:38.699
D/pcapcmcc4( 1886): capture param _chen2 = -110, 011-16 10:40:38.705
D/pcapcmcc4( 1886): clear_list_clear time(1637030438.705631) 	 sleep_count(41) 	 device name(eth0) 	 queue size(0) 	 tcp size(3) 	 unOrder size(0)11-16 10:40:38.705
D/pcapcmcc4( 1886): send_rtp_not_finish is_delete = 1, count = 0, all = 111-16 10:40:38.705
D/pcapcmcc4( 1886): send_ts_not_finish11-16 10:40:38.705
D/pcapcmcc4( 1886): send_ts_not_finish is_delete = 1, count = 0, all = 011-16 10:40:38.705
D/pcapcmcc4( 1886): send_dns_not_finish11-16 10:40:38.705
D/pcapcmcc4( 1886): send_dns_not_finish is_delete = 1, count = 0, all = 011-16 10:40:38.705
D/pcapcmcc4( 1886): clear_redirect_http_infos start11-16 10:40:38.705
D/pcapcmcc4( 1886): clear_redirect_http_infos count = 011-16 10:40:38.705
D/pcapcmcc4( 1886): clear_list_g_capture_packets_num = 165482, 0, 152309, ret = -997, sleep = 10697611-16 10:40:38.705
D/pcapcmcc4( 1886): malloc_size2: 0, 0, 0, 011-16 10:40:38.705
D/pcapcmcc4( 1886): clear_list end 11-16 10:40:39.333
W/ContextImpl( 2326): Calling a method in the system process without a qualified user: android.app.ContextImpl.startService:1587 android.content.ContextWrapper.startService:494 com.iflytek.xiri.system.ControlService$6.run:369 java.util.concurrent.Executors$RunnableAdapter.call:422 java.util.concurrent.FutureTask.runAndReset:279 11-16 10:40:39.338
V/DemonService( 2628): action==com.iflytek.plugin.CALL11-16 10:40:39.704
D/pcapcmcc4( 1886): check_no_data_event end: 0!11-16 10:40:40.333
W/ContextImpl( 2326): Calling a method in the system process without a qualified user: android.app.ContextImpl.startService:1587 android.content.ContextWrapper.startService:494 com.iflytek.xiri.system.ControlService$6.run:369 java.util.concurrent.Executors$RunnableAdapter.call:422 java.util.concurrent.FutureTask.runAndReset:279 11-16 10:40:40.337
V/DemonService( 2628): action==com.iflytek.plugin.CALL11-16 10:40:40.364
D/pcapcmcc4( 1886): monitor_valid_device_thread: 42, 600, 3855, 011-16 10:40:40.426
D/pcapcmcc4( 1886): sleep_time_for_microsencond = 20000011-16 10:40:41.364
D/dalvikvm( 2326): GC_FOR_ALLOC freed 757K, 44% free 2798K/4952K, paused 32ms, total 32ms11-16 10:40:41.364
W/ContextImpl( 2326): Calling a method in the system process without a qualified user: android.app.ContextImpl.startService:1587 android.content.ContextWrapper.startService:494 com.iflytek.xiri.system.ControlService$6.run:369 java.util.concurrent.Executors$RunnableAdapter.call:422 java.util.concurrent.FutureTask.runAndReset:279 11-16 10:40:41.369
V/DemonService( 2628): action==com.iflytek.plugin.CALL11-16 10:40:42.331
W/ContextImpl( 2326): Calling a method in the system process without a qualified user: android.app.ContextImpl.startService:1587 android.content.ContextWrapper.startService:494 com.iflytek.xiri.system.ControlService$6.run:369 java.util.concurrent.Executors$RunnableAdapter.call:422 java.util.concurrent.FutureTask.runAndReset:279 11-16 10:40:42.336
V/DemonService( 2628): action==com.iflytek.plugin.CALL11-16 10:40:42.702
D/pcapcmcc4( 1886): check_no_data_event end: 0!11-16 10:40:43.331
W/ContextImpl( 2326): Calling a method in the system process without a qualified user: android.app.ContextImpl.startService:1587 android.content.ContextWrapper.startService:494 com.iflytek.xiri.system.ControlService$6.run:369 java.util.concurrent.Executors$RunnableAdapter.call:422 java.util.concurrent.FutureTask.runAndReset:279 11-16 10:40:43.335
V/DemonService( 2628): action==com.iflytek.plugin.CALL11-16 10:40:44.331
W/ContextImpl( 2326): Calling a method in the system process without a qualified user: android.app.ContextImpl.startService:1587 android.content.ContextWrapper.startService:494 com.iflytek.xiri.system.ControlService$6.run:369 java.util.concurrent.Executors$RunnableAdapter.call:422 java.util.concurrent.FutureTask.runAndReset:279 11-16 10:40:44.335
V/DemonService( 2628): action==com.iflytek.plugin.CALL11-16 10:40:45.331
W/ContextImpl( 2326): Calling a method in the system process without a qualified user: android.app.ContextImpl.startService:1587 android.content.ContextWrapper.startService:494 com.iflytek.xiri.system.ControlService$6.run:369 java.util.concurrent.Executors$RunnableAdapter.call:422 java.util.concurrent.FutureTask.runAndReset:279 11-16 10:40:45.336
V/DemonService( 2628): action==com.iflytek.plugin.CALL11-16 10:40:45.708
D/pcapcmcc4( 1886): check_no_data_event end: 0!11-16 10:40:46.331
W/ContextImpl( 2326): Calling a method in the system process without a qualified user: android.app.ContextImpl.startService:1587 android.content.ContextWrapper.startService:494 com.iflytek.xiri.system.ControlService$6.run:369 java.util.concurrent.Executors$RunnableAdapter.call:422 java.util.concurrent.FutureTask.runAndReset:279 11-16 10:40:46.335
V/DemonService( 2628): action==com.iflytek.plugin.CALL11-16 10:40:46.408
D/SystemXiri( 2326): 监测次数：211-16 10:40:47.332
W/ContextImpl( 2326): Calling a method in the system process without a qualified user: android.app.ContextImpl.startService:1587 android.content.ContextWrapper.startService:494 com.iflytek.xiri.system.ControlService$6.run:369 java.util.concurrent.Executors$RunnableAdapter.call:422 java.util.concurrent.FutureTask.runAndReset:279 11-16 10:40:47.337
V/DemonService( 2628): action==com.iflytek.plugin.CALL11-16 10:40:48.332
W/ContextImpl( 2326): Calling a method in the system process without a qualified user: android.app.ContextImpl.startService:1587 android.content.ContextWrapper.startService:494 com.iflytek.xiri.system.ControlService$6.run:369 java.util.concurrent.Executors$RunnableAdapter.call:422 java.util.concurrent.FutureTask.runAndReset:279 11-16 10:40:48.337
V/DemonService( 2628): action==com.iflytek.plugin.CALL11-16 10:40:48.700
D/pcapcmcc4( 1886): capture param _chen2 = -111, 011-16 10:40:48.705
D/pcapcmcc4( 1886): clear_list_clear time(1637030448.705502) 	 sleep_count(42) 	 device name(eth0) 	 queue size(0) 	 tcp size(3) 	 unOrder size(0)11-16 10:40:48.705
D/pcapcmcc4( 1886): send_rtp_not_finish is_delete = 1, count = 0, all = 111-16 10:40:48.705
D/pcapcmcc4( 1886): send_ts_not_finish11-16 10:40:48.705
D/pcapcmcc4( 1886): send_ts_not_finish is_delete = 1, count = 0, all = 011-16 10:40:48.705
D/pcapcmcc4( 1886): send_dns_not_finish11-16 10:40:48.705
D/pcapcmcc4( 1886): send_dns_not_finish is_delete = 1, count = 0, all = 011-16 10:40:48.705
D/pcapcmcc4( 1886): clear_redirect_http_infos start11-16 10:40:48.705
D/pcapcmcc4( 1886): clear_redirect_http_infos count = 011-16 10:40:48.705
D/pcapcmcc4( 1886): clear_list_g_capture_packets_num = 165707, 0, 152368, ret = -997, sleep = 10796711-16 10:40:48.705
D/pcapcmcc4( 1886): malloc_size2: 0, 0, 0, 011-16 10:40:48.705
D/pcapcmcc4( 1886): add_tcp_info start2: 0, 38855, 1, 0, 0, 0!11-16 10:40:48.705
D/pcapcmcc4( 1886): add_tcp_info 1: 38855!11-16 10:40:48.705
D/pcapcmcc4( 1886): get_tcp_infos start:!11-16 10:40:48.705
D/pcapcmcc4( 1886): get_tcp_infos end!11-16 10:40:48.705
D/pcapcmcc4( 1886): log: 2, POOLDATA@1@61270#16753#478#1368#3#111.28.3.51,1,1,3,4,1,770,403#192.168.1.9,0,0,0,262,0,11207,58462#2409:8087:5e01:44::14,1,0,0,0,0,94,0#, 11-16 10:40:48.706
D/pcapcmcc4( 1886): pthread_mutex_trylock start11-16 10:40:48.706
D/pcapcmcc4( 1886): remove (-997) TCP setup error tcp node 11-16 10:40:48.706
D/pcapcmcc4( 1886): clear_list end 11-16 10:40:48.706
D/pcapcmcc4( 1886): check_no_data_event end: 0!11-16 10:40:49.331
W/ContextImpl( 2326): Calling a method in the system process without a qualified user: android.app.ContextImpl.startService:1587 android.content.ContextWrapper.startService:494 com.iflytek.xiri.system.ControlService$6.run:369 java.util.concurrent.Executors$RunnableAdapter.call:422 java.util.concurrent.FutureTask.runAndReset:279 11-16 10:40:49.335
V/DemonService( 2628): action==com.iflytek.plugin.CALL11-16 10:40:49.721 D/OnlineSdk(1.3.3)「YstLogNet」( 2744): cacheLog() 「 ThreadName --> RxCachedThreadScheduler-6」11-16 10:40:50.330
W/ContextImpl( 2326): Calling a method in the system process without a qualified user: android.app.ContextImpl.startService:1587 android.content.ContextWrapper.startService:494 com.iflytek.xiri.system.ControlService$6.run:369 java.util.concurrent.Executors$RunnableAdapter.call:422 java.util.concurrent.FutureTask.runAndReset:279 11-16 10:40:50.335
V/DemonService( 2628): action==com.iflytek.plugin.CALL11-16 10:40:50.426
D/pcapcmcc4( 1886): monitor_valid_device_thread: 43, 600, 3855, 011-16 10:40:50.485
D/pcapcmcc4( 1886): sleep_time_for_microsencond = 20000011-16 10:40:51.331
W/ContextImpl( 2326): Calling a method in the system process without a qualified user: android.app.ContextImpl.startService:1587 android.content.ContextWrapper.startService:494 com.iflytek.xiri.system.ControlService$6.run:369 java.util.concurrent.Executors$RunnableAdapter.call:422 java.util.concurrent.FutureTask.runAndReset:279 11-16 10:40:51.337
V/DemonService( 2628): action==com.iflytek.plugin.CALL11-16 10:40:51.702
D/pcapcmcc4( 1886): check_no_data_event end: 0!11-16 10:40:52.331
W/ContextImpl( 2326): Calling a method in the system process without a qualified user: android.app.ContextImpl.startService:1587 android.content.ContextWrapper.startService:494 com.iflytek.xiri.system.ControlService$6.run:369 java.util.concurrent.Executors$RunnableAdapter.call:422 java.util.concurrent.FutureTask.runAndReset:279 11-16 10:40:52.336
V/DemonService( 2628): action==com.iflytek.plugin.CALL11-16 10:40:53.330
W/ContextImpl( 2326): Calling a method in the system process without a qualified user: android.app.ContextImpl.startService:1587 android.content.ContextWrapper.startService:494 com.iflytek.xiri.system.ControlService$6.run:369 java.util.concurrent.Executors$RunnableAdapter.call:422 java.util.concurrent.FutureTask.runAndReset:279 11-16 10:40:53.335
V/DemonService( 2628): action==com.iflytek.plugin.CALL11-16 10:40:54.331
W/ContextImpl( 2326): Calling a method in the system process without a qualified user: android.app.ContextImpl.startService:1587 android.content.ContextWrapper.startService:494 com.iflytek.xiri.system.ControlService$6.run:369 java.util.concurrent.Executors$RunnableAdapter.call:422 java.util.concurrent.FutureTask.runAndReset:279 11-16 10:40:54.335
V/DemonService( 2628): action==com.iflytek.plugin.CALL11-16 10:40:54.658
D/pcapcmcc4( 1886): send_tcp_data_to_server_new: 011-16 10:40:54.659
D/pcapcmcc4( 1886): --- Send session --- Addr(1, 192.168.1.8 ~ 192.168.1.9) 11-16 10:40:54.659
D/pcapcmcc4( 1886):  	 HTTPDATA:192.168.1.8#39944#192.168.1.9#59936#900789#900789#900789#1100921#900789#900920#1100921#523#4#0#6917#7445#8#0#192.168.1.9#/upnp/dev/ce31b5ef78decf4a574bdac9bc44afde/svc/upnp-org/RenderingControl/desc#200#12#0#0#0#111872#103232#94464#0#0#0#1#11-16 10:40:54.659
D/pcapcmcc4( 1886): 11-16 10:40:54.709
D/pcapcmcc4( 1886): check_no_data_event end: 0!11-16 10:40:55.331
W/ContextImpl( 2326): Calling a method in the system process without a qualified user: android.app.ContextImpl.startService:1587 android.content.ContextWrapper.startService:494 com.iflytek.xiri.system.ControlService$6.run:369 java.util.concurrent.Executors$RunnableAdapter.call:422 java.util.concurrent.FutureTask.runAndReset:279 11-16 10:40:55.335
V/DemonService( 2628): action==com.iflytek.plugin.CALL11-16 10:40:56.331
W/ContextImpl( 2326): Calling a method in the system process without a qualified user: android.app.ContextImpl.startService:1587 android.content.ContextWrapper.startService:494 com.iflytek.xiri.system.ControlService$6.run:369 java.util.concurrent.Executors$RunnableAdapter.call:422 java.util.concurrent.FutureTask.runAndReset:279 11-16 10:40:56.335
V/DemonService( 2628): action==com.iflytek.plugin.CALL11-16 10:40:57.330
W/ContextImpl( 2326): Calling a method in the system process without a qualified user: android.app.ContextImpl.startService:1587 android.content.ContextWrapper.startService:494 com.iflytek.xiri.system.ControlService$6.run:369 java.util.concurrent.Executors$RunnableAdapter.call:422 java.util.concurrent.FutureTask.runAndReset:279 11-16 10:40:57.335
V/DemonService( 2628): action==com.iflytek.plugin.CALL11-16 10:40:57.706
D/pcapcmcc4( 1886): check_no_data_event end: 0!11-16 10:40:57.748 W/Netd    ( 1505): No subsystem found in netlink event11-16 10:40:57.749 D/Netd    ( 1505): route_priority=eth11-16 10:40:57.749 E/Netd    ( 1505): increaseEthRoutePriorityV6: route = default, gateway = fe80::1, iface = eth0, priority = 1024, metric = 12811-16 10:40:57.750
V/Settings( 2015): get name: ethernet_ipv6_mode11-16 10:40:57.750
V/Settings( 2015): get name: ethernet_ipv6_mode11-16 10:40:57.750
D/EthernetService( 2015): getEthernetMode6(): stateless11-16 10:40:57.750
V/Settings( 2015): get name: ethernet_ipv6_mode11-16 10:40:57.751
V/Settings( 2015): get name: ethernet_ipv6_mode11-16 10:40:57.751
D/EthernetDataTracker( 2015): -----------iface: eth0, moflags=: 176, currentIpv6Mode = stateless11-16 10:40:57.751
D/EthernetDataTracker( 2015): moflags: M = 0, O = 12811-16 10:40:57.751
V/Settings( 2015): get name: ethernet_ipv6_mo_valid11-16 10:40:57.751
V/Settings( 2015): get name: ethernet_ipv6_mo_valid11-16 10:40:57.751
D/EthernetService( 2015): getIpv6MOAutoState(): 111-16 10:40:57.751
V/Settings( 2015): get name: ethernet_ipv6_mo_valid11-16 10:40:57.752
V/Settings( 2015): get name: ethernet_ipv6_mo_valid11-16 10:40:57.752
D/EthernetDataTracker( 2015): moflags=already in stateless, return...11-16 10:40:57.752
D/WifiStateMachine( 2015): iface: eth0,moflags=: 17611-16 10:40:57.752
D/WifiStateMachine( 2015): not in ipv6 auto mode, ignore moFlagChanged11-16 10:40:57.766 D/Netd    ( 1505): route_priority=eth11-16 10:40:57.766 E/Netd    ( 1505): increaseEthRoutePriorityV6: route = 2409:8a5e:a049:7e10::/64, gateway = , iface = eth0, priority = 256, metric = 12811-16 10:40:57.782 D/Netd    ( 1505): route_priority=eth11-16 10:40:57.782 D/Netd    ( 1505): route_priority=eth11-16 10:40:57.785
D/EthernetDataTracker( 2015): -----------ifcae: eth0 addressupdate address: 2409:8a5e:a049:7e10:b660:77ff:fe21:b903/64 flags = 011-16 10:40:57.785
D/EthernetDataTracker( 2015): ipv6AddrsUpdate add address: 2409:8a5e:a049:7e10:b660:77ff:fe21:b903/6411-16 10:40:57.785
V/Settings( 2015): get name: ethernet_ipv6_mode11-16 10:40:57.785
V/Settings( 2015): get name: ethernet_ipv6_mode11-16 10:40:57.785
D/EthernetService( 2015): getEthernetMode6(): stateless11-16 10:40:57.785
V/Settings( 2015): get name: ethernet_ipv6_mode11-16 10:40:57.785
V/Settings( 2015): get name: ethernet_ipv6_mode11-16 10:40:58.331
W/ContextImpl( 2326): Calling a method in the system process without a qualified user: android.app.ContextImpl.startService:1587 android.content.ContextWrapper.startService:494 com.iflytek.xiri.system.ControlService$6.run:369 java.util.concurrent.Executors$RunnableAdapter.call:422 java.util.concurrent.FutureTask.runAndReset:279 11-16 10:40:58.335
V/DemonService( 2628): action==com.iflytek.plugin.CALL11-16 10:40:58.701
D/pcapcmcc4( 1886): capture param _chen2 = -112, 011-16 10:40:58.705
D/pcapcmcc4( 1886): clear_list_clear time(1637030458.705867) 	 sleep_count(43) 	 device name(eth0) 	 queue size(0) 	 tcp size(3) 	 unOrder size(0)11-16 10:40:58.705
D/pcapcmcc4( 1886): send_rtp_not_finish is_delete = 1, count = 0, all = 111-16 10:40:58.705
D/pcapcmcc4( 1886): send_ts_not_finish11-16 10:40:58.705
D/pcapcmcc4( 1886): send_ts_not_finish is_delete = 1, count = 0, all = 011-16 10:40:58.705
D/pcapcmcc4( 1886): send_dns_not_finish11-16 10:40:58.705
D/pcapcmcc4( 1886): send_dns_not_finish is_delete = 1, count = 0, all = 011-16 10:40:58.705
D/pcapcmcc4( 1886): clear_redirect_http_infos start11-16 10:40:58.705
D/pcapcmcc4( 1886): clear_redirect_http_infos count = 011-16 10:40:58.705
D/pcapcmcc4( 1886): clear_list_g_capture_packets_num = 165956, 0, 152454, ret = -997, sleep = 10895811-16 10:40:58.705
D/pcapcmcc4( 1886): malloc_size2: 0, 0, 0, 011-16 10:40:58.705
D/pcapcmcc4( 1886): clear_list end 11-16 10:40:59.331
W/ContextImpl( 2326): Calling a method in the system process without a qualified user: android.app.ContextImpl.startService:1587 android.content.ContextWrapper.startService:494 com.iflytek.xiri.system.ControlService$6.run:369 java.util.concurrent.Executors$RunnableAdapter.call:422 java.util.concurrent.FutureTask.runAndReset:279 11-16 10:40:59.335
V/DemonService( 2628): action==com.iflytek.plugin.CALL11-16 10:41:00.331
W/ContextImpl( 2326): Calling a method in the system process without a qualified user: android.app.ContextImpl.startService:1587 android.content.ContextWrapper.startService:494 com.iflytek.xiri.system.ControlService$6.run:369 java.util.concurrent.Executors$RunnableAdapter.call:422 java.util.concurrent.FutureTask.runAndReset:279 11-16 10:41:00.335
V/DemonService( 2628): action==com.iflytek.plugin.CALL11-16 10:41:00.485
D/pcapcmcc4( 1886): monitor_valid_device_thread: 44, 600, 3855, 011-16 10:41:00.553
D/pcapcmcc4( 1886): sleep_time_for_microsencond = 20000011-16 10:41:00.703
D/pcapcmcc4( 1886): check_no_data_event end: 0!11-16 10:41:01.331
W/ContextImpl( 2326): Calling a method in the system process without a qualified user: android.app.ContextImpl.startService:1587 android.content.ContextWrapper.startService:494 com.iflytek.xiri.system.ControlService$6.run:369 java.util.concurrent.Executors$RunnableAdapter.call:422 java.util.concurrent.FutureTask.runAndReset:279 11-16 10:41:01.335
V/DemonService( 2628): action==com.iflytek.plugin.CALL11-16 10:41:02.331
W/ContextImpl( 2326): Calling a method in the system process without a qualified user: android.app.ContextImpl.startService:1587 android.content.ContextWrapper.startService:494 com.iflytek.xiri.system.ControlService$6.run:369 java.util.concurrent.Executors$RunnableAdapter.call:422 java.util.concurrent.FutureTask.runAndReset:279 11-16 10:41:02.336
V/DemonService( 2628): action==com.iflytek.plugin.CALL11-16 10:41:02.910
D/pcapcmcc4( 1886): udp_num = 163, 200011-16 10:41:03.331
W/ContextImpl( 2326): Calling a method in the system process without a qualified user: android.app.ContextImpl.startService:1587 android.content.ContextWrapper.startService:494 com.iflytek.xiri.system.ControlService$6.run:369 java.util.concurrent.Executors$RunnableAdapter.call:422 java.util.concurrent.FutureTask.runAndReset:279 11-16 10:41:03.335
V/DemonService( 2628): action==com.iflytek.plugin.CALL11-16 10:41:03.711
D/pcapcmcc4( 1886): check_no_data_event end: 0!11-16 10:41:04.331
W/ContextImpl( 2326): Calling a method in the system process without a qualified user: android.app.ContextImpl.startService:1587 android.content.ContextWrapper.startService:494 com.iflytek.xiri.system.ControlService$6.run:369 java.util.concurrent.Executors$RunnableAdapter.call:422 java.util.concurrent.FutureTask.runAndReset:279 11-16 10:41:04.335
V/DemonService( 2628): action==com.iflytek.plugin.CALL11-16 10:41:04.377
D/XIRI_driver( 1715): send to xiri: {"cmd":"key","event":1,"keycode":28,"pid":1,"vid":1,"devnum":0}11-16 10:41:04.377
D/WindowManager( 2015): interceptKeyTq keycode=23 screenIsOn=true keyguardActive=false policyFlags=2000000 isWakeKey=false11-16 10:41:04.377
D/WindowManager( 2015): FocusedWindow Package:com.changhong.settings11-16 10:41:04.377
D/Device@XIRI_driver( 2628): 1112005432, Read out cmd : [{"cmd":"key","event":1,"keycode":28,"pid":1,"vid":1,"devnum":0}]11-16 10:41:04.378
D/Device@XIRI_driver( 2628): send key : [28 , 1]  [0]11-16 10:41:04.379
D/WindowManager( 2015): interceptKeyTi keyCode=23 down=true repeatCount=0 keyguardOn=false mHomePressed=false canceled=false11-16 10:41:04.381
D/realboot_track( 2628): operate:thirdKey11-16 10:41:04.575
D/XIRI_driver( 1715): send to xiri: {"cmd":"key","event":0,"keycode":28,"pid":1,"vid":1,"devnum":0}11-16 10:41:04.575
D/WindowManager( 2015): interceptKeyTq keycode=23 screenIsOn=true keyguardActive=false policyFlags=2000000 isWakeKey=false11-16 10:41:04.575
D/Device@XIRI_driver( 2628): 1112005432, Read out cmd : [{"cmd":"key","event":0,"keycode":28,"pid":1,"vid":1,"devnum":0}]11-16 10:41:04.576
D/WindowManager( 2015): interceptKeyTi keyCode=23 down=false repeatCount=0 keyguardOn=false mHomePressed=false canceled=false11-16 10:41:04.576
D/Device@XIRI_driver( 2628): send key : [28 , 0]  [0]11-16 10:41:04.577
D/realboot_track( 2628): operate:thirdKey11-16 10:41:04.579
D/OpPushV_BE( 2628): eventType==1411-16 10:41:04.579
D/OpPush_TriggerEvent( 2628): eventType:1411-16 10:41:04.580
D/OpPush_KeyCount( 2628): 保存此次按键时间163703046339911-16 10:41:04.580
D/OpPush_KeyCount( 2628): onfactor third key11-16 10:41:04.584
I/ActivityManager( 2015): START u0 {cmp=com.changhong.settings/.NetSettingActivity} from pid 379811-16 10:41:04.587
D/AudioPolicyManagerBase( 1510): startOutput() output 3, stream 1, session 1711-16 10:41:04.587
D/AudioPolicyManagerBase( 1510): startoutput ->setOutputDevice11-16 10:41:04.587
D/AudioPolicyManagerBase( 1510): AudioPolicyManagerBase::checkAndSetVolume 0,0.00000011-16 10:41:04.593
W/ContextImpl( 3798): Calling a method in the system process without a qualified user: android.app.ContextImpl.sendBroadcast:1231 android.content.ContextWrapper.sendBroadcast:365 android.app.ActivityThread.performPauseActivity:3070 android.app.ActivityThread.performPauseActivity:3028 android.app.ActivityThread.handlePauseActivity:3006 11-16 10:41:04.598
D/ActivityStateReceiver( 2316): state :pause currentActivity :com.changhong.settings.Settings currentProcess :com.changhong.settings11-16 10:41:04.598
E/HiSysManagerService( 1515): checkPermission is true.11-16 10:41:04.646
D/dalvikvm( 3798): GC_FOR_ALLOC freed 41K, 16% free 7091K/8400K, paused 13ms, total 13ms11-16 10:41:04.722
V/Settings( 3798): get name: cmcc_wifi_disabled11-16 10:41:04.722
V/Settings( 3798): get name: cmcc_wifi_disabled11-16 10:41:04.727
I/ty_NetworkActivity( 3798): -------- getEthStack --------11-16 10:41:04.728
V/Settings( 2015): get name: ipv6_on11-16 10:41:04.728
V/Settings( 2015): get name: ipv6_on11-16 10:41:04.728
D/EthernetService( 2015): getIpv6PersistedState() IPV6_ON:111-16 10:41:04.728
V/Settings( 2015): get name: ipv6_on11-16 10:41:04.728
V/Settings( 2015): get name: ipv6_on11-16 10:41:04.728
V/Settings( 2015): get name: ipv4_on11-16 10:41:04.728
V/Settings( 2015): get name: ipv4_on11-16 10:41:04.729
D/EthernetService( 2015): getIpv4PersistedState() IPV4_ON:111-16 10:41:04.729
V/Settings( 2015): get name: ipv4_on11-16 10:41:04.729
V/Settings( 2015): get name: ipv4_on11-16 10:41:04.730
V/Settings( 2015): get name: ipv6_on11-16 10:41:04.730
V/Settings( 2015): get name: ipv6_on11-16 10:41:04.730
D/EthernetService( 2015): getIpv6PersistedState() IPV6_ON:111-16 10:41:04.731
V/Settings( 2015): get name: ipv6_on11-16 10:41:04.731
V/Settings( 2015): get name: ipv6_on11-16 10:41:04.731
E/NetSettingActivity( 3798): mEthManageripv6: true11-16 10:41:04.732
V/Settings( 2015): get name: ipv4_on11-16 10:41:04.732
V/Settings( 2015): get name: ipv4_on11-16 10:41:04.733
D/EthernetService( 2015): getIpv4PersistedState() IPV4_ON:111-16 10:41:04.733
V/Settings( 2015): get name: ipv4_on11-16 10:41:04.733
V/Settings( 2015): get name: ipv4_on11-16 10:41:04.734
E/NetSettingActivity( 3798): mEthManageripv4: true11-16 10:41:04.734
V/Settings( 2015): get name: ipv6_on11-16 10:41:04.734
V/Settings( 2015): get name: ipv6_on11-16 10:41:04.735
D/EthernetService( 2015): getIpv6PersistedState() IPV6_ON:111-16 10:41:04.735
V/Settings( 2015): get name: ipv6_on11-16 10:41:04.735
V/Settings( 2015): get name: ipv6_on11-16 10:41:04.736
V/Settings( 2015): get name: ipv4_on11-16 10:41:04.736
V/Settings( 2015): get name: ipv4_on11-16 10:41:04.737
D/EthernetService( 2015): getIpv4PersistedState() IPV4_ON:111-16 10:41:04.737
V/Settings( 2015): get name: ipv4_on11-16 10:41:04.737
V/Settings( 2015): get name: ipv4_on11-16 10:41:04.738
E/NetSettingActivity( 3798): onCreate: 111-16 10:41:04.739
V/Settings( 3798): get name: default_network_priority11-16 10:41:04.739
V/Settings( 3798): get name: default_network_priority11-16 10:41:04.741
W/ContextImpl( 3798): Calling a method in the system process without a qualified user: android.app.ContextImpl.sendBroadcast:1231 android.content.ContextWrapper.sendBroadcast:365 android.app.ActivityThread.performResumeActivity:2790 android.app.ActivityThread.handleResumeActivity:2828 android.app.ActivityThread.handleLaunchActivity:2251 11-16 10:41:04.743 I/        ( 1517): transcode 39 flags 1611-16 10:41:04.746
D/ActivityStateReceiver( 2316): state :resume currentActivity :com.changhong.settings.NetSettingActivity currentProcess :com.changhong.settings11-16 10:41:04.746
E/HiSysManagerService( 1515): checkPermission is true.11-16 10:41:04.747
E/ViewRootImpl( 3798): 20170727 enable acc for view = com.changhong.settings/com.changhong.settings.NetSettingActivity11-16 10:41:04.771 I/        ( 1517): transcode 39 flags 1611-16 10:41:04.805
I/ActivityManager( 2015): Displayed com.changhong.settings/.NetSettingActivity: +204ms11-16 10:41:04.831 I/        ( 1517): transcode 39 flags 1611-16 10:41:05.326
W/ContextImpl( 2326): Calling a method in the system process without a qualified user: android.app.ContextImpl.startService:1587 android.content.ContextWrapper.startService:494 com.iflytek.xiri.system.ControlService$6.run:369 java.util.concurrent.Executors$RunnableAdapter.call:422 java.util.concurrent.FutureTask.runAndReset:279 11-16 10:41:05.330
V/DemonService( 2628): action==com.iflytek.plugin.CALL11-16 10:41:05.330
D/TopActivityUtil( 2628): system com.changhong.settings/com.changhong.settings.NetSettingActivity11-16 10:41:05.330
D/realboot_track( 2628): operate:pageChange11-16 10:41:05.332
D/OpPush--PageTool( 2628): 页面信息（ActivityInfo）：com.changhong.settings---com.changhong.settings.NetSettingActivity  pageName:com.changhong.settings.NetSettingActivity11-16 10:41:05.332
D/OpPush--PageTool( 2628): 页面发生变化：PageEvent{pageSpace='com.changhong.settings', pageName='com.changhong.settings.NetSettingActivity', resource='null'}11-16 10:41:05.332
D/OpPush--PageTool( 2628): 当前页面是否相同：false11-16 10:41:05.333
D/OpPush--PageTool( 2628): currentPage==PageEvent{pageSpace='com.changhong.settings', pageName='com.changhong.settings.Settings', resource=''}11-16 10:41:05.333
D/OpPush--PageTool( 2628): currentPage==PageEvent{pageSpace='com.changhong.settings', pageName='com.changhong.settings.NetSettingActivity', resource='null'}11-16 10:41:05.854
D/XIRI_driver( 1715): send to xiri: {"cmd":"key","event":1,"keycode":108,"pid":1,"vid":1,"devnum":0}11-16 10:41:05.854
D/WindowManager( 2015): interceptKeyTq keycode=20 screenIsOn=true keyguardActive=false policyFlags=2000000 isWakeKey=false11-16 10:41:05.854
D/Device@XIRI_driver( 2628): 1112005432, Read out cmd : [{"cmd":"key","event":1,"keycode":108,"pid":1,"vid":1,"devnum":0}]11-16 10:41:05.854
D/Device@XIRI_driver( 2628): send key : [108 , 1]  [0]11-16 10:41:05.855
D/WindowManager( 2015): FocusedWindow Package:com.changhong.settings11-16 10:41:05.856
D/realboot_track( 2628): operate:thirdKey11-16 10:41:05.859
D/WindowManager( 2015): interceptKeyTi keyCode=20 down=true repeatCount=0 keyguardOn=false mHomePressed=false canceled=false11-16 10:41:05.861 W/View    ( 3798): couldn't find view with id 213123123011-16 10:41:05.865
D/AudioPolicyManagerBase( 1510): startOutput() output 3, stream 1, session 1811-16 10:41:05.865
D/AudioPolicyManagerBase( 1510): startoutput ->setOutputDevice11-16 10:41:05.865
D/AudioPolicyManagerBase( 1510): AudioPolicyManagerBase::checkAndSetVolume 0,0.00000011-16 10:41:06.053
D/XIRI_driver( 1715): send to xiri: {"cmd":"key","event":0,"keycode":108,"pid":1,"vid":1,"devnum":0}11-16 10:41:06.053
D/Device@XIRI_driver( 2628): 1112005432, Read out cmd : [{"cmd":"key","event":0,"keycode":108,"pid":1,"vid":1,"devnum":0}]11-16 10:41:06.053
D/WindowManager( 2015): interceptKeyTq keycode=20 screenIsOn=true keyguardActive=false policyFlags=2000000 isWakeKey=false11-16 10:41:06.053
D/WindowManager( 2015): interceptKeyTi keyCode=20 down=false repeatCount=0 keyguardOn=false mHomePressed=false canceled=false11-16 10:41:06.054
D/Device@XIRI_driver( 2628): send key : [108 , 0]  [0]11-16 10:41:06.054
D/realboot_track( 2628): operate:thirdKey11-16 10:41:06.058
D/OpPushV_BE( 2628): eventType==1411-16 10:41:06.058
D/InputEventConsistencyVerifier( 3798): KeyEvent: ACTION_UP but key was not down.11-16 10:41:06.058
D/InputEventConsistencyVerifier( 3798):   in android.widget.RelativeLayout{422bceb0 VFE...C. .F...... 0,133-555,213 #7f08010b app:id/eth_ipv6}11-16 10:41:06.058
D/InputEventConsistencyVerifier( 3798):   0: sent at 1112315000000, KeyEvent { action=ACTION_UP, keyCode=KEYCODE_DPAD_DOWN, scanCode=108, metaState=0, flags=0x8, repeatCount=0, eventTime=1112315, downTime=1112116, deviceId=3, source=0x701 }11-16 10:41:06.058
D/OpPush_TriggerEvent( 2628): eventType:1411-16 10:41:06.059
D/OpPush_KeyCount( 2628): 保存此次按键时间163703046487811-16 10:41:06.059
D/OpPush_KeyCount( 2628): onfactor third key11-16 10:41:06.268
D/XIRI_driver( 1715): send to xiri: {"cmd":"key","event":1,"keycode":28,"pid":1,"vid":1,"devnum":0}11-16 10:41:06.268
D/WindowManager( 2015): interceptKeyTq keycode=23 screenIsOn=true keyguardActive=false policyFlags=2000000 isWakeKey=false11-16 10:41:06.268
D/WindowManager( 2015): FocusedWindow Package:com.changhong.settings11-16 10:41:06.269
D/Device@XIRI_driver( 2628): 1112005432, Read out cmd : [{"cmd":"key","event":1,"keycode":28,"pid":1,"vid":1,"devnum":0}]11-16 10:41:06.269
D/Device@XIRI_driver( 2628): send key : [28 , 1]  [0]11-16 10:41:06.270
D/WindowManager( 2015): interceptKeyTi keyCode=23 down=true repeatCount=0 keyguardOn=false mHomePressed=false canceled=false11-16 10:41:06.274
D/realboot_track( 2628): operate:thirdKey11-16 10:41:06.326
W/ContextImpl( 2326): Calling a method in the system process without a qualified user: android.app.ContextImpl.startService:1587 android.content.ContextWrapper.startService:494 com.iflytek.xiri.system.ControlService$6.run:369 java.util.concurrent.Executors$RunnableAdapter.call:422 java.util.concurrent.FutureTask.runAndReset:279 11-16 10:41:06.329
V/DemonService( 2628): action==com.iflytek.plugin.CALL11-16 10:41:06.467
D/XIRI_driver( 1715): send to xiri: {"cmd":"key","event":0,"keycode":28,"pid":1,"vid":1,"devnum":0}11-16 10:41:06.467
D/WindowManager( 2015): interceptKeyTq keycode=23 screenIsOn=true keyguardActive=false policyFlags=2000000 isWakeKey=false11-16 10:41:06.468
D/WindowManager( 2015): interceptKeyTi keyCode=23 down=false repeatCount=0 keyguardOn=false mHomePressed=false canceled=false11-16 10:41:06.469
D/Device@XIRI_driver( 2628): 1112005432, Read out cmd : [{"cmd":"key","event":0,"keycode":28,"pid":1,"vid":1,"devnum":0}]11-16 10:41:06.470
D/Device@XIRI_driver( 2628): send key : [28 , 0]  [0]11-16 10:41:06.470
D/realboot_track( 2628): operate:thirdKey11-16 10:41:06.471
E/NetSettingActivity( 3798): onClick: 213123098711-16 10:41:06.472
I/ActivityManager( 2015): START u0 {cmp=com.changhong.settings/.EthernetIPv6Activity} from pid 379811-16 10:41:06.474
D/OpPushV_BE( 2628): eventType==1411-16 10:41:06.474
D/OpPush_TriggerEvent( 2628): eventType:1411-16 10:41:06.475
D/OpPush_KeyCount( 2628): 保存此次按键时间163703046529411-16 10:41:06.475
D/OpPush_KeyCount( 2628): onfactor third key11-16 10:41:06.475
W/ContextImpl( 3798): Calling a method in the system process without a qualified user: android.app.ContextImpl.sendBroadcast:1231 android.content.ContextWrapper.sendBroadcast:365 android.app.ActivityThread.performPauseActivity:3070 android.app.ActivityThread.performPauseActivity:3028 android.app.ActivityThread.handlePauseActivity:3006 11-16 10:41:06.477
D/AudioPolicyManagerBase( 1510): startOutput() output 3, stream 1, session 1911-16 10:41:06.480
D/ActivityStateReceiver( 2316): state :pause currentActivity :com.changhong.settings.NetSettingActivity currentProcess :com.changhong.settings11-16 10:41:06.481
E/HiSysManagerService( 1515): checkPermission is true.11-16 10:41:06.537
D/dalvikvm( 2015): GC_FOR_ALLOC freed 1170K, 29% free 5262K/7352K, paused 35ms, total 35ms11-16 10:41:06.537
V/Settings( 2015): get name: ethernet_ipv6_mode11-16 10:41:06.537
V/Settings( 2015): get name: ethernet_ipv6_mode11-16 10:41:06.537
D/EthernetService( 2015): getEthernetMode6(): stateless11-16 10:41:06.537
V/Settings( 2015): get name: ethernet_ipv6_mode11-16 10:41:06.537
V/Settings( 2015): get name: ethernet_ipv6_mode11-16 10:41:06.538
V/Settings( 2015): get name: option60_login11-16 10:41:06.538
V/Settings( 2015): get name: option60_login11-16 10:41:06.540
D/EthernetService( 2015): getDhcpOption60Login: 00510300000109002051B4607721B90311-16 10:41:06.541
V/Settings( 2015): get name: option60_password11-16 10:41:06.541
V/Settings( 2015): get name: option60_password11-16 10:41:06.541
D/EthernetService( 2015): getDhcpOption60Password: 12345611-16 10:41:06.541
I/ty_NetworkActivity( 3798): -------- getEthStack --------11-16 10:41:06.542
V/Settings( 2015): get name: ipv6_on11-16 10:41:06.542
V/Settings( 2015): get name: ipv6_on11-16 10:41:06.542
D/EthernetService( 2015): getIpv6PersistedState() IPV6_ON:111-16 10:41:06.542
V/Settings( 2015): get name: ipv6_on11-16 10:41:06.542
V/Settings( 2015): get name: ipv6_on11-16 10:41:06.543
V/Settings( 2015): get name: ipv4_on11-16 10:41:06.543
V/Settings( 2015): get name: ipv4_on11-16 10:41:06.544
D/EthernetService( 2015): getIpv4PersistedState() IPV4_ON:111-16 10:41:06.544
V/Settings( 2015): get name: ipv4_on11-16 10:41:06.544
V/Settings( 2015): get name: ipv4_on11-16 10:41:06.547
W/ContextImpl( 3798): Calling a method in the system process without a qualified user: android.app.ContextImpl.sendBroadcast:1231 android.content.ContextWrapper.sendBroadcast:365 android.app.ActivityThread.performResumeActivity:2790 android.app.ActivityThread.handleResumeActivity:2828 android.app.ActivityThread.handleLaunchActivity:2251 11-16 10:41:06.549 I/        ( 1517): transcode 39 flags 1611-16 10:41:06.551
E/ViewRootImpl( 3798): 20170727 enable acc for view = com.changhong.settings/com.changhong.settings.EthernetIPv6Activity11-16 10:41:06.551
D/ActivityStateReceiver( 2316): state :resume currentActivity :com.changhong.settings.EthernetIPv6Activity currentProcess :com.changhong.settings11-16 10:41:06.551
E/HiSysManagerService( 1515): checkPermission is true.11-16 10:41:06.555
V/Settings( 2015): get name: ethernet_ipv6_mode11-16 10:41:06.555
V/Settings( 2015): get name: ethernet_ipv6_mode11-16 10:41:06.555
D/EthernetService( 2015): getEthernetMode6(): stateless11-16 10:41:06.555
V/Settings( 2015): get name: ethernet_ipv6_mode11-16 10:41:06.555
V/Settings( 2015): get name: ethernet_ipv6_mode11-16 10:41:06.556
V/Settings( 2015): get name: option60_login11-16 10:41:06.556
V/Settings( 2015): get name: option60_login11-16 10:41:06.556
D/EthernetService( 2015): getDhcpOption60Login: 00510300000109002051B4607721B90311-16 10:41:06.556
V/Settings( 2015): get name: option60_password11-16 10:41:06.556
V/Settings( 2015): get name: option60_password11-16 10:41:06.557
D/EthernetService( 2015): getDhcpOption60Password: 12345611-16 10:41:06.557
I/EthernetIPv6Activity( 3798): now mode: 你到底是：：AUTO11-16 10:41:06.557
E/EthernetIPv6Activity( 3798): onReceive:king_king_king android.net.ethernet.IPV6_STATE_CHANGE11-16 10:41:06.557
E/EthernetIPv6Activity( 3798): onReceive: 为什么是AUTO11-16 10:41:06.557
I/EthernetIPv6Activity( 3798): ipv6 message: 10011-16 10:41:06.557
I/ty_NetworkActivity( 3798): isV6IpOk: 11-16 10:41:06.558
D/EthernetService( 2015):  enter getIpv6ConnectStatus()11-16 10:41:06.558
V/Settings( 2015): get name: ethernet_ipv6_mode11-16 10:41:06.558
V/Settings( 2015): get name: ethernet_ipv6_mode11-16 10:41:06.558
D/EthernetService( 2015): getEthernetMode6(): stateless11-16 10:41:06.558
V/Settings( 2015): get name: ethernet_ipv6_mode11-16 10:41:06.558
V/Settings( 2015): get name: ethernet_ipv6_mode11-16 10:41:06.559
V/Settings( 2015): get name: ethernet_ipv6_mode11-16 10:41:06.559
V/Settings( 2015): get name: ethernet_ipv6_mode11-16 10:41:06.559
D/EthernetService( 2015): getEthernetMode6(): stateless11-16 10:41:06.559
V/Settings( 2015): get name: ethernet_ipv6_mode11-16 10:41:06.559
V/Settings( 2015): get name: ethernet_ipv6_mode11-16 10:41:06.559
V/Settings( 2015): get name: ethernet_ifname11-16 10:41:06.559
V/Settings( 2015): get name: ethernet_ifname11-16 10:41:06.559
D/EthernetService( 2015): getDatabaseInterfaceName() InterfaceName: eth011-16 10:41:06.559
V/Settings( 2015): get name: ethernet_ifname11-16 10:41:06.559
V/Settings( 2015): get name: ethernet_ifname11-16 10:41:06.560
D/EthernetService( 2015):  enter getStatelessIpv6Address()11-16 10:41:06.560
V/Settings( 2015): get name: ethernet_ipv6_mode11-16 10:41:06.560
V/Settings( 2015): get name: ethernet_ipv6_mode11-16 10:41:06.560
D/EthernetService( 2015): getEthernetMode6(): stateless11-16 10:41:06.560
V/Settings( 2015): get name: ethernet_ipv6_mode11-16 10:41:06.560
V/Settings( 2015): get name: ethernet_ipv6_mode11-16 10:41:06.560
D/EthernetService( 2015):  enter getStatelessIpv6Address()11-16 10:41:06.560
V/Settings( 2015): get name: ethernet_ipv6_mode11-16 10:41:06.560
V/Settings( 2015): get name: ethernet_ipv6_mode11-16 10:41:06.560
D/EthernetService( 2015): getEthernetMode6(): stateless11-16 10:41:06.560
V/Settings( 2015): get name: ethernet_ipv6_mode11-16 10:41:06.560
V/Settings( 2015): get name: ethernet_ipv6_mode11-16 10:41:06.561 D/DHCPV6  ( 2015): fp read end11-16 10:41:06.561
D/EthernetService( 2015): getStatelessIpv6Gateway(): fe80:0000:0000:0000:0000:0000:0000:000111-16 10:41:06.562 D/DHCPV6  ( 2015): fp read end11-16 10:41:06.562 D/DHCPV6  ( 2015): fp read end11-16 10:41:06.562
D/EthernetService( 2015): getStatelessIpv6Gateway(): fe80:0000:0000:0000:0000:0000:0000:000111-16 10:41:06.563 D/DHCPV6  ( 2015): fp read end11-16 10:41:06.563
D/EthernetService( 2015):  enter getStatelessIpv6Prefixlength()11-16 10:41:06.563
V/Settings( 2015): get name: ethernet_ipv6_mode11-16 10:41:06.563
V/Settings( 2015): get name: ethernet_ipv6_mode11-16 10:41:06.563
D/EthernetService( 2015): getEthernetMode6(): stateless11-16 10:41:06.563
V/Settings( 2015): get name: ethernet_ipv6_mode11-16 10:41:06.563
V/Settings( 2015): get name: ethernet_ipv6_mode11-16 10:41:06.564
D/EthernetService( 2015):  enter getStatelessIpv6Dns1()11-16 10:41:06.564
V/Settings( 2015): get name: ethernet_ipv6_mode11-16 10:41:06.564
V/Settings( 2015): get name: ethernet_ipv6_mode11-16 10:41:06.564
D/EthernetService( 2015): getEthernetMode6(): stateless11-16 10:41:06.564
