V/Settings( 2015): get name: ethernet_ipv6_mode11-16 10:41:21.283
V/Settings( 2015): get name: ethernet_ipv6_mode11-16 10:41:21.284
V/Settings( 2015): get name: option60_on11-16 10:41:21.284
V/Settings( 2015): get name: option60_on11-16 10:41:21.284
D/EthernetService( 2015): getDhcpOption60State: 111-16 10:41:21.284
V/Settings( 2015): get name: option60_login11-16 10:41:21.284
V/Settings( 2015): get name: option60_login11-16 10:41:21.284
D/EthernetService( 2015): getDhcpOption60Login: 00510300000109002051B4607721B90311-16 10:41:21.285
V/Settings( 2015): get name: option60_password11-16 10:41:21.285
V/Settings( 2015): get name: option60_password11-16 10:41:21.285
D/EthernetService( 2015): getDhcpOption60Password: 12345611-16 10:41:21.285
I/EthernetIPv6Activity( 6313): now mode: 你到底是：：IPOE11-16 10:41:21.285
E/EthernetIPv6Activity( 6313): onReceive:king_king_king android.net.ethernet.IPV6_STATE_CHANGE11-16 10:41:21.286
I/EthernetIPv6Activity( 6313): ipv6 message: 3011-16 10:41:21.287
V/Settings( 2015): get name: ethernet_ipv6_mode11-16 10:41:21.287
V/Settings( 2015): get name: ethernet_ipv6_mode11-16 10:41:21.287
D/EthernetService( 2015): getEthernetMode6(): dhcp11-16 10:41:21.287
V/Settings( 2015): get name: ethernet_ipv6_mode11-16 10:41:21.287
V/Settings( 2015): get name: ethernet_ipv6_mode11-16 10:41:21.287
V/Settings( 2015): get name: option60_on11-16 10:41:21.287
V/Settings( 2015): get name: option60_on11-16 10:41:21.287
D/EthernetService( 2015): getDhcpOption60State: 111-16 10:41:21.287
V/Settings( 2015): get name: option60_login11-16 10:41:21.287
V/Settings( 2015): get name: option60_login11-16 10:41:21.287
D/EthernetService( 2015): getDhcpOption60Login: 00510300000109002051B4607721B90311-16 10:41:21.288
V/Settings( 2015): get name: option60_password11-16 10:41:21.288
V/Settings( 2015): get name: option60_password11-16 10:41:21.288
D/EthernetService( 2015): getDhcpOption60Password: 12345611-16 10:41:21.288
I/EthernetIPv6Activity( 6313): now mode: 你到底是：：IPOE11-16 10:41:21.288
E/EthernetIPv6Activity( 6313): onReceive:king_king_king android.net.ethernet.IPV6_STATE_CHANGE11-16 10:41:21.289
I/EthernetIPv6Activity( 6313): ipv6 message: 10211-16 10:41:21.290
W/ContextImpl( 6313): Calling a method in the system process without a qualified user: android.app.ContextImpl.sendBroadcast:1231 android.content.ContextWrapper.sendBroadcast:365 android.app.ActivityThread.performPauseActivity:3070 android.app.ActivityThread.performPauseActivity:3028 android.app.ActivityThread.handlePauseActivity:3006 11-16 10:41:21.293 D/DHCPV6  ( 2015): --------------------dhcpv6name is: dhclient.pid, value is:6407, desired_value is:640711-16 10:41:21.294
D/ActivityStateReceiver( 2316): state :pause currentActivity :com.changhong.settings.NetworkIPV6_IPOE_Activity currentProcess :com.changhong.settings11-16 10:41:21.294
E/HiSysManagerService( 1515): checkPermission is true.11-16 10:41:21.319
V/Settings( 2015): get name: ethernet_ipv6_mode11-16 10:41:21.319
V/Settings( 2015): get name: ethernet_ipv6_mode11-16 10:41:21.320
D/EthernetService( 2015): getEthernetMode6(): dhcp11-16 10:41:21.320
V/Settings( 2015): get name: ethernet_ipv6_mode11-16 10:41:21.320
V/Settings( 2015): get name: ethernet_ipv6_mode11-16 10:41:21.320
V/Settings( 2015): get name: option60_on11-16 10:41:21.321
V/Settings( 2015): get name: option60_on11-16 10:41:21.321
D/EthernetService( 2015): getDhcpOption60State: 111-16 10:41:21.321
V/Settings( 2015): get name: option60_login11-16 10:41:21.321
V/Settings( 2015): get name: option60_login11-16 10:41:21.321
D/EthernetService( 2015): getDhcpOption60Login: 00510300000109002051B4607721B90311-16 10:41:21.322
V/Settings( 2015): get name: option60_password11-16 10:41:21.322
V/Settings( 2015): get name: option60_password11-16 10:41:21.322
D/EthernetService( 2015): getDhcpOption60Password: 12345611-16 10:41:21.322
I/ty_NetworkActivity( 6313): -------- getEthStack --------11-16 10:41:21.323
V/Settings( 2015): get name: ipv6_on11-16 10:41:21.324
V/Settings( 2015): get name: ipv6_on11-16 10:41:21.324
D/EthernetService( 2015): getIpv6PersistedState() IPV6_ON:111-16 10:41:21.324
V/Settings( 2015): get name: ipv6_on11-16 10:41:21.325
V/Settings( 2015): get name: ipv6_on11-16 10:41:21.325
V/Settings( 2015): get name: ipv4_on11-16 10:41:21.325
V/Settings( 2015): get name: ipv4_on11-16 10:41:21.326
D/EthernetService( 2015): getIpv4PersistedState() IPV4_ON:111-16 10:41:21.326
V/Settings( 2015): get name: ipv4_on11-16 10:41:21.326
V/Settings( 2015): get name: ipv4_on11-16 10:41:21.330
W/ContextImpl( 6313): Calling a method in the system process without a qualified user: android.app.ContextImpl.sendBroadcast:1231 android.content.ContextWrapper.sendBroadcast:365 android.app.ActivityThread.performResumeActivity:2790 android.app.ActivityThread.handleResumeActivity:2828 android.app.ActivityThread.handleLaunchActivity:2251 11-16 10:41:21.331 I/        ( 1517): transcode 39 flags 1611-16 10:41:21.333
W/ContextImpl( 2326): Calling a method in the system process without a qualified user: android.app.ContextImpl.startService:1587 android.content.ContextWrapper.startService:494 com.iflytek.xiri.system.ControlService$6.run:369 java.util.concurrent.Executors$RunnableAdapter.call:422 java.util.concurrent.FutureTask.runAndReset:279 11-16 10:41:21.334
D/ActivityStateReceiver( 2316): state :resume currentActivity :com.changhong.settings.EthernetIPv6Activity currentProcess :com.changhong.settings11-16 10:41:21.334
E/HiSysManagerService( 1515): checkPermission is true.11-16 10:41:21.337
E/ViewRootImpl( 6313): 20170727 enable acc for view = com.changhong.settings/com.changhong.settings.EthernetIPv6Activity11-16 10:41:21.337
V/DemonService( 2628): action==com.iflytek.plugin.CALL11-16 10:41:21.337
D/TopActivityUtil( 2628): system com.changhong.settings/com.changhong.settings.EthernetIPv6Activity11-16 10:41:21.339
D/realboot_track( 2628): operate:pageChange11-16 10:41:21.342
D/OpPush--PageTool( 2628): 页面信息（ActivityInfo）：com.changhong.settings---com.changhong.settings.EthernetIPv6Activity  pageName:com.changhong.settings.EthernetIPv6Activity11-16 10:41:21.342
D/OpPush--PageTool( 2628): 页面发生变化：PageEvent{pageSpace='com.changhong.settings', pageName='com.changhong.settings.EthernetIPv6Activity', resource='null'}11-16 10:41:21.342
D/OpPush--PageTool( 2628): 当前页面是否相同：false11-16 10:41:21.342
D/OpPush--PageTool( 2628): currentPage==PageEvent{pageSpace='com.changhong.settings', pageName='com.changhong.settings.NetworkIPV6_IPOE_Activity', resource=''}11-16 10:41:21.342
D/OpPush--PageTool( 2628): currentPage==PageEvent{pageSpace='com.changhong.settings', pageName='com.changhong.settings.EthernetIPv6Activity', resource='null'}11-16 10:41:21.346
V/Settings( 2015): get name: ethernet_ipv6_mode11-16 10:41:21.346
V/Settings( 2015): get name: ethernet_ipv6_mode11-16 10:41:21.346
D/EthernetService( 2015): getEthernetMode6(): dhcp11-16 10:41:21.346
V/Settings( 2015): get name: ethernet_ipv6_mode11-16 10:41:21.346
V/Settings( 2015): get name: ethernet_ipv6_mode11-16 10:41:21.347
V/Settings( 2015): get name: option60_on11-16 10:41:21.347
V/Settings( 2015): get name: option60_on11-16 10:41:21.347
D/EthernetService( 2015): getDhcpOption60State: 111-16 10:41:21.347
V/Settings( 2015): get name: option60_login11-16 10:41:21.347
V/Settings( 2015): get name: option60_login11-16 10:41:21.347
D/EthernetService( 2015): getDhcpOption60Login: 00510300000109002051B4607721B90311-16 10:41:21.347
V/Settings( 2015): get name: option60_password11-16 10:41:21.347
V/Settings( 2015): get name: option60_password11-16 10:41:21.347
D/EthernetService( 2015): getDhcpOption60Password: 12345611-16 10:41:21.348
I/EthernetIPv6Activity( 6313): now mode: 你到底是：：IPOE11-16 10:41:21.348
E/EthernetIPv6Activity( 6313): onReceive:king_king_king android.net.ethernet.IPV6_STATE_CHANGE11-16 10:41:21.349
I/EthernetIPv6Activity( 6313): ipv6 message: 10211-16 10:41:21.350
V/Settings( 2015): get name: ethernet_ipv6_mode11-16 10:41:21.350
V/Settings( 2015): get name: ethernet_ipv6_mode11-16 10:41:21.350
D/EthernetService( 2015): getEthernetMode6(): dhcp11-16 10:41:21.350
V/Settings( 2015): get name: ethernet_ipv6_mode11-16 10:41:21.350
V/Settings( 2015): get name: ethernet_ipv6_mode11-16 10:41:21.350
V/Settings( 2015): get name: option60_on11-16 10:41:21.350
V/Settings( 2015): get name: option60_on11-16 10:41:21.350
D/EthernetService( 2015): getDhcpOption60State: 111-16 10:41:21.351
V/Settings( 2015): get name: option60_login11-16 10:41:21.351
V/Settings( 2015): get name: option60_login11-16 10:41:21.351
D/EthernetService( 2015): getDhcpOption60Login: 00510300000109002051B4607721B90311-16 10:41:21.351
V/Settings( 2015): get name: option60_password11-16 10:41:21.351
V/Settings( 2015): get name: option60_password11-16 10:41:21.351
D/EthernetService( 2015): getDhcpOption60Password: 12345611-16 10:41:21.351
I/EthernetIPv6Activity( 6313): now mode: 你到底是：：IPOE11-16 10:41:21.363 I/        ( 1517): transcode 39 flags 1611-16 10:41:21.402
I/ActivityManager( 2015): Displayed com.changhong.settings/.EthernetIPv6Activity: +108ms11-16 10:41:21.443 I/        ( 1517): transcode 39 flags 1611-16 10:41:21.493 D/DHCPV6  ( 2015): --------------------dhcpv6name is: dhclient.pid, value is:6407, desired_value is:640711-16 10:41:21.546 D/DHCP    ( 2015): Link-local: fe80:0000:0000:0000:b660:77ff:fe21:b90311-16 10:41:21.546
D/EthernetDataTracker( 2015): Sleep to wait for IPV6 Link-local address, command dhclient -6 need it...11-16 10:41:21.693 D/DHCPV6  ( 2015): --------------------dhcpv6name is: dhclient.pid, value is:6407, desired_value is:640711-16 10:41:21.741
F/DHCLIENT( 6435): XMT: Forming Info-Request, 0 ms elapsed.11-16 10:41:21.741
F/DHCLIENT( 6435): make client6 options: 1111-16 10:41:21.741
E/DHCLIENT( 6435): dhc6 :default_duid.len=10 hisi=11-16 10:41:21.741
E/DHCLIENT( 6435): XMT: Info-Request on eth0, interval 1020ms.11-16 10:41:21.741
D/pcapcmcc4( 1886): dissert_dhcpv6 type: Information-request 11-16 10:41:21.741
D/pcapcmcc4( 1886): dhcpv6_option = 66, 96, 1, 1011-16 10:41:21.741
D/pcapcmcc4( 1886): dhcpv6_option = 80, 96, 6, 611-16 10:41:21.741
D/pcapcmcc4( 1886): dhcpv6_option = 90, 96, 8, 211-16 10:41:21.741 W/Netd    ( 1505): No subsystem found in netlink event11-16 10:41:21.742
D/pcapcmcc4( 1886): analyse_dhcpv6_packet type: Information-request 11-16 10:41:21.742
D/pcapcmcc4( 1886): create current_dhcpv6_stream_node: 11, Information-request 11-16 10:41:21.742
D/pcapcmcc4( 1886): param1: 1, 0, 011-16 10:41:21.742
D/pcapcmcc4( 1886): add  current_dhcpv6_stream_node11-16 10:41:21.766 W/Netd    ( 1505): No subsystem found in netlink event11-16 10:41:21.847 D/DHCP    ( 2015): Link-local: fe80:0000:0000:0000:b660:77ff:fe21:b90311-16 10:41:21.847
D/EthernetDataTracker( 2015): Sleep to wait for IPV6 Link-local address, command dhclient -6 need it...11-16 10:41:21.893 D/DHCPV6  ( 2015): --------------------dhcpv6name is: dhclient.pid, value is:6407, desired_value is:640711-16 10:41:22.093 D/DHCPV6  ( 2015): --------------------dhcpv6name is: dhclient.pid, value is:6407, desired_value is:640711-16 10:41:22.147 D/DHCP    ( 2015): Link-local: fe80:0000:0000:0000:b660:77ff:fe21:b90311-16 10:41:22.147
D/EthernetDataTracker( 2015): Sleep to wait for IPV6 Link-local address, command dhclient -6 need it...11-16 10:41:22.293 D/DHCPV6  ( 2015): --------------------dhcpv6name is: dhclient.pid, value is:6407, desired_value is:640711-16 10:41:22.327
W/ContextImpl( 2326): Calling a method in the system process without a qualified user: android.app.ContextImpl.startService:1587 android.content.ContextWrapper.startService:494 com.iflytek.xiri.system.ControlService$6.run:369 java.util.concurrent.Executors$RunnableAdapter.call:422 java.util.concurrent.FutureTask.runAndReset:279 11-16 10:41:22.329
V/DemonService( 2628): action==com.iflytek.plugin.CALL11-16 10:41:22.447 D/DHCP    ( 2015): Link-local: fe80:0000:0000:0000:b660:77ff:fe21:b90311-16 10:41:22.448
D/EthernetDataTracker( 2015): Sleep to wait for IPV6 Link-local address, command dhclient -6 need it...11-16 10:41:22.493 D/DHCPV6  ( 2015): --------------------dhcpv6name is: dhclient.pid, value is:6407, desired_value is:640711-16 10:41:22.522 W/Netd    ( 1505): No subsystem found in netlink event11-16 10:41:22.523
D/EthernetDataTracker( 2015): -----------ifcae: eth0 addressupdate address: fe80::b660:77ff:fe21:b903/64 flags = 12811-16 10:41:22.523
D/EthernetDataTracker( 2015): ipv6AddrsUpdate add address: fe80::b660:77ff:fe21:b903/6411-16 10:41:22.523
V/Settings( 2015): get name: ethernet_ipv6_mode11-16 10:41:22.523
V/Settings( 2015): get name: ethernet_ipv6_mode11-16 10:41:22.523
D/EthernetService( 2015): getEthernetMode6(): dhcp11-16 10:41:22.523
V/Settings( 2015): get name: ethernet_ipv6_mode11-16 10:41:22.523
V/Settings( 2015): get name: ethernet_ipv6_mode11-16 10:41:22.523
D/EthernetDataTracker( 2015): --------ppp0: dhcp11-16 10:41:22.524
V/Settings( 2015): get name: ethernet_ipv6_mode11-16 10:41:22.524
V/Settings( 2015): get name: ethernet_ipv6_mode11-16 10:41:22.524
D/EthernetService( 2015): getEthernetMode6(): dhcp11-16 10:41:22.524
V/Settings( 2015): get name: ethernet_ipv6_mode11-16 10:41:22.524
V/Settings( 2015): get name: ethernet_ipv6_mode11-16 10:41:22.526 W/Netd    ( 1505): No subsystem found in netlink event11-16 10:41:22.526 D/Netd    ( 1505): route_priority=eth11-16 10:41:22.526 E/Netd    ( 1505): increaseEthRoutePriorityV6: route = default, gateway = fe80::1, iface = eth0, priority = 1024, metric = 12811-16 10:41:22.527
V/Settings( 2015): get name: ethernet_ipv6_mode11-16 10:41:22.527
V/Settings( 2015): get name: ethernet_ipv6_mode11-16 10:41:22.528
D/EthernetService( 2015): getEthernetMode6(): dhcp11-16 10:41:22.528
V/Settings( 2015): get name: ethernet_ipv6_mode11-16 10:41:22.528
V/Settings( 2015): get name: ethernet_ipv6_mode11-16 10:41:22.528
D/EthernetDataTracker( 2015): -----------iface: eth0, moflags=: 176, currentIpv6Mode = dhcp11-16 10:41:22.528
D/EthernetDataTracker( 2015): moflags: M = 0, O = 12811-16 10:41:22.528
V/Settings( 2015): get name: ethernet_ipv6_mo_valid11-16 10:41:22.528
V/Settings( 2015): get name: ethernet_ipv6_mo_valid11-16 10:41:22.528
D/EthernetService( 2015): getIpv6MOAutoState(): 111-16 10:41:22.528
V/Settings( 2015): get name: ethernet_ipv6_mo_valid11-16 10:41:22.528
V/Settings( 2015): get name: ethernet_ipv6_mo_valid11-16 10:41:22.528
D/EthernetDataTracker( 2015): moflags=change to stateless, dns for server11-16 10:41:22.528
V/Settings( 2015): get name: ethernet_ipv6_mode11-16 10:41:22.528
V/Settings( 2015): get name: ethernet_ipv6_mode11-16 10:41:22.528
D/EthernetService( 2015): getEthernetMode6(): dhcp11-16 10:41:22.528
V/Settings( 2015): get name: ethernet_ipv6_mode11-16 10:41:22.528
V/Settings( 2015): get name: ethernet_ipv6_mode11-16 10:41:22.528
I/EthernetDataTracker( 2015): stopIpv6 mDhcpv6DelayTimer.cancel11-16 10:41:22.528
V/Settings( 2015): get name: option60_on11-16 10:41:22.528
V/Settings( 2015): get name: option60_on11-16 10:41:22.528
D/EthernetService( 2015): getDhcpOption60State: 111-16 10:41:22.528
V/Settings( 2015): get name: option125_on11-16 10:41:22.528
V/Settings( 2015): get name: option125_on11-16 10:41:22.529
D/EthernetService( 2015): getDhcpOption125State: 011-16 10:41:22.529 D/DHCP    ( 2015): Link-local: fe80:0000:0000:0000:b660:77ff:fe21:b90311-16 10:41:22.529
I/EthernetDataTracker( 2015): maskStr=ipoe6,dhcp611-16 10:41:22.529
I/EthernetDataTracker( 2015): connectMode ipoe6 need release!11-16 10:41:22.529
I/EthernetDataTracker( 2015): releaseDhcpv6lease eth011-16 10:41:22.529 D/DHCPV6  ( 2015): dhcpv6_release start11-16 10:41:22.529 D/DHCPV6  ( 2015): dhcpv6_release cmd='release_eth0:-lf /data/misc/dhcp/dhclient6_eth0.leases -D LL'11-16 10:41:22.535 D/Netd    ( 1505): route_priority=eth11-16 10:41:22.535 E/Netd    ( 1505): increaseEthRoutePriorityV6: route = 2409:8a5e:a049:7e10::/64, gateway = , iface = eth0, priority = 256, metric = 12811-16 10:41:22.549 D/Netd    ( 1505): route_priority=eth11-16 10:41:22.549 W/Netd    ( 1505): No subsystem found in netlink event11-16 10:41:22.549 D/Netd    ( 1505): route_priority=eth11-16 10:41:22.549 W/Netd    ( 1505): No subsystem found in netlink event11-16 10:41:22.550
E/DHCLIENT( 6454): release_mode is set, stateless=011-16 10:41:22.550
E/DHCLIENT( 6454): check pid = 640711-16 10:41:22.550
D/DHCLIENT( 6454): open /proc/6407/status failed!11-16 10:41:22.551
D/DHCLIENT( 6454): path of ipv6 conf is: /etc/dhclient.conf11-16 10:41:22.551
E/DHCLIENT( 6454): form_duid :ip!=null11-16 10:41:22.551
E/DHCLIENT( 6454): Created duid \000\003\000\001\264`w!\271\003.11-16 10:41:22.551
E/DHCLIENT( 6454): form_duid success hisi11-16 10:41:22.553
E/DHCLIENT( 6454): is_releasing 'eth0'11-16 10:41:22.553
E/DHCLIENT( 6454): is_releasing return ISC_FALSE11-16 10:41:22.553
E/DHCLIENT( 6454): no interface is releasing, force exit.11-16 10:41:22.553
E/DHCLIENT( 6454): XMT: dhclient remove dhclient6.lease11-16 10:41:22.560
E/DHCLIENT( 6454): set_release6_result in 20191206_00111-16 10:41:22.693 D/DHCPV6  ( 2015): --------------------dhcpv6name is: dhclient.pid, value is:6454, desired_value is:640711-16 10:41:22.731 D/DHCPV6  ( 2015): dhcpv6_release start waiting for release result...11-16 10:41:22.748 D/DHCP    ( 2015): Link-local: fe80:0000:0000:0000:b660:77ff:fe21:b90311-16 10:41:22.748
V/Settings( 2015): get name: option60_on11-16 10:41:22.748
V/Settings( 2015): get name: option60_on11-16 10:41:22.748
D/EthernetService( 2015): getDhcpOption60State: 111-16 10:41:22.748
V/Settings( 2015): get name: option125_on11-16 10:41:22.748
V/Settings( 2015): get name: option125_on11-16 10:41:22.748
D/EthernetService( 2015): getDhcpOption125State: 011-16 10:41:22.749 D/DHCP    ( 2015): Link-local: fe80:0000:0000:0000:b660:77ff:fe21:b90311-16 10:41:22.749
I/EthernetDataTracker( 2015): maskStr=ipoe6,dhcp611-16 10:41:22.749
I/EthernetDataTracker( 2015): connectMode ipoe6 need release!11-16 10:41:22.749
V/Settings( 2015): get name: option60_on11-16 10:41:22.749
V/Settings( 2015): get name: option60_on11-16 10:41:22.749
D/EthernetService( 2015): getDhcpOption60State: 111-16 10:41:22.749
V/Settings( 2015): get name: option60_login11-16 10:41:22.749
V/Settings( 2015): get name: option60_login11-16 10:41:22.749
D/EthernetService( 2015): getDhcpOption60Login: 00510300000109002051B4607721B90311-16 10:41:22.749
V/Settings( 2015): get name: option60_password11-16 10:41:22.749
V/Settings( 2015): get name: option60_password11-16 10:41:22.749
D/EthernetService( 2015): getDhcpOption60Password: 12345611-16 10:41:22.749
V/Settings( 2015): get name: option125_on11-16 10:41:22.749
V/Settings( 2015): get name: option125_on11-16 10:41:22.749
D/EthernetService( 2015): getDhcpOption125State: 011-16 10:41:22.749
V/Settings( 2015): get name: option125_info11-16 10:41:22.749
V/Settings( 2015): get name: option125_info11-16 10:41:22.750
D/EthernetService( 2015): getDhcpOption125Info: null11-16 10:41:22.750
D/NetUtils( 2015): --------eth0 dhcpv6_do_request began: 11-16 10:41:22.750 D/DHCPV6  ( 2015): -----------------dhcpv6_do_request11-16 10:41:22.750 D/DHCPV6  ( 2015): -------------------------------------->dhclient cmd=dhclient_eth0:eth0 -lf /data/misc/dhcp/dhclient6_eth0.leases -D LL11-16 10:41:22.754 D/DHCPV6  ( 2015): -------------------------------------->op16=1,op17=011-16 10:41:22.754 D/DHCPV6  ( 2015): -------------------------------------->dhcpv6+ cmd=dhclient_eth0:-op16 des3 eth0 -lf /data/misc/dhcp/dhclient6_eth0.leases -D LL11-16 10:41:22.755 D/DHCPV6  ( 2015): ========daemon_cmd[dhclient_eth0:-op16 des3 eth0 -lf /data/misc/dhcp/dhclient6_eth0.leases -D LL],line[275]11-16 10:41:22.762
F/DHCLIENT( 6435): XMT: Forming Info-Request, 1020 ms elapsed.11-16 10:41:22.762
F/DHCLIENT( 6435): make client6 options: 1111-16 10:41:22.762
E/DHCLIENT( 6435): dhc6 :default_duid.len=10 hisi=11-16 10:41:22.762
E/DHCLIENT( 6435): XMT: Info-Request on eth0, interval 1970ms.11-16 10:41:22.762
D/pcapcmcc4( 1886): dissert_dhcpv6 type: Information-request 11-16 10:41:22.762
D/pcapcmcc4( 1886): dhcpv6_option = 66, 96, 1, 1011-16 10:41:22.762
D/pcapcmcc4( 1886): dhcpv6_option = 80, 96, 6, 611-16 10:41:22.762
D/pcapcmcc4( 1886): dhcpv6_option = 90, 96, 8, 211-16 10:41:22.770
D/pcapcmcc4( 1886): analyse_dhcpv6_packet type: Information-request 11-16 10:41:22.770
D/pcapcmcc4( 1886): param1: 0, 0, 011-16 10:41:22.776
E/DHCLIENT( 6469): XMT: dhclient remove dhclient6.lease11-16 10:41:22.784
E/DHCLIENT( 6469): Internet Systems Consortium DHCP Client 4.3.311-16 10:41:22.784
E/DHCLIENT( 6469): Copyright 2004-2015 Internet Systems Consortium.11-16 10:41:22.784
E/DHCLIENT( 6469): All rights reserved.11-16 10:41:22.784
E/DHCLIENT( 6469): For info, please visit https://www.isc.org/software/dhcp/11-16 10:41:22.785
D/DHCLIENT( 6469): path of ipv6 conf is: /etc/dhclient.conf11-16 10:41:22.786
E/DHCLIENT( 6435): do_packet6: short packet from fe80::1 port 38035, len 60, dropped11-16 10:41:22.786
E/DHCLIENT( 6435): RCV: Reply message on eth0 from fe80::1.11-16 10:41:22.786
F/DHCLIENT( 6435): PRC: Done.11-16 10:41:22.803
E/DHCLIENT( 6469): Listening on Socket/eth011-16 10:41:22.803
E/DHCLIENT( 6469): Sending on   Socket/eth011-16 10:41:22.803
E/DHCLIENT( 6469): form_duid :ip!=null11-16 10:41:22.803
E/DHCLIENT( 6469): Created duid \000\003\000\001\264`w!\271\003.11-16 10:41:22.803
E/DHCLIENT( 6469): form_duid success hisi11-16 10:41:22.803
F/DHCLIENT( 6469): PRC: Soliciting for leases (INIT).11-16 10:41:22.894
I/EthernetDataTracker( 2015): setStatelessDnsProperties dns6_1:fe80::1  dns6_2:11-16 10:41:22.894
D/EthernetDataTracker( 2015): EVENT_STATELESS6_CONNECT_SUCCESSED #311-16 10:41:22.894
W/ContextImpl( 2015): Calling a method in the system process without a qualified user: android.app.ContextImpl.sendStickyBroadcast:1389 android.net.EthernetDataTracker.postNotification:1494 android.net.EthernetDataTracker.setStatelessDnsProperties:631 android.net.EthernetDataTracker.access$2900:73 android.net.EthernetDataTracker$2.run:572 11-16 10:41:22.896
V/Settings( 2015): get name: wifi_ethernet_coexist11-16 10:41:22.896
V/Settings( 2015): get name: wifi_ethernet_coexist11-16 10:41:22.896
D/EthernetService( 2015): getWifiEthernetCoexistState(): 111-16 10:41:22.896
V/Settings( 2015): get name: wifi_ethernet_coexist11-16 10:41:22.896
V/Settings( 2015): get name: wifi_ethernet_coexist11-16 10:41:22.896
D/ConnectivityService( 2015): ConnectivityChange for ETHERNET: CONNECTED/CONNECTED11-16 10:41:22.896
D/ConnectivityService( 2015): Coexist!! Do not teardown: ETHERNET11-16 10:41:22.898
V/Settings( 2015): get name: ethernet_ipv6_mode11-16 10:41:22.898
V/Settings( 2015): get name: ethernet_ipv6_mode11-16 10:41:22.898
D/EthernetService( 2015): getEthernetMode6(): dhcp11-16 10:41:22.898
V/Settings( 2015): get name: ethernet_ipv6_mode11-16 10:41:22.898
V/Settings( 2015): get name: ethernet_ipv6_mode11-16 10:41:22.899
V/Settings( 2015): get name: option60_on11-16 10:41:22.899
V/Settings( 2015): get name: option60_on11-16 10:41:22.899
D/EthernetService( 2015): getDhcpOption60State: 111-16 10:41:22.899
E/ConnectivityService( 2015): Unexpected mtu value: android.net.EthernetDataTracker@4243883811-16 10:41:22.900
V/Settings( 2015): get name: option60_login11-16 10:41:22.900
V/Settings( 2015): get name: wifi_ethernet_coexist11-16 10:41:22.900
V/Settings( 2015): get name: wifi_ethernet_coexist11-16 10:41:22.900
D/EthernetService( 2015): getWifiEthernetCoexistState(): 111-16 10:41:22.900
V/Settings( 2015): get name: wifi_ethernet_coexist11-16 10:41:22.900
V/Settings( 2015): get name: wifi_ethernet_coexist11-16 10:41:22.900
V/Settings( 2015): get name: wifi_disguise11-16 10:41:22.900
V/Settings( 2015): get name: wifi_disguise11-16 10:41:22.900
V/Settings( 2015): get name: option60_login11-16 10:41:22.901
D/EthernetService( 2015): getWifiDisguiseState: 011-16 10:41:22.931 D/DHCPV6  ( 2015): dhcpv6_release return failed11-16 10:41:22.935
D/dalvikvm( 2015): GC_FOR_ALLOC freed 1243K, 28% free 5325K/7352K, paused 34ms, total 34ms11-16 10:41:22.935
V/Settings( 2015): get name: wifi_disguise11-16 10:41:22.935
V/Settings( 2015): get name: wifi_disguise11-16 10:41:22.935
D/EthernetService( 2015): getDhcpOption60Login: 00510300000109002051B4607721B90311-16 10:41:22.935
V/Settings( 2015): get name: wifi_ethernet_coexist11-16 10:41:22.935
V/Settings( 2015): get name: wifi_ethernet_coexist11-16 10:41:22.935
D/EthernetService( 2015): getWifiEthernetCoexistState(): 111-16 10:41:22.935
V/Settings( 2015): get name: wifi_ethernet_coexist11-16 10:41:22.935
V/Settings( 2015): get name: wifi_ethernet_coexist11-16 10:41:22.935
I/EthernetDataTracker( 2015): releaseDhcpv6lease eth0 done11-16 10:41:22.935
V/Settings( 2015): get name: wifi_disguise11-16 10:41:22.935
V/Settings( 2015): get name: wifi_disguise11-16 10:41:22.935
D/ConnectivityService( 2015): dns prefer ipv611-16 10:41:22.936
D/EthernetService( 2015): getWifiDisguiseState: 011-16 10:41:22.936
V/Settings( 2015): get name: wifi_disguise11-16 10:41:22.936
V/Settings( 2015): get name: wifi_disguise11-16 10:41:22.936 D/DHCPV6  ( 2015): -----------------dhcpv6_stop11-16 10:41:22.936 D/DHCPV6  ( 2015): ========daemon_cmd[dhclient_eth0],line[395]11-16 10:41:22.936
V/Settings( 2015): get name: wifi_ethernet_coexist11-16 10:41:22.936
V/Settings( 2015): get name: wifi_ethernet_coexist11-16 10:41:22.936
D/EthernetService( 2015): getWifiEthernetCoexistState(): 111-16 10:41:22.936
V/Settings( 2015): get name: wifi_ethernet_coexist11-16 10:41:22.936
V/Settings( 2015): get name: wifi_ethernet_coexist11-16 10:41:22.936
V/Settings( 2015): get name: option60_password11-16 10:41:22.936
E/ConnectivityService( 2015): handleDnsConfigurationChange: isDefaultDns = true11-16 10:41:22.937
V/Settings( 2015): get name: option60_password11-16 10:41:22.937
D/EthernetService( 2015): getDhcpOption60Password: 12345611-16 10:41:22.938 D/DHCPV6  ( 2015): ========2daemon_cmd[init.svc.dhclient_eth0],line[405]11-16 10:41:22.938
I/EthernetIPv6Activity( 6313): now mode: 你到底是：：IPOE11-16 10:41:22.938
E/EthernetIPv6Activity( 6313): onReceive:king_king_king android.net.ethernet.IPV6_STATE_CHANGE11-16 10:41:22.940
I/EthernetIPv6Activity( 6313): ipv6 message: 10011-16 10:41:22.940
I/ty_NetworkActivity( 6313): isV6IpOk: 11-16 10:41:22.940
D/EthernetService( 2015):  enter getIpv6ConnectStatus()11-16 10:41:22.940
I/EthernetManager( 6313): ipv6 is disconnected, ipv6ConnectStatus = 711-16 10:41:22.940
I/ty_NetworkActivity( 6313): isV6IpOk:IP_v6=11-16 10:41:22.941
V/Settings( 2015): get name: ethernet_ipv6_mode11-16 10:41:22.941
V/Settings( 2015): get name: ethernet_ipv6_mode11-16 10:41:22.941
D/EthernetService( 2015): getEthernetMode6(): dhcp11-16 10:41:22.941
V/Settings( 2015): get name: ethernet_ipv6_mode11-16 10:41:22.941
V/Settings( 2015): get name: ethernet_ipv6_mode11-16 10:41:22.941
V/Settings( 2015): get name: option60_on11-16 10:41:22.941
V/Settings( 2015): get name: option60_on11-16 10:41:22.941
D/EthernetService( 2015): getDhcpOption60State: 111-16 10:41:22.942
V/Settings( 2015): get name: option60_login11-16 10:41:22.942
V/Settings( 2015): get name: option60_login11-16 10:41:22.942
D/EthernetService( 2015): getDhcpOption60Login: 00510300000109002051B4607721B90311-16 10:41:22.942
V/Settings( 2015): get name: option60_password11-16 10:41:22.942
V/Settings( 2015): get name: option60_password11-16 10:41:22.942
E/ConnectivityService( 2015): updatedns, getDnsRemain: mNumDnsEntries = 111-16 10:41:22.943
D/EthernetService( 2015): getDhcpOption60Password: 12345611-16 10:41:22.943
V/Settings( 2015): get name: wifi_disguise11-16 10:41:22.943
V/Settings( 2015): get name: wifi_disguise11-16 10:41:22.943
D/EthernetService( 2015): getWifiDisguiseState: 011-16 10:41:22.943
V/Settings( 2015): get name: wifi_disguise11-16 10:41:22.943
I/EthernetIPv6Activity( 6313): now mode: 你到底是：：IPOE11-16 10:41:22.943
E/EthernetIPv6Activity( 6313): onReceive:king_king_king android.net.ethernet.IPV6_STATE_CHANGE11-16 10:41:22.943
V/Settings( 2015): get name: wifi_disguise11-16 10:41:22.944
V/Settings( 2015): get name: wifi_disguise11-16 10:41:22.944
V/Settings( 2015): get name: wifi_disguise11-16 10:41:22.944
D/EthernetService( 2015): getWifiDisguiseState: 011-16 10:41:22.944
V/Settings( 2015): get name: wifi_disguise11-16 10:41:22.944
V/Settings( 2015): get name: wifi_disguise11-16 10:41:22.944
V/Settings( 2015): get name: wifi_ethernet_coexist11-16 10:41:22.944
V/Settings( 2015): get name: wifi_ethernet_coexist11-16 10:41:22.944
D/EthernetService( 2015): getWifiEthernetCoexistState(): 111-16 10:41:22.945
V/Settings( 2015): get name: wifi_ethernet_coexist11-16 10:41:22.945
V/Settings( 2015): get name: wifi_ethernet_coexist11-16 10:41:22.945
V/Settings( 2015): get name: wifi_disguise11-16 10:41:22.945
V/Settings( 2015): get name: wifi_disguise11-16 10:41:22.945
D/EthernetService( 2015): getWifiDisguiseState: 011-16 10:41:22.945
V/Settings( 2015): get name: wifi_disguise11-16 10:41:22.945
V/Settings( 2015): get name: wifi_disguise11-16 10:41:22.945
E/ConnectivityService( 2015): updateDnsLocked, dnses:[/192.168.1.1, /fe80::1]11-16 10:41:22.945
E/ConnectivityService( 2015): wifidns:null g3dns:null ethdns:[/192.168.1.1, /fe80::1]11-16 10:41:22.945
E/ConnectivityService( 2015): updateDns: 192.168.1.1 Remain!!11-16 10:41:22.946
E/ConnectivityService( 2015): updateDns, adding net.dns1 192.168.1.111-16 10:41:22.947
I/EthernetIPv6Activity( 6313): ipv6 message: 10011-16 10:41:22.947
I/ty_NetworkActivity( 6313): isV6IpOk: 11-16 10:41:22.948
D/EthernetService( 2015):  enter getIpv6ConnectStatus()11-16 10:41:22.948
I/EthernetManager( 6313): ipv6 is disconnected, ipv6ConnectStatus = 711-16 10:41:22.948
I/ty_NetworkActivity( 6313): isV6IpOk:IP_v6=11-16 10:41:22.948
E/ConnectivityService( 2015): updateDns, adding net.dns2 fe80::111-16 10:41:22.951
V/Settings( 2015): get name: wifi_ethernet_coexist11-16 10:41:22.951
V/Settings( 2015): get name: wifi_ethernet_coexist11-16 10:41:22.951
D/EthernetService( 2015): getWifiEthernetCoexistState(): 111-16 10:41:22.951
V/Settings( 2015): get name: wifi_ethernet_coexist11-16 10:41:22.951
V/Settings( 2015): get name: wifi_ethernet_coexist11-16 10:41:22.951
V/Settings( 2015): get name: wifi_disguise11-16 10:41:22.951
V/Settings( 2015): get name: wifi_disguise11-16 10:41:22.951
D/EthernetService( 2015): getWifiDisguiseState: 011-16 10:41:22.951
V/Settings( 2015): get name: wifi_disguise11-16 10:41:22.951
V/Settings( 2015): get name: wifi_disguise11-16 10:41:22.951
D/ConnectivityService( 2015): handleConnectivityChange: address are the same reset per doReset linkProperty[9]: resetMask=011-16 10:41:22.952
V/Settings( 2015): get name: wifi_ethernet_coexist11-16 10:41:22.952
V/Settings( 2015): get name: wifi_ethernet_coexist11-16 10:41:22.952
D/EthernetService( 2015): getWifiEthernetCoexistState(): 111-16 10:41:22.952
V/Settings( 2015): get name: wifi_ethernet_coexist11-16 10:41:22.952
V/Settings( 2015): get name: wifi_ethernet_coexist11-16 10:41:22.952
D/ConnectivityService( 2015): curLp before coexist handle: {InterfaceName: eth0 LinkAddresses: [192.168.1.9/24,]  Routes: [192.168.1.0/24 -> 0.0.0.0,0.0.0.0/0 -> 192.168.1.1,] DnsAddresses: [192.168.1.1,] Domains: nullMTU: 0}11-16 10:41:22.952
D/ConnectivityService( 2015): newLp before coexist handle: {InterfaceName: eth0 LinkAddresses: [192.168.1.9/24,]  Routes: [192.168.1.0/24 -> 0.0.0.0,0.0.0.0/0 -> 192.168.1.1,] DnsAddresses: [192.168.1.1,fe80::1,] Domains: nullMTU: 0}11-16 10:41:22.952
D/ConnectivityService( 2015): newLpPrefered before coexist handle: false11-16 10:41:22.952
D/ConnectivityService( 2015): Coexist!! mActiveDefaultNetwork and netType is the same: 911-16 10:41:22.953
V/Settings( 2015): get name: wifi_ethernet_coexist11-16 10:41:22.953
V/Settings( 2015): get name: wifi_ethernet_coexist11-16 10:41:22.953
D/EthernetService( 2015): getWifiEthernetCoexistState(): 111-16 10:41:22.953
V/Settings( 2015): get name: wifi_ethernet_coexist11-16 10:41:22.953
V/Settings( 2015): get name: wifi_ethernet_coexist11-16 10:41:22.953
V/Settings( 2015): get name: wifi_ethernet_coexist11-16 10:41:22.953
V/Settings( 2015): get name: wifi_ethernet_coexist11-16 10:41:22.953
D/EthernetService( 2015): getWifiEthernetCoexistState(): 111-16 10:41:22.953
D/ConnectivityService( 2015): curLp before updateRoutes: {InterfaceName: eth0 LinkAddresses: [192.168.1.9/24,]  Routes: [192.168.1.0/24 -> 0.0.0.0,0.0.0.0/0 -> 192.168.1.1,] DnsAddresses: [192.168.1.1,] Domains: nullMTU: 0}11-16 10:41:22.953
D/ConnectivityService( 2015): newLp before updateRoutes: {InterfaceName: eth0 LinkAddresses: [192.168.1.9/24,]  Routes: [192.168.1.0/24 -> 0.0.0.0,0.0.0.0/0 -> 192.168.1.1,] DnsAddresses: [192.168.1.1,fe80::1,] Domains: nullMTU: 0}11-16 10:41:22.953
D/ConnectivityService( 2015): newLpPrefered before updateRoutes: true11-16 10:41:22.953
D/ConnectivityService( 2015): Coexist!! newLpPrefered !!!!11-16 10:41:22.954
V/Settings( 2015): get name: wifi_ethernet_coexist11-16 10:41:22.954
V/Settings( 2015): get name: wifi_ethernet_coexist11-16 10:41:22.954
V/Settings( 2015): get name: wifi_ethernet_coexist11-16 10:41:22.954
V/Settings( 2015): get name: wifi_ethernet_coexist11-16 10:41:22.954
D/EthernetService( 2015): getWifiEthernetCoexistState(): 111-16 10:41:22.954
V/Settings( 2015): get name: wifi_ethernet_coexist11-16 10:41:22.954
V/Settings( 2015): get name: wifi_ethernet_coexist11-16 10:41:22.954
D/ConnectivityService( 2015): Coexist!! newLpPrefered!! Don't remove route11-16 10:41:22.954
D/ConnectivityService( 2015): Coexist!! newLpPrefered!! Don't remove route11-16 10:41:22.954
D/ConnectivityService( 2015): not adding 192.168.1.0/24 -> 0.0.0.0 into mAddedRoutes as it's already in use11-16 10:41:22.956
D/ConnectivityService( 2015): not adding 192.168.1.1/32 -> 0.0.0.0 into mAddedRoutes as it's already in use11-16 10:41:22.958
D/ConnectivityService( 2015): not adding 0.0.0.0/0 -> 192.168.1.1 into mAddedRoutes as it's already in use11-16 10:41:22.964
V/Settings( 2015): get name: wifi_ethernet_coexist11-16 10:41:22.964
V/Settings( 2015): get name: wifi_ethernet_coexist11-16 10:41:22.964
D/Nat464Xlat( 2015): requiresClat: netType=9, hasIPv4Address=true11-16 10:41:22.965
D/EthernetService( 2015): getWifiEthernetCoexistState(): 111-16 10:41:22.965
V/Settings( 2015): get name: wifi_ethernet_coexist11-16 10:41:22.965
V/Settings( 2015): get name: wifi_ethernet_coexist11-16 10:41:22.965
V/Settings( 2015): get name: wifi_disguise11-16 10:41:22.965
V/Settings( 2015): get name: wifi_disguise11-16 10:41:22.965
D/EthernetService( 2015): getWifiDisguiseState: 011-16 10:41:22.965
V/Settings( 2015): get name: wifi_disguise11-16 10:41:22.965
V/Settings( 2015): get name: wifi_disguise11-16 10:41:22.965
V/Settings( 2015): get name: wifi_ethernet_coexist11-16 10:41:22.965
V/Settings( 2015): get name: wifi_ethernet_coexist11-16 10:41:22.966
D/EthernetService( 2015): getWifiEthernetCoexistState(): 111-16 10:41:22.966
V/Settings( 2015): get name: wifi_ethernet_coexist11-16 10:41:22.966
V/Settings( 2015): get name: wifi_ethernet_coexist11-16 10:41:22.966
D/ConnectivityService( 2015): Coexist!! NewType(9) priority is lower than CurrentType(9), do not update mActiveDefaultNetwork!11-16 10:41:22.968
V/Settings( 2015): get name: wifi_disguise11-16 10:41:22.968
V/Settings( 2015): get name: wifi_disguise11-16 10:41:22.968
D/EthernetService( 2015): getWifiDisguiseState: 011-16 10:41:22.968
V/Settings( 2015): get name: wifi_disguise11-16 10:41:22.968
V/Settings( 2015): get name: wifi_disguise11-16 10:41:22.969
V/Settings( 2015): get name: wifi_ethernet_coexist11-16 10:41:22.969
V/Settings( 2015): get name: wifi_ethernet_coexist11-16 10:41:22.969
D/EthernetService( 2015): getWifiEthernetCoexistState(): 111-16 10:41:22.969
V/Settings( 2015): get name: wifi_ethernet_coexist11-16 10:41:22.969
V/Settings( 2015): get name: wifi_ethernet_coexist11-16 10:41:22.969
V/Settings( 2015): get name: wifi_disguise11-16 10:41:22.969
V/Settings( 2015): get name: wifi_disguise11-16 10:41:22.969
D/EthernetService( 2015): getWifiDisguiseState: 011-16 10:41:22.969
V/Settings( 2015): get name: wifi_disguise11-16 10:41:22.969
V/Settings( 2015): get name: wifi_disguise11-16 10:41:22.970
V/Settings( 2015): get name: wifi_disguise11-16 10:41:22.970
V/Settings( 2015): get name: wifi_disguise11-16 10:41:22.970
D/EthernetService( 2015): getWifiDisguiseState: 011-16 10:41:22.970
V/Settings( 2015): get name: wifi_disguise11-16 10:41:22.970
V/Settings( 2015): get name: wifi_disguise11-16 10:41:22.979
V/Settings( 2519): get name: dlna_enable11-16 10:41:22.979
V/Settings( 2519): get name: dlna_enable11-16 10:41:23.008
V/Settings( 2015): get name: wifi_disguise11-16 10:41:23.008
V/Settings( 2015): get name: wifi_disguise11-16 10:41:23.008
D/EthernetService( 2015): getWifiDisguiseState: 011-16 10:41:23.009
V/Settings( 2015): get name: wifi_disguise11-16 10:41:23.009
V/Settings( 2015): get name: wifi_disguise11-16 10:41:23.009
V/Settings( 2015): get name: wifi_ethernet_coexist11-16 10:41:23.009
V/Settings( 2015): get name: wifi_ethernet_coexist11-16 10:41:23.010
D/EthernetService( 2015): getWifiEthernetCoexistState(): 111-16 10:41:23.010
V/Settings( 2015): get name: wifi_ethernet_coexist11-16 10:41:23.010
V/Settings( 2015): get name: wifi_ethernet_coexist11-16 10:41:23.010
V/Settings( 2015): get name: wifi_disguise11-16 10:41:23.010
V/Settings( 2015): get name: wifi_disguise11-16 10:41:23.010
D/EthernetService( 2015): getWifiDisguiseState: 011-16 10:41:23.010
V/Settings( 2015): get name: wifi_disguise11-16 10:41:23.011
V/Settings( 2015): get name: wifi_disguise11-16 10:41:23.011
V/Settings( 2015): get name: wifi_disguise11-16 10:41:23.011
V/Settings( 2015): get name: wifi_disguise11-16 10:41:23.012
D/EthernetService( 2015): getWifiDisguiseState: 011-16 10:41:23.012
V/Settings( 2015): get name: wifi_disguise11-16 10:41:23.012
V/Settings( 2015): get name: wifi_disguise11-16 10:41:23.095
D/dalvikvm( 2519): GC_FOR_ALLOC freed 1337K, 29% free 4617K/6500K, paused 25ms, total 25ms11-16 10:41:23.139 D/DHCPV6  ( 2015): no dhclient.eth0.dns211-16 10:41:23.139 D/DHCPV6  ( 2015): no dhclient.eth0.dns311-16 10:41:23.139 D/DHCPV6  ( 2015): no dhclient.eth0.dns411-16 10:41:23.139
I/EthernetDataTracker( 2015): stopIpv6() success, send message EVENT_DHCPV6_DISCONNECT_SUCCESSED11-16 10:41:23.140
D/NetUtils( 2015): no net6.eth0.dns111-16 10:41:23.140
D/NetUtils( 2015): no net6.eth0.dns211-16 10:41:23.140
I/EthernetDataTracker( 2015): clearIpv6Routes11-16 10:41:23.147
D/EthernetDataTracker( 2015): remove 2409:8a5e:a049:7e10::/64 -> :: on eth011-16 10:41:23.148
D/NetUtils( 1505): route_priority=eth11-16 10:41:23.148 W/Netd    ( 1505): No subsystem found in netlink event11-16 10:41:23.149
D/EthernetDataTracker( 2015): remove fe80::b660:77ff:fe21:b903/128 -> :: on eth011-16 10:41:23.150
D/NetUtils( 1505): route_priority=eth11-16 10:41:23.150 W/Netd    ( 1505): No subsystem found in netlink event11-16 10:41:23.151
D/EthernetDataTracker( 2015): remove fe80::/64 -> :: on eth011-16 10:41:23.152
D/NetUtils( 1505): route_priority=eth11-16 10:41:23.152 W/Netd    ( 1505): No subsystem found in netlink event11-16 10:41:23.154
D/EthernetDataTracker( 2015): remove ::/0 -> fe80::1 on eth011-16 10:41:23.155
D/NetUtils( 1505): route_priority=eth11-16 10:41:23.155 W/Netd    ( 1505): No subsystem found in netlink event11-16 10:41:23.156
D/EthernetDataTracker( 2015): remove ff02::1/128 -> :: on eth011-16 10:41:23.157
D/NetUtils( 1505): route_priority=eth11-16 10:41:23.158
E/EthernetDataTracker( 2015): Exception trying to remove a route: java.lang.IllegalStateException: command '123 interface route remove eth0 default ff02::1 128 ::' failed with '400 123 Failed to remove route from default table (No such process)'11-16 10:41:23.158
I/EthernetDataTracker( 2015): clearStatelessAddresses:null11-16 10:41:23.158
V/Settings( 2015): get name: ethernet_ipv6_mode11-16 10:41:23.158
V/Settings( 2015): get name: ethernet_ipv6_mode11-16 10:41:23.158
D/EthernetService( 2015): getEthernetMode6(): dhcp11-16 10:41:23.159
V/Settings( 2015): get name: ethernet_ipv6_mode11-16 10:41:23.159
V/Settings( 2015): get name: ethernet_ipv6_mode11-16 10:41:23.159
V/Settings( 2015): get name: ethernet_ipv6_mode11-16 10:41:23.159
V/Settings( 2015): get name: ethernet_ipv6_mode11-16 10:41:23.159
D/EthernetService( 2015): getEthernetMode6(): dhcp11-16 10:41:23.159
V/Settings( 2015): get name: ethernet_ipv6_mode11-16 10:41:23.159
V/Settings( 2015): get name: ethernet_ipv6_mode11-16 10:41:23.160
W/ContextImpl( 2015): Calling a method in the system process without a qualified user: android.app.ContextImpl.sendStickyBroadcast:1389 android.net.EthernetDataTracker.postNotification:1494 android.net.EthernetDataTracker.stopIpv6:2642 android.net.EthernetDataTracker$InterfaceObserver.moFlagChanged:487 com.android.server.NetworkManagementService.notifyMOFlagChange:462 11-16 10:41:23.161
V/Settings( 2015): get name: ethernet_ipv6_mode11-16 10:41:23.161
V/Settings( 2015): get name: ethernet_ipv6_mode11-16 10:41:23.161
D/EthernetService( 2015): getEthernetMode6(): dhcp11-16 10:41:23.162
V/Settings( 2015): get name: ethernet_ipv6_mode11-16 10:41:23.162
V/Settings( 2015): get name: ethernet_ipv6_mode11-16 10:41:23.162
V/Settings( 2015): get name: option60_on11-16 10:41:23.162
W/ContextImpl( 2015): Calling a method in the system process without a qualified user: android.app.ContextImpl.sendStickyBroadcast:1389 android.net.EthernetDataTracker.postNotification:1494 android.net.EthernetDataTracker.stopIpv6:2649 android.net.EthernetDataTracker$InterfaceObserver.moFlagChanged:487 com.android.server.NetworkManagementService.notifyMOFlagChange:462 11-16 10:41:23.163
V/Settings( 2015): get name: option60_on11-16 10:41:23.163
D/EthernetService( 2015): getDhcpOption60State: 111-16 10:41:23.164
I/EthernetDataTracker( 2015): updateLinkProperties Before remove, mLinkProperties:{InterfaceName: eth0 LinkAddresses: [192.168.1.9/24,]  Routes: [192.168.1.0/24 -> 0.0.0.0,0.0.0.0/0 -> 192.168.1.1,] DnsAddresses: [192.168.1.1,fe80::1,] Domains: nullMTU: 0}11-16 10:41:23.164
I/EthernetDataTracker( 2015): ipv4LastDns:[/192.168.1.1] ipv6LastDns:[/fe80::1]11-16 10:41:23.164
V/Settings( 2015): get name: option60_login11-16 10:41:23.164
V/Settings( 2015): get name: option60_login11-16 10:41:23.164
I/EthernetDataTracker( 2015): updateLinkProperties remainLinkaddrs:[192.168.1.9/24]  remainRoutes:[192.168.1.0/24 -> 0.0.0.0, 0.0.0.0/0 -> 192.168.1.1] remainDnses:[/192.168.1.1]11-16 10:41:23.164
I/EthernetDataTracker( 2015): mLinkProperties.clear() in updateLinkProperties()11-16 10:41:23.165
D/EthernetService( 2015): getDhcpOption60Login: 00510300000109002051B4607721B90311-16 10:41:23.165
V/Settings( 2015): get name: option60_password11-16 10:41:23.165
V/Settings( 2015): get name: option60_password11-16 10:41:23.165
I/EthernetDataTracker( 2015): updateLinkProperties After remove, mLinkProperties:{InterfaceName: eth0 LinkAddresses: [192.168.1.9/24,]  Routes: [192.168.1.0/24 -> 0.0.0.0,0.0.0.0/0 -> 192.168.1.1,] DnsAddresses: [192.168.1.1,] Domains: nullMTU: 0}11-16 10:41:23.165
D/EthernetService( 2015): getDhcpOption60Password: 12345611-16 10:41:23.165
D/EthernetService( 2015): checkPermission is true11-16 10:41:23.165
D/EthernetService( 2015): setEthernetMode6(stateless)11-16 10:41:23.165
V/Settings( 2015): put name: ethernet_ipv6_mode, value: stateless11-16 10:41:23.165
I/EthernetIPv6Activity( 6313): now mode: 你到底是：：IPOE11-16 10:41:23.165
V/Settings( 2015): put name: ethernet_ipv6_mode, value: stateless11-16 10:41:23.165
E/EthernetIPv6Activity( 6313): onReceive:king_king_king android.net.ethernet.IPV6_STATE_CHANGE11-16 10:41:23.167
V/Settings( 2015): get name: wifi_ethernet_coexist11-16 10:41:23.167
V/Settings( 2015): get name: wifi_ethernet_coexist11-16 10:41:23.167
D/EthernetService( 2015): getWifiEthernetCoexistState(): 111-16 10:41:23.167
V/Settings( 2015): get name: wifi_ethernet_coexist11-16 10:41:23.167
V/Settings( 2015): get name: wifi_ethernet_coexist11-16 10:41:23.167
V/Settings( 2015): get name: wifi_disguise11-16 10:41:23.167
V/Settings( 2015): get name: wifi_disguise11-16 10:41:23.167
D/EthernetService( 2015): getWifiDisguiseState: 011-16 10:41:23.167
V/Settings( 2015): get name: wifi_disguise11-16 10:41:23.167
V/Settings( 2015): get name: wifi_disguise11-16 10:41:23.167
V/Settings( 2015): get name: wifi_ethernet_coexist11-16 10:41:23.167
V/Settings( 2015): get name: wifi_ethernet_coexist11-16 10:41:23.167
D/EthernetService( 2015): getWifiEthernetCoexistState(): 111-16 10:41:23.167
V/Settings( 2015): get name: wifi_ethernet_coexist11-16 10:41:23.167
V/Settings( 2015): get name: wifi_ethernet_coexist11-16 10:41:23.167
V/Settings( 2015): get name: wifi_disguise11-16 10:41:23.167
V/Settings( 2015): get name: wifi_disguise11-16 10:41:23.167
D/EthernetService( 2015): getWifiDisguiseState: 011-16 10:41:23.167
V/Settings( 2015): get name: wifi_disguise11-16 10:41:23.167
V/Settings( 2015): get name: wifi_disguise11-16 10:41:23.167
I/EthernetIPv6Activity( 6313): ipv6 message: 2211-16 10:41:23.167
V/Settings( 2015): get name: wifi_ethernet_coexist11-16 10:41:23.167
V/Settings( 2015): get name: wifi_ethernet_coexist11-16 10:41:23.167
D/EthernetService( 2015): getWifiEthernetCoexistState(): 111-16 10:41:23.168
V/Settings( 2015): get name: wifi_ethernet_coexist11-16 10:41:23.168
V/Settings( 2015): get name: wifi_ethernet_coexist11-16 10:41:23.168
E/ConnectivityService( 2015): handleDnsConfigurationChange: isDefaultDns = true11-16 10:41:23.169
V/Settings( 2015): get name: ethernet_ipv6_mode11-16 10:41:23.169
V/Settings( 2015): get name: ethernet_ipv6_mode11-16 10:41:23.169
D/EthernetService( 2015): getEthernetMode6(): dhcp11-16 10:41:23.169
V/Settings( 2015): get name: ethernet_ipv6_mode11-16 10:41:23.169
V/Settings( 2015): get name: ethernet_ipv6_mode11-16 10:41:23.171
V/Settings( 2015): get name: option60_on11-16 10:41:23.171
V/Settings( 2015): get name: option60_on11-16 10:41:23.171
D/EthernetService( 2015): getDhcpOption60State: 111-16 10:41:23.172
V/Settings( 2015): get name: option60_login11-16 10:41:23.172
V/Settings( 2015): get name: option60_login11-16 10:41:23.172
D/EthernetService( 2015): getDhcpOption60Login: 00510300000109002051B4607721B90311-16 10:41:23.172
V/Settings( 2015): get name: option60_password11-16 10:41:23.172
V/Settings( 2015): get name: option60_password11-16 10:41:23.172
D/EthernetService( 2015): getDhcpOption60Password: 12345611-16 10:41:23.173
I/EthernetIPv6Activity( 6313): now mode: 你到底是：：IPOE11-16 10:41:23.173
E/EthernetIPv6Activity( 6313): onReceive:king_king_king android.net.ethernet.IPV6_STATE_CHANGE11-16 10:41:23.175
I/EthernetIPv6Activity( 6313): ipv6 message: 2211-16 10:41:23.176
V/Settings( 2015): get name: ethernet_ipv6_mode11-16 10:41:23.176
V/Settings( 2015): get name: ethernet_ipv6_mode11-16 10:41:23.176
D/EthernetService( 2015): getEthernetMode6(): dhcp11-16 10:41:23.176
V/Settings( 2015): get name: ethernet_ipv6_mode11-16 10:41:23.176
V/Settings( 2015): get name: ethernet_ipv6_mode11-16 10:41:23.176
V/Settings( 2015): get name: option60_on11-16 10:41:23.176
V/Settings( 2015): get name: option60_on11-16 10:41:23.177
D/EthernetService( 2015): getDhcpOption60State: 111-16 10:41:23.177
V/Settings( 2015): get name: wifi_disguise11-16 10:41:23.177
V/Settings( 2015): get name: wifi_disguise11-16 10:41:23.177
E/ConnectivityService( 2015): updatedns, getDnsRemain: mNumDnsEntries = 211-16 10:41:23.178
V/Settings( 2015): get name: option60_login11-16 10:41:23.178
V/Settings( 2015): get name: option60_login11-16 10:41:23.178
D/EthernetService( 2015): getDhcpOption60Login: 00510300000109002051B4607721B90311-16 10:41:23.178
D/EthernetService( 2015): getWifiDisguiseState: 011-16 10:41:23.178
V/Settings( 2015): get name: wifi_disguise11-16 10:41:23.178
V/Settings( 2015): get name: wifi_disguise11-16 10:41:23.178
V/Settings( 2015): get name: option60_password11-16 10:41:23.178
V/Settings( 2015): get name: option60_password11-16 10:41:23.178
D/EthernetService( 2015): getDhcpOption60Password: 12345611-16 10:41:23.180
I/EthernetIPv6Activity( 6313): now mode: 你到底是：：IPOE11-16 10:41:23.180
E/EthernetIPv6Activity( 6313): onReceive:king_king_king android.net.ethernet.IPV6_STATE_CHANGE11-16 10:41:23.180
V/Settings( 2015): get name: wifi_disguise11-16 10:41:23.181
V/Settings( 2015): get name: wifi_disguise11-16 10:41:23.181
D/EthernetService( 2015): getWifiDisguiseState: 011-16 10:41:23.181
V/Settings( 2015): get name: wifi_disguise11-16 10:41:23.181
V/Settings( 2015): get name: wifi_disguise11-16 10:41:23.181
V/Settings( 2015): get name: wifi_ethernet_coexist11-16 10:41:23.181
V/Settings( 2015): get name: wifi_ethernet_coexist11-16 10:41:23.181
D/EthernetService( 2015): getWifiEthernetCoexistState(): 111-16 10:41:23.181
V/Settings( 2015): get name: wifi_ethernet_coexist11-16 10:41:23.181
