D/ConnectivityService( 2015): not adding 192.168.1.1/32 -> 0.0.0.0 into mAddedRoutes as it's already in use11-16 10:41:09.641
D/EthernetService( 2015): enableInterfaceINET6(eth0, true)11-16 10:41:09.643 W/Netd    ( 1505): No subsystem found in netlink event11-16 10:41:09.644 D/Netd    ( 1505): route_priority=eth11-16 10:41:09.644 E/Netd    ( 1505): increaseEthRoutePriorityV6: route = fe80::/64, gateway = , iface = eth0, priority = 256, metric = 12811-16 10:41:09.645
D/EthernetService( 2015): enableIpv6(true) TurnOn IPV6!11-16 10:41:09.645
V/Settings( 2015): get name: ethernet_ipv6_mode11-16 10:41:09.645
V/Settings( 2015): get name: ethernet_ipv6_mode11-16 10:41:09.645
D/EthernetService( 2015): getEthernetMode6(): dhcp11-16 10:41:09.645
V/Settings( 2015): get name: ethernet_ipv6_mode11-16 10:41:09.645
V/Settings( 2015): get name: ethernet_ipv6_mode11-16 10:41:09.645
V/Settings( 2015): get name: ethernet_ipv6_mode11-16 10:41:09.645
V/Settings( 2015): get name: ethernet_ipv6_mode11-16 10:41:09.645
D/EthernetService( 2015): getEthernetMode6(): dhcp11-16 10:41:09.645
V/Settings( 2015): get name: ethernet_ipv6_mode11-16 10:41:09.645
V/Settings( 2015): get name: ethernet_ipv6_mode11-16 10:41:09.645
D/ConnectivityService( 2015): not adding 0.0.0.0/0 -> 192.168.1.1 into mAddedRoutes as it's already in use11-16 10:41:09.646
V/Settings( 2015): get name: ethernet_ipv6_mode11-16 10:41:09.646
V/Settings( 2015): get name: ethernet_ipv6_mode11-16 10:41:09.646
D/EthernetService( 2015): getEthernetMode6(): dhcp11-16 10:41:09.646
V/Settings( 2015): get name: ethernet_ipv6_mode11-16 10:41:09.646
V/Settings( 2015): get name: ethernet_ipv6_mode11-16 10:41:09.646
I/EthernetService( 2015): IPV6 use DHCP11-16 10:41:09.646
D/EthernetService( 2015): checkPermission is true11-16 10:41:09.646
D/EthernetService( 2015): setEthernetMode6(dhcp)11-16 10:41:09.646
V/Settings( 2015): put name: ethernet_ipv6_mode, value: dhcp11-16 10:41:09.646
V/Settings( 2015): put name: ethernet_ipv6_mode, value: dhcp11-16 10:41:09.647
E/NetUtils( 2015): Interface eth0 LinkUp!11-16 10:41:09.647
D/NetUtils( 2015): no net6.eth0.dns111-16 10:41:09.647
D/NetUtils( 2015): no net6.eth0.dns211-16 10:41:09.648
I/EthernetDataTracker( 2015): clearStatelessAddresses:null11-16 10:41:09.648
V/Settings( 2015): get name: ipv6_on11-16 10:41:09.648
V/Settings( 2015): get name: ipv6_on11-16 10:41:09.648
D/EthernetService( 2015): getIpv6PersistedState() IPV6_ON:111-16 10:41:09.648
V/Settings( 2015): get name: ipv6_on11-16 10:41:09.648
V/Settings( 2015): get name: ipv6_on11-16 10:41:09.648
V/Settings( 2015): get name: ethernet_ipv6_mode11-16 10:41:09.648
V/Settings( 2015): get name: ethernet_ipv6_mode11-16 10:41:09.648
D/EthernetService( 2015): getEthernetMode6(): dhcp11-16 10:41:09.648
V/Settings( 2015): get name: ethernet_ipv6_mode11-16 10:41:09.648
V/Settings( 2015): get name: ethernet_ipv6_mode11-16 10:41:09.648
V/Settings( 2015): get name: ethernet_ipv6_mode11-16 10:41:09.648
V/Settings( 2015): get name: ethernet_ipv6_mode11-16 10:41:09.648
D/EthernetService( 2015): getEthernetMode6(): dhcp11-16 10:41:09.648
V/Settings( 2015): get name: ethernet_ipv6_mode11-16 10:41:09.648
V/Settings( 2015): get name: ethernet_ipv6_mode11-16 10:41:09.649
V/Settings( 2015): get name: ethernet_ipv6_mode11-16 10:41:09.649
V/Settings( 2015): get name: ethernet_ipv6_mode11-16 10:41:09.649
D/EthernetService( 2015): getEthernetMode6(): dhcp11-16 10:41:09.649
V/Settings( 2015): get name: ethernet_ipv6_mode11-16 10:41:09.649
V/Settings( 2015): get name: ethernet_ipv6_mode11-16 10:41:09.649
I/EthernetDataTracker( 2015): enableStateless: stateless_eth0:011-16 10:41:09.650
V/Settings( 2015): get name: wifi_ethernet_coexist11-16 10:41:09.650
V/Settings( 2015): get name: wifi_ethernet_coexist11-16 10:41:09.650
D/EthernetService( 2015): checkPermission is true11-16 10:41:09.650
D/EthernetService( 2015): setEthernetMode6(dhcp)11-16 10:41:09.650
D/EthernetService( 2015): getWifiEthernetCoexistState(): 111-16 10:41:09.650
V/Settings( 2015): put name: ethernet_ipv6_mode, value: dhcp11-16 10:41:09.650
V/Settings( 2015): get name: wifi_ethernet_coexist11-16 10:41:09.650
V/Settings( 2015): get name: wifi_ethernet_coexist11-16 10:41:09.650
V/Settings( 2015): put name: ethernet_ipv6_mode, value: dhcp11-16 10:41:09.650
V/Settings( 2015): get name: wifi_disguise11-16 10:41:09.650
V/Settings( 2015): get name: wifi_disguise11-16 10:41:09.650
D/EthernetService( 2015): getWifiDisguiseState: 011-16 10:41:09.650
V/Settings( 2015): get name: wifi_disguise11-16 10:41:09.650
V/Settings( 2015): get name: wifi_disguise11-16 10:41:09.650
I/EthernetDataTracker( 2015): runDhcpv611-16 10:41:09.650
D/Nat464Xlat( 2015): requiresClat: netType=9, hasIPv4Address=true11-16 10:41:09.651
D/EthernetService( 2015): checkPermission is true11-16 10:41:09.651
D/EthernetService( 2015): checkDhcpv6Status(eth0):false11-16 10:41:09.652
D/EthernetDataTracker( 2015): Try to trigger Router Solicitation11-16 10:41:09.657 D/Netd    ( 1505): route_priority=eth11-16 10:41:09.657 W/Netd    ( 1505): No subsystem found in netlink event11-16 10:41:09.657 W/Netd    ( 1505): No subsystem found in netlink event11-16 10:41:09.659 W/Netd    ( 1505): No subsystem found in netlink event11-16 10:41:09.659 D/Netd    ( 1505): route_priority=eth11-16 10:41:09.659 E/Netd    ( 1505): increaseEthRoutePriorityV6: route = fe80::/64, gateway = , iface = eth0, priority = 256, metric = 12811-16 10:41:09.660
I/EthernetDataTracker( 2015): runDhcpv6 in, delayMs=011-16 10:41:09.660
I/EthernetDataTracker( 2015): runDhcpv6 out11-16 10:41:09.660
I/EthernetDataTracker( 2015): runDhcpv6 start11-16 10:41:09.661 D/DHCP    ( 2015): Link-local: fe80:0000:0000:0000:b660:77ff:fe21:b90311-16 10:41:09.661
D/EthernetDataTracker( 2015): IPV6 Link-local address: null , interface = eth011-16 10:41:09.661
V/Settings( 2015): get name: ipv6_on11-16 10:41:09.661
V/Settings( 2015): get name: ipv6_on11-16 10:41:09.661
D/EthernetService( 2015): getIpv6PersistedState() IPV6_ON:111-16 10:41:09.661
V/Settings( 2015): get name: ipv6_on11-16 10:41:09.661
V/Settings( 2015): get name: ipv6_on11-16 10:41:09.661 D/DHCP    ( 2015): Link-local: fe80:0000:0000:0000:b660:77ff:fe21:b90311-16 10:41:09.661
D/EthernetDataTracker( 2015): Sleep to wait for IPV6 Link-local address, command dhclient -6 need it...11-16 10:41:09.661
D/EthernetService( 2015):  enter getIpv6ConnectStatus()11-16 10:41:09.662
V/Settings( 2015): get name: ipv6_on11-16 10:41:09.662
V/Settings( 2015): get name: ipv6_on11-16 10:41:09.662
D/EthernetService( 2015): getIpv6PersistedState() IPV6_ON:111-16 10:41:09.662
V/Settings( 2015): get name: ipv6_on11-16 10:41:09.662
V/Settings( 2015): get name: ipv6_on11-16 10:41:09.662
D/EthernetService( 2015):  enter getIpv6ConnectStatus()11-16 10:41:09.662
I/EthernetManager( 3798): connectIpv6() do nothing: isEnableIpv6()=true isIpv6Connecting()= true11-16 10:41:09.662
E/EthernetIPv6Activity( 3798): connectIPv6_DHCP: ++++++++++++++++++11-16 10:41:09.663
V/Settings( 2015): get name: ethernet_ipv6_mode11-16 10:41:09.663
V/Settings( 2015): get name: ethernet_ipv6_mode11-16 10:41:09.663
D/EthernetService( 2015): getEthernetMode6(): dhcp11-16 10:41:09.663
V/Settings( 2015): get name: ethernet_ipv6_mode11-16 10:41:09.663
V/Settings( 2015): get name: ethernet_ipv6_mode11-16 10:41:09.663
V/Settings( 2015): get name: option60_on11-16 10:41:09.663
V/Settings( 2015): get name: option60_on11-16 10:41:09.663
D/EthernetService( 2015): getDhcpOption60State: 011-16 10:41:09.664
V/Settings( 2015): get name: option60_login11-16 10:41:09.664
V/Settings( 2015): get name: option60_login11-16 10:41:09.664
D/EthernetService( 2015): getDhcpOption60Login: 00510300000109002051B4607721B90311-16 10:41:09.665
V/Settings( 2015): get name: option60_password11-16 10:41:09.665
V/Settings( 2015): get name: option60_password11-16 10:41:09.665
D/EthernetService( 2015): getDhcpOption60Password: 12345611-16 10:41:09.665
E/EthernetIPv6Activity( 3798): connectIPv6_DHCP: 设置完IPv6的DHCP后的网络模式：IP assignment: AUTO11-16 10:41:09.668 D/Netd    ( 1505): route_priority=eth11-16 10:41:09.709
D/pcapcmcc4( 1886): check_no_data_event end: 0!11-16 10:41:09.962 D/DHCP    ( 2015): Link-local: fe80:0000:0000:0000:b660:77ff:fe21:b90311-16 10:41:09.962
D/EthernetDataTracker( 2015): Sleep to wait for IPV6 Link-local address, command dhclient -6 need it...11-16 10:41:10.158
D/dalvikvm( 2519): GC_FOR_ALLOC freed 1368K, 30% free 4593K/6500K, paused 25ms, total 25ms11-16 10:41:10.262 D/DHCP    ( 2015): Link-local: fe80:0000:0000:0000:b660:77ff:fe21:b90311-16 10:41:10.262
D/EthernetDataTracker( 2015): Sleep to wait for IPV6 Link-local address, command dhclient -6 need it...11-16 10:41:10.324
D/XIRI_driver( 1715): send to xiri: {"cmd":"key","event":1,"keycode":108,"pid":1,"vid":1,"devnum":0}11-16 10:41:10.324
D/WindowManager( 2015): interceptKeyTq keycode=20 screenIsOn=true keyguardActive=false policyFlags=2000000 isWakeKey=false11-16 10:41:10.324
D/WindowManager( 2015): FocusedWindow Package:com.changhong.settings11-16 10:41:10.325
D/WindowManager( 2015): interceptKeyTi keyCode=20 down=true repeatCount=0 keyguardOn=false mHomePressed=false canceled=false11-16 10:41:10.326
D/Device@XIRI_driver( 2628): 1112005432, Read out cmd : [{"cmd":"key","event":1,"keycode":108,"pid":1,"vid":1,"devnum":0}]11-16 10:41:10.327
D/Device@XIRI_driver( 2628): send key : [108 , 1]  [0]11-16 10:41:10.327 W/View    ( 3798): couldn't find view with id 213123123211-16 10:41:10.328
D/realboot_track( 2628): operate:thirdKey11-16 10:41:10.336
D/AudioPolicyManagerBase( 1510): startOutput() output 3, stream 1, session 2111-16 10:41:10.336
D/AudioPolicyManagerBase( 1510): startoutput ->setOutputDevice11-16 10:41:10.336
D/AudioPolicyManagerBase( 1510): AudioPolicyManagerBase::checkAndSetVolume 0,0.00000011-16 10:41:10.337
W/ContextImpl( 2326): Calling a method in the system process without a qualified user: android.app.ContextImpl.startService:1587 android.content.ContextWrapper.startService:494 com.iflytek.xiri.system.ControlService$6.run:369 java.util.concurrent.Executors$RunnableAdapter.call:422 java.util.concurrent.FutureTask.runAndReset:279 11-16 10:41:10.340
V/DemonService( 2628): action==com.iflytek.plugin.CALL11-16 10:41:10.553
D/pcapcmcc4( 1886): monitor_valid_device_thread: 45, 600, 3855, 011-16 10:41:10.562 D/DHCP    ( 2015): Link-local: fe80:0000:0000:0000:b660:77ff:fe21:b90311-16 10:41:10.562
D/EthernetDataTracker( 2015): Sleep to wait for IPV6 Link-local address, command dhclient -6 need it...11-16 10:41:10.618
D/pcapcmcc4( 1886): sleep_time_for_microsencond = 20000011-16 10:41:10.782 W/Netd    ( 1505): No subsystem found in netlink event11-16 10:41:10.783
D/EthernetDataTracker( 2015): -----------ifcae: eth0 addressupdate address: fe80::b660:77ff:fe21:b903/64 flags = 12811-16 10:41:10.783
D/EthernetDataTracker( 2015): ipv6AddrsUpdate add address: fe80::b660:77ff:fe21:b903/6411-16 10:41:10.783
V/Settings( 2015): get name: ethernet_ipv6_mode11-16 10:41:10.783
V/Settings( 2015): get name: ethernet_ipv6_mode11-16 10:41:10.783
D/EthernetService( 2015): getEthernetMode6(): dhcp11-16 10:41:10.783
V/Settings( 2015): get name: ethernet_ipv6_mode11-16 10:41:10.783
V/Settings( 2015): get name: ethernet_ipv6_mode11-16 10:41:10.783
D/EthernetDataTracker( 2015): --------ppp0: dhcp11-16 10:41:10.783
V/Settings( 2015): get name: ethernet_ipv6_mode11-16 10:41:10.783
V/Settings( 2015): get name: ethernet_ipv6_mode11-16 10:41:10.783
D/EthernetService( 2015): getEthernetMode6(): dhcp11-16 10:41:10.783
V/Settings( 2015): get name: ethernet_ipv6_mode11-16 10:41:10.783
V/Settings( 2015): get name: ethernet_ipv6_mode11-16 10:41:10.785 W/Netd    ( 1505): No subsystem found in netlink event11-16 10:41:10.785 D/Netd    ( 1505): route_priority=eth11-16 10:41:10.786 E/Netd    ( 1505): increaseEthRoutePriorityV6: route = default, gateway = fe80::1, iface = eth0, priority = 1024, metric = 12811-16 10:41:10.786
V/Settings( 2015): get name: ethernet_ipv6_mode11-16 10:41:10.786
V/Settings( 2015): get name: ethernet_ipv6_mode11-16 10:41:10.786
D/EthernetService( 2015): getEthernetMode6(): dhcp11-16 10:41:10.786
V/Settings( 2015): get name: ethernet_ipv6_mode11-16 10:41:10.786
V/Settings( 2015): get name: ethernet_ipv6_mode11-16 10:41:10.787
D/EthernetDataTracker( 2015): -----------iface: eth0, moflags=: 176, currentIpv6Mode = dhcp11-16 10:41:10.787
D/EthernetDataTracker( 2015): moflags: M = 0, O = 12811-16 10:41:10.787
V/Settings( 2015): get name: ethernet_ipv6_mo_valid11-16 10:41:10.787
V/Settings( 2015): get name: ethernet_ipv6_mo_valid11-16 10:41:10.787
D/EthernetService( 2015): getIpv6MOAutoState(): 111-16 10:41:10.787
V/Settings( 2015): get name: ethernet_ipv6_mo_valid11-16 10:41:10.787
V/Settings( 2015): get name: ethernet_ipv6_mo_valid11-16 10:41:10.787
D/EthernetDataTracker( 2015): moflags=change to stateless, dns for server11-16 10:41:10.787
V/Settings( 2015): get name: ethernet_ipv6_mode11-16 10:41:10.787
V/Settings( 2015): get name: ethernet_ipv6_mode11-16 10:41:10.787
D/EthernetService( 2015): getEthernetMode6(): dhcp11-16 10:41:10.787
V/Settings( 2015): get name: ethernet_ipv6_mode11-16 10:41:10.787
V/Settings( 2015): get name: ethernet_ipv6_mode11-16 10:41:10.787
I/EthernetDataTracker( 2015): stopIpv6 mDhcpv6DelayTimer.cancel11-16 10:41:10.787
V/Settings( 2015): get name: option60_on11-16 10:41:10.787
V/Settings( 2015): get name: option60_on11-16 10:41:10.788
D/EthernetService( 2015): getDhcpOption60State: 011-16 10:41:10.788
V/Settings( 2015): get name: option125_on11-16 10:41:10.789
V/Settings( 2015): get name: option125_on11-16 10:41:10.789
D/EthernetService( 2015): getDhcpOption125State: 011-16 10:41:10.789 D/DHCP    ( 2015): Link-local: fe80:0000:0000:0000:b660:77ff:fe21:b90311-16 10:41:10.790
I/EthernetDataTracker( 2015): maskStr=ipoe6,dhcp611-16 10:41:10.790
I/EthernetDataTracker( 2015): connectMode dhcp6 need release!11-16 10:41:10.790
I/EthernetDataTracker( 2015): releaseDhcpv6lease eth011-16 10:41:10.790 D/DHCPV6  ( 2015): dhcpv6_release start11-16 10:41:10.791 D/DHCPV6  ( 2015): dhcpv6_release cmd='release_eth0:-lf /data/misc/dhcp/dhclient6_eth0.leases -D LL'11-16 10:41:10.794 D/Netd    ( 1505): route_priority=eth11-16 10:41:10.794 E/Netd    ( 1505): increaseEthRoutePriorityV6: route = 2409:8a5e:a049:7e10::/64, gateway = , iface = eth0, priority = 256, metric = 12811-16 10:41:10.803 D/Netd    ( 1505): route_priority=eth11-16 10:41:10.803 W/Netd    ( 1505): No subsystem found in netlink event11-16 10:41:10.803 D/Netd    ( 1505): route_priority=eth11-16 10:41:10.803 W/Netd    ( 1505): No subsystem found in netlink event11-16 10:41:10.812
E/DHCLIENT( 6288): release_mode is set, stateless=011-16 10:41:10.812
E/DHCLIENT( 6288): check pid = 626711-16 10:41:10.812
D/DHCLIENT( 6288): open /proc/6267/status failed!11-16 10:41:10.813
D/DHCLIENT( 6288): path of ipv6 conf is: /etc/dhclient.conf11-16 10:41:10.813
E/DHCLIENT( 6288): form_duid :ip!=null11-16 10:41:10.813
E/DHCLIENT( 6288): Created duid \000\003\000\001\264`w!\271\003.11-16 10:41:10.813
E/DHCLIENT( 6288): form_duid success hisi11-16 10:41:10.815
E/DHCLIENT( 6288): is_releasing 'eth0'11-16 10:41:10.815
E/DHCLIENT( 6288): is_releasing return ISC_FALSE11-16 10:41:10.815
E/DHCLIENT( 6288): no interface is releasing, force exit.11-16 10:41:10.815
E/DHCLIENT( 6288): XMT: dhclient remove dhclient6.lease11-16 10:41:10.822
E/DHCLIENT( 6288): set_release6_result in 20191206_00111-16 10:41:10.826
D/WindowManager( 2015): interceptKeyTi keyCode=20 down=true repeatCount=1 keyguardOn=false mHomePressed=false canceled=false11-16 10:41:10.827 W/View    ( 3798): couldn't find view with id 213123123211-16 10:41:10.830
D/AudioPolicyManagerBase( 1510): startOutput() output 3, stream 1, session 2211-16 10:41:10.844 W/Netd    ( 1505): No subsystem found in netlink event11-16 10:41:10.863 D/DHCP    ( 2015): Link-local: fe80:0000:0000:0000:b660:77ff:fe21:b90311-16 10:41:10.863
V/Settings( 2015): get name: option60_on11-16 10:41:10.863
V/Settings( 2015): get name: option60_on11-16 10:41:10.863
D/EthernetService( 2015): getDhcpOption60State: 011-16 10:41:10.863
V/Settings( 2015): get name: option125_on11-16 10:41:10.863
V/Settings( 2015): get name: option125_on11-16 10:41:10.863
D/EthernetService( 2015): getDhcpOption125State: 011-16 10:41:10.863 D/DHCP    ( 2015): Link-local: fe80:0000:0000:0000:b660:77ff:fe21:b90311-16 10:41:10.863
I/EthernetDataTracker( 2015): maskStr=ipoe6,dhcp611-16 10:41:10.863
I/EthernetDataTracker( 2015): connectMode dhcp6 need release!11-16 10:41:10.863
V/Settings( 2015): get name: option60_on11-16 10:41:10.864
V/Settings( 2015): get name: option60_on11-16 10:41:10.864
D/EthernetService( 2015): getDhcpOption60State: 011-16 10:41:10.864
V/Settings( 2015): get name: option60_login11-16 10:41:10.864
V/Settings( 2015): get name: option60_login11-16 10:41:10.864
D/EthernetService( 2015): getDhcpOption60Login: 00510300000109002051B4607721B90311-16 10:41:10.864
V/Settings( 2015): get name: option60_password11-16 10:41:10.864
V/Settings( 2015): get name: option60_password11-16 10:41:10.864
D/EthernetService( 2015): getDhcpOption60Password: 12345611-16 10:41:10.864
V/Settings( 2015): get name: option125_on11-16 10:41:10.864
V/Settings( 2015): get name: option125_on11-16 10:41:10.864
D/EthernetService( 2015): getDhcpOption125State: 011-16 10:41:10.864
V/Settings( 2015): get name: option125_info11-16 10:41:10.864
V/Settings( 2015): get name: option125_info11-16 10:41:10.864
D/EthernetService( 2015): getDhcpOption125Info: null11-16 10:41:10.864
D/NetUtils( 2015): --------eth0 dhcpv6_do_request began: 11-16 10:41:10.864 D/DHCPV6  ( 2015): -----------------dhcpv6_do_request11-16 10:41:10.864 D/DHCPV6  ( 2015): -------------------------------------->dhclient cmd=dhclient_eth0:eth0 -lf /data/misc/dhcp/dhclient6_eth0.leases -D LL11-16 10:41:10.866 D/DHCPV6  ( 2015): -------------------------------------->op16=0,op17=011-16 10:41:10.867 D/DHCPV6  ( 2015): ========daemon_cmd[dhclient_eth0:eth0 -lf /data/misc/dhcp/dhclient6_eth0.leases -D LL],line[275]11-16 10:41:10.876
D/WindowManager( 2015): interceptKeyTi keyCode=20 down=true repeatCount=2 keyguardOn=false mHomePressed=false canceled=false11-16 10:41:10.877 W/View    ( 3798): couldn't find view with id 213123123211-16 10:41:10.881
D/AudioPolicyManagerBase( 1510): startOutput() output 3, stream 1, session 2311-16 10:41:10.889
E/DHCLIENT( 6299): Internet Systems Consortium DHCP Client 4.3.311-16 10:41:10.889
E/DHCLIENT( 6299): Copyright 2004-2015 Internet Systems Consortium.11-16 10:41:10.889
E/DHCLIENT( 6299): All rights reserved.11-16 10:41:10.889
E/DHCLIENT( 6299): For info, please visit https://www.isc.org/software/dhcp/11-16 10:41:10.890
D/DHCLIENT( 6299): path of ipv6 conf is: /etc/dhclient.conf11-16 10:41:10.905
E/DHCLIENT( 6299): Listening on Socket/eth011-16 10:41:10.905
E/DHCLIENT( 6299): Sending on   Socket/eth011-16 10:41:10.905
E/DHCLIENT( 6299): form_duid :ip!=null11-16 10:41:10.905
E/DHCLIENT( 6299): Created duid \000\003\000\001\264`w!\271\003.11-16 10:41:10.905
E/DHCLIENT( 6299): form_duid success hisi11-16 10:41:10.906
F/DHCLIENT( 6299): PRC: Soliciting for leases (INIT).11-16 10:41:10.926
D/WindowManager( 2015): interceptKeyTi keyCode=20 down=true repeatCount=3 keyguardOn=false mHomePressed=false canceled=false11-16 10:41:10.928 W/View    ( 3798): couldn't find view with id 213123123211-16 10:41:10.977
D/WindowManager( 2015): interceptKeyTi keyCode=20 down=true repeatCount=4 keyguardOn=false mHomePressed=false canceled=false11-16 10:41:10.978 W/View    ( 3798): couldn't find view with id 213123123211-16 10:41:10.982
D/XIRI_driver( 1715): send to xiri: {"cmd":"key","event":0,"keycode":108,"pid":1,"vid":1,"devnum":0}11-16 10:41:10.982
D/WindowManager( 2015): interceptKeyTq keycode=20 screenIsOn=true keyguardActive=false policyFlags=2000000 isWakeKey=false11-16 10:41:10.983
D/Device@XIRI_driver( 2628): 1112005432, Read out cmd : [{"cmd":"key","event":0,"keycode":108,"pid":1,"vid":1,"devnum":0}]11-16 10:41:10.983
D/Device@XIRI_driver( 2628): send key : [108 , 0]  [0]11-16 10:41:10.983
D/realboot_track( 2628): operate:thirdKey11-16 10:41:10.985
D/WindowManager( 2015): interceptKeyTi keyCode=20 down=false repeatCount=0 keyguardOn=false mHomePressed=false canceled=false11-16 10:41:10.986
D/OpPushV_BE( 2628): eventType==1411-16 10:41:10.986
D/OpPush_TriggerEvent( 2628): eventType:1411-16 10:41:10.986
D/OpPush_KeyCount( 2628): 保存此次按键时间163703046980511-16 10:41:10.986
D/OpPush_KeyCount( 2628): onfactor third key11-16 10:41:10.992 D/DHCPV6  ( 2015): dhcpv6_release start waiting for release result...11-16 10:41:11.192 D/DHCPV6  ( 2015): dhcpv6_release return failed11-16 10:41:11.192
I/EthernetDataTracker( 2015): releaseDhcpv6lease eth0 done11-16 10:41:11.192 D/DHCPV6  ( 2015): -----------------dhcpv6_stop11-16 10:41:11.192 D/DHCPV6  ( 2015): ========daemon_cmd[dhclient_eth0],line[395]11-16 10:41:11.194 D/DHCPV6  ( 2015): ========2daemon_cmd[init.svc.dhclient_eth0],line[405]11-16 10:41:11.197
D/XIRI_driver( 1715): send to xiri: {"cmd":"key","event":1,"keycode":28,"pid":1,"vid":1,"devnum":0}11-16 10:41:11.198
D/WindowManager( 2015): interceptKeyTq keycode=23 screenIsOn=true keyguardActive=false policyFlags=2000000 isWakeKey=false11-16 10:41:11.198
D/Device@XIRI_driver( 2628): 1112005432, Read out cmd : [{"cmd":"key","event":1,"keycode":28,"pid":1,"vid":1,"devnum":0}]11-16 10:41:11.198
D/WindowManager( 2015): FocusedWindow Package:com.changhong.settings11-16 10:41:11.198
D/Device@XIRI_driver( 2628): send key : [28 , 1]  [0]11-16 10:41:11.199
D/realboot_track( 2628): operate:thirdKey11-16 10:41:11.200
D/WindowManager( 2015): interceptKeyTi keyCode=23 down=true repeatCount=0 keyguardOn=false mHomePressed=false canceled=false11-16 10:41:11.327
W/ContextImpl( 2326): Calling a method in the system process without a qualified user: android.app.ContextImpl.startService:1587 android.content.ContextWrapper.startService:494 com.iflytek.xiri.system.ControlService$6.run:369 java.util.concurrent.Executors$RunnableAdapter.call:422 java.util.concurrent.FutureTask.runAndReset:279 11-16 10:41:11.329
V/DemonService( 2628): action==com.iflytek.plugin.CALL11-16 10:41:11.395 D/DHCPV6  ( 2015): no dhclient.eth0.dns111-16 10:41:11.395 D/DHCPV6  ( 2015): no dhclient.eth0.dns211-16 10:41:11.396 D/DHCPV6  ( 2015): no dhclient.eth0.dns311-16 10:41:11.396 D/DHCPV6  ( 2015): no dhclient.eth0.dns411-16 10:41:11.396
I/EthernetDataTracker( 2015): stopIpv6() success, send message EVENT_DHCPV6_DISCONNECT_SUCCESSED11-16 10:41:11.396
D/XIRI_driver( 1715): send to xiri: {"cmd":"key","event":0,"keycode":28,"pid":1,"vid":1,"devnum":0}11-16 10:41:11.396
D/NetUtils( 2015): no net6.eth0.dns111-16 10:41:11.396
D/NetUtils( 2015): no net6.eth0.dns211-16 10:41:11.396
D/WindowManager( 2015): interceptKeyTq keycode=23 screenIsOn=true keyguardActive=false policyFlags=2000000 isWakeKey=false11-16 10:41:11.396
I/EthernetDataTracker( 2015): clearIpv6Routes11-16 10:41:11.397
D/Device@XIRI_driver( 2628): 1112005432, Read out cmd : [{"cmd":"key","event":0,"keycode":28,"pid":1,"vid":1,"devnum":0}]11-16 10:41:11.398
D/WindowManager( 2015): interceptKeyTi keyCode=23 down=false repeatCount=0 keyguardOn=false mHomePressed=false canceled=false11-16 10:41:11.398
D/Device@XIRI_driver( 2628): send key : [28 , 0]  [0]11-16 10:41:11.398
D/realboot_track( 2628): operate:thirdKey11-16 10:41:11.399
D/OpPushV_BE( 2628): eventType==1411-16 10:41:11.400
D/OpPush_TriggerEvent( 2628): eventType:1411-16 10:41:11.400
D/OpPush_KeyCount( 2628): 保存此次按键时间163703047021911-16 10:41:11.400
D/OpPush_KeyCount( 2628): onfactor third key11-16 10:41:11.404
I/ActivityManager( 2015): START u0 {cmp=com.changhong.settings/.StaticIPv6Activity} from pid 379811-16 10:41:11.407
D/AudioPolicyManagerBase( 1510): startOutput() output 3, stream 1, session 2411-16 10:41:11.410
D/EthernetDataTracker( 2015): remove 2409:8a5e:a049:7e10::/64 -> :: on eth011-16 10:41:11.410
W/ContextImpl( 3798): Calling a method in the system process without a qualified user: android.app.ContextImpl.sendBroadcast:1231 android.content.ContextWrapper.sendBroadcast:365 android.app.ActivityThread.performPauseActivity:3070 android.app.ActivityThread.performPauseActivity:3028 android.app.ActivityThread.handlePauseActivity:3006 11-16 10:41:11.412
D/NetUtils( 1505): route_priority=eth11-16 10:41:11.412 W/Netd    ( 1505): No subsystem found in netlink event11-16 10:41:11.414
D/ActivityStateReceiver( 2316): state :pause currentActivity :com.changhong.settings.EthernetIPv6Activity currentProcess :com.changhong.settings11-16 10:41:11.414
E/HiSysManagerService( 1515): checkPermission is true.11-16 10:41:11.415
D/EthernetDataTracker( 2015): remove fe80::/64 -> :: on eth011-16 10:41:11.416
D/NetUtils( 1505): route_priority=eth11-16 10:41:11.416 W/Netd    ( 1505): No subsystem found in netlink event11-16 10:41:11.418
D/EthernetDataTracker( 2015): remove ::/0 -> fe80::1 on eth011-16 10:41:11.419
D/NetUtils( 1505): route_priority=eth11-16 10:41:11.419 W/Netd    ( 1505): No subsystem found in netlink event11-16 10:41:11.421
D/EthernetDataTracker( 2015): remove ff02::1/128 -> :: on eth011-16 10:41:11.422
D/NetUtils( 1505): route_priority=eth11-16 10:41:11.426
E/EthernetDataTracker( 2015): Exception trying to remove a route: java.lang.IllegalStateException: command '52 interface route remove eth0 default ff02::1 128 ::' failed with '400 52 Failed to remove route from default table (No such process)'11-16 10:41:11.426
I/EthernetDataTracker( 2015): clearStatelessAddresses:null11-16 10:41:11.426
V/Settings( 2015): get name: ethernet_ipv6_mode11-16 10:41:11.427
V/Settings( 2015): get name: ethernet_ipv6_mode11-16 10:41:11.427
D/EthernetService( 2015): getEthernetMode6(): dhcp11-16 10:41:11.427
V/Settings( 2015): get name: ethernet_ipv6_mode11-16 10:41:11.427
V/Settings( 2015): get name: ethernet_ipv6_mode11-16 10:41:11.427
V/Settings( 2015): get name: ethernet_ipv6_mode11-16 10:41:11.427
V/Settings( 2015): get name: ethernet_ipv6_mode11-16 10:41:11.427
D/EthernetService( 2015): getEthernetMode6(): dhcp11-16 10:41:11.427
V/Settings( 2015): get name: ethernet_ipv6_mode11-16 10:41:11.427
V/Settings( 2015): get name: ethernet_ipv6_mode11-16 10:41:11.429
W/ContextImpl( 2015): Calling a method in the system process without a qualified user: android.app.ContextImpl.sendStickyBroadcast:1389 android.net.EthernetDataTracker.postNotification:1494 android.net.EthernetDataTracker.stopIpv6:2642 android.net.EthernetDataTracker$InterfaceObserver.moFlagChanged:487 com.android.server.NetworkManagementService.notifyMOFlagChange:462 11-16 10:41:11.436
W/ContextImpl( 2015): Calling a method in the system process without a qualified user: android.app.ContextImpl.sendStickyBroadcast:1389 android.net.EthernetDataTracker.postNotification:1494 android.net.EthernetDataTracker.stopIpv6:2649 android.net.EthernetDataTracker$InterfaceObserver.moFlagChanged:487 com.android.server.NetworkManagementService.notifyMOFlagChange:462 11-16 10:41:11.438
I/EthernetDataTracker( 2015): updateLinkProperties Before remove, mLinkProperties:{InterfaceName: eth0 LinkAddresses: [192.168.1.9/24,]  Routes: [192.168.1.0/24 -> 0.0.0.0,0.0.0.0/0 -> 192.168.1.1,] DnsAddresses: [192.168.1.1,] Domains: nullMTU: 0}11-16 10:41:11.438
I/EthernetDataTracker( 2015): ipv4LastDns:[/192.168.1.1] ipv6LastDns:null11-16 10:41:11.438
I/EthernetDataTracker( 2015): updateLinkProperties remainLinkaddrs:[192.168.1.9/24]  remainRoutes:[192.168.1.0/24 -> 0.0.0.0, 0.0.0.0/0 -> 192.168.1.1] remainDnses:[/192.168.1.1]11-16 10:41:11.438
I/EthernetDataTracker( 2015): mLinkProperties.clear() in updateLinkProperties()11-16 10:41:11.439
I/EthernetDataTracker( 2015): updateLinkProperties After remove, mLinkProperties:{InterfaceName: eth0 LinkAddresses: [192.168.1.9/24,]  Routes: [192.168.1.0/24 -> 0.0.0.0,0.0.0.0/0 -> 192.168.1.1,] DnsAddresses: [192.168.1.1,] Domains: nullMTU: 0}11-16 10:41:11.439
D/EthernetService( 2015): checkPermission is true11-16 10:41:11.439
D/EthernetService( 2015): setEthernetMode6(stateless)11-16 10:41:11.439
V/Settings( 2015): put name: ethernet_ipv6_mode, value: stateless11-16 10:41:11.439
V/Settings( 2015): get name: wifi_ethernet_coexist11-16 10:41:11.439
V/Settings( 2015): put name: ethernet_ipv6_mode, value: stateless11-16 10:41:11.439
V/Settings( 2015): get name: wifi_ethernet_coexist11-16 10:41:11.439
D/EthernetService( 2015): getWifiEthernetCoexistState(): 111-16 10:41:11.439
V/Settings( 2015): get name: wifi_ethernet_coexist11-16 10:41:11.439
V/Settings( 2015): get name: wifi_ethernet_coexist11-16 10:41:11.439
V/Settings( 2015): get name: wifi_disguise11-16 10:41:11.439
V/Settings( 2015): get name: wifi_disguise11-16 10:41:11.439
D/EthernetService( 2015): getWifiDisguiseState: 011-16 10:41:11.439
V/Settings( 2015): get name: wifi_disguise11-16 10:41:11.439
V/Settings( 2015): get name: wifi_disguise11-16 10:41:11.440
V/Settings( 2015): get name: wifi_ethernet_coexist11-16 10:41:11.440
V/Settings( 2015): get name: wifi_ethernet_coexist11-16 10:41:11.440
D/EthernetService( 2015): getWifiEthernetCoexistState(): 111-16 10:41:11.440
V/Settings( 2015): get name: wifi_ethernet_coexist11-16 10:41:11.440
V/Settings( 2015): get name: wifi_ethernet_coexist11-16 10:41:11.440
V/Settings( 2015): get name: wifi_disguise11-16 10:41:11.440
V/Settings( 2015): get name: wifi_disguise11-16 10:41:11.440
D/EthernetService( 2015): getWifiDisguiseState: 011-16 10:41:11.440
V/Settings( 2015): get name: wifi_disguise11-16 10:41:11.440
V/Settings( 2015): get name: wifi_disguise11-16 10:41:11.440
V/Settings( 2015): get name: wifi_ethernet_coexist11-16 10:41:11.440
V/Settings( 2015): get name: wifi_ethernet_coexist11-16 10:41:11.440
D/EthernetService( 2015): getWifiEthernetCoexistState(): 111-16 10:41:11.440
V/Settings( 2015): get name: wifi_ethernet_coexist11-16 10:41:11.440
V/Settings( 2015): get name: wifi_ethernet_coexist11-16 10:41:11.440
E/ConnectivityService( 2015): handleDnsConfigurationChange: isDefaultDns = true11-16 10:41:11.445
V/Settings( 2015): get name: wifi_disguise11-16 10:41:11.445
V/Settings( 2015): get name: wifi_disguise11-16 10:41:11.445
D/EthernetService( 2015): getWifiDisguiseState: 011-16 10:41:11.445
V/Settings( 2015): get name: wifi_disguise11-16 10:41:11.445
V/Settings( 2015): get name: wifi_disguise11-16 10:41:11.445
E/ConnectivityService( 2015): updatedns, getDnsRemain: mNumDnsEntries = 111-16 10:41:11.446
V/Settings( 2015): get name: wifi_disguise11-16 10:41:11.447
V/Settings( 2015): get name: wifi_disguise11-16 10:41:11.447
D/EthernetService( 2015): getWifiDisguiseState: 011-16 10:41:11.447
V/Settings( 2015): get name: wifi_disguise11-16 10:41:11.447
V/Settings( 2015): get name: wifi_disguise11-16 10:41:11.448
V/Settings( 2015): get name: wifi_ethernet_coexist11-16 10:41:11.448
V/Settings( 2015): get name: wifi_ethernet_coexist11-16 10:41:11.448
D/EthernetService( 2015): getWifiEthernetCoexistState(): 111-16 10:41:11.448
V/Settings( 2015): get name: wifi_ethernet_coexist11-16 10:41:11.448
V/Settings( 2015): get name: wifi_ethernet_coexist11-16 10:41:11.448
V/Settings( 2015): get name: wifi_disguise11-16 10:41:11.448
V/Settings( 2015): get name: wifi_disguise11-16 10:41:11.448
D/EthernetService( 2015): getWifiDisguiseState: 011-16 10:41:11.448
V/Settings( 2015): get name: wifi_disguise11-16 10:41:11.448
V/Settings( 2015): get name: wifi_disguise11-16 10:41:11.449
E/ConnectivityService( 2015): updateDnsLocked, dnses:[/192.168.1.1]11-16 10:41:11.449
E/ConnectivityService( 2015): wifidns:null g3dns:null ethdns:[/192.168.1.1]11-16 10:41:11.449
E/ConnectivityService( 2015): updateDns: 192.168.1.1 Remain!!11-16 10:41:11.450
E/ConnectivityService( 2015): updateDns, adding net.dns1 192.168.1.111-16 10:41:11.451
V/Settings( 2015): get name: wifi_ethernet_coexist11-16 10:41:11.451
V/Settings( 2015): get name: wifi_ethernet_coexist11-16 10:41:11.451
D/EthernetService( 2015): getWifiEthernetCoexistState(): 111-16 10:41:11.451
V/Settings( 2015): get name: wifi_ethernet_coexist11-16 10:41:11.451
V/Settings( 2015): get name: wifi_ethernet_coexist11-16 10:41:11.451
V/Settings( 2015): get name: wifi_disguise11-16 10:41:11.452
V/Settings( 2015): get name: wifi_disguise11-16 10:41:11.452
D/EthernetService( 2015): getWifiDisguiseState: 011-16 10:41:11.452
V/Settings( 2015): get name: wifi_disguise11-16 10:41:11.452
V/Settings( 2015): get name: wifi_disguise11-16 10:41:11.452
D/ConnectivityService( 2015): handleConnectivityChange: address are the same reset per doReset linkProperty[9]: resetMask=011-16 10:41:11.454
D/ConnectivityService( 2015): curLp before coexist handle: {InterfaceName: eth0 LinkAddresses: [192.168.1.9/24,]  Routes: [192.168.1.0/24 -> 0.0.0.0,0.0.0.0/0 -> 192.168.1.1,] DnsAddresses: [192.168.1.1,] Domains: nullMTU: 0}11-16 10:41:11.454
D/ConnectivityService( 2015): newLp before coexist handle: {InterfaceName: eth0 LinkAddresses: [192.168.1.9/24,]  Routes: [192.168.1.0/24 -> 0.0.0.0,0.0.0.0/0 -> 192.168.1.1,] DnsAddresses: [192.168.1.1,] Domains: nullMTU: 0}11-16 10:41:11.454
D/ConnectivityService( 2015): newLpPrefered before coexist handle: false11-16 10:41:11.455
V/Settings( 2015): get name: wifi_ethernet_coexist11-16 10:41:11.455
V/Settings( 2015): get name: wifi_ethernet_coexist11-16 10:41:11.455
D/EthernetService( 2015): getWifiEthernetCoexistState(): 111-16 10:41:11.455
V/Settings( 2015): get name: wifi_ethernet_coexist11-16 10:41:11.455
V/Settings( 2015): get name: wifi_ethernet_coexist11-16 10:41:11.455
D/ConnectivityService( 2015): Coexist!! mActiveDefaultNetwork and netType is the same: 911-16 10:41:11.493
D/dalvikvm( 2015): GC_FOR_ALLOC freed 1144K, 28% free 5307K/7352K, paused 35ms, total 35ms11-16 10:41:11.494
E/NetUtils( 2015): Interface eth0 LinkUp!11-16 10:41:11.495
D/NetUtils( 2015): no net6.eth0.dns111-16 10:41:11.495
D/NetUtils( 2015): no net6.eth0.dns211-16 10:41:11.495
I/EthernetDataTracker( 2015): clearStatelessAddresses:null11-16 10:41:11.495
V/Settings( 2015): get name: ipv6_on11-16 10:41:11.495
V/Settings( 2015): get name: ipv6_on11-16 10:41:11.495
D/EthernetService( 2015): getIpv6PersistedState() IPV6_ON:111-16 10:41:11.495
D/ConnectivityService( 2015): curLp before updateRoutes: {InterfaceName: eth0 LinkAddresses: [192.168.1.9/24,]  Routes: [192.168.1.0/24 -> 0.0.0.0,0.0.0.0/0 -> 192.168.1.1,] DnsAddresses: [192.168.1.1,] Domains: nullMTU: 0}11-16 10:41:11.496
V/Settings( 2015): get name: ipv6_on11-16 10:41:11.496
V/Settings( 2015): get name: ipv6_on11-16 10:41:11.496
V/Settings( 2015): get name: ethernet_ipv6_mode11-16 10:41:11.496
V/Settings( 2015): get name: wifi_ethernet_coexist11-16 10:41:11.496
V/Settings( 2015): get name: wifi_ethernet_coexist11-16 10:41:11.496
D/EthernetService( 2015): getWifiEthernetCoexistState(): 111-16 10:41:11.496
V/Settings( 2015): get name: wifi_ethernet_coexist11-16 10:41:11.496
V/Settings( 2015): get name: wifi_ethernet_coexist11-16 10:41:11.496
D/ConnectivityService( 2015): newLp before updateRoutes: {InterfaceName: eth0 LinkAddresses: [192.168.1.9/24,]  Routes: [192.168.1.0/24 -> 0.0.0.0,0.0.0.0/0 -> 192.168.1.1,] DnsAddresses: [192.168.1.1,] Domains: nullMTU: 0}11-16 10:41:11.496
D/ConnectivityService( 2015): newLpPrefered before updateRoutes: true11-16 10:41:11.497
V/Settings( 2015): get name: ethernet_ipv6_mode11-16 10:41:11.497
V/Settings( 2015): get name: wifi_ethernet_coexist11-16 10:41:11.497
V/Settings( 2015): get name: wifi_ethernet_coexist11-16 10:41:11.497
D/EthernetService( 2015): getWifiEthernetCoexistState(): 111-16 10:41:11.497
V/Settings( 2015): get name: wifi_ethernet_coexist11-16 10:41:11.497
V/Settings( 2015): get name: wifi_ethernet_coexist11-16 10:41:11.497
V/Settings( 2015): get name: wifi_ethernet_coexist11-16 10:41:11.497
V/Settings( 2015): get name: wifi_ethernet_coexist11-16 10:41:11.497
D/EthernetService( 2015): getWifiEthernetCoexistState(): 111-16 10:41:11.497
V/Settings( 2015): get name: wifi_ethernet_coexist11-16 10:41:11.497
V/Settings( 2015): get name: wifi_ethernet_coexist11-16 10:41:11.497
D/EthernetService( 2015): getEthernetMode6(): stateless11-16 10:41:11.497
V/Settings( 2015): get name: ethernet_ipv6_mode11-16 10:41:11.497
D/ConnectivityService( 2015): Coexist!! newLpPrefered !!!!11-16 10:41:11.497
D/ConnectivityService( 2015): Coexist!! newLpPrefered!! Don't remove route11-16 10:41:11.497
D/ConnectivityService( 2015): Coexist!! newLpPrefered!! Don't remove route11-16 10:41:11.497
D/ConnectivityService( 2015): not adding 192.168.1.0/24 -> 0.0.0.0 into mAddedRoutes as it's already in use11-16 10:41:11.498
V/Settings( 2015): get name: ethernet_ipv6_mode11-16 10:41:11.498
V/Settings( 2015): get name: ethernet_ipv6_mode11-16 10:41:11.498
V/Settings( 2015): get name: ethernet_ipv6_mode11-16 10:41:11.498
D/EthernetService( 2015): getEthernetMode6(): stateless11-16 10:41:11.498
V/Settings( 2015): get name: ethernet_ipv6_mode11-16 10:41:11.499
V/Settings( 2015): get name: ethernet_ipv6_mode11-16 10:41:11.499
D/ConnectivityService( 2015): not adding 192.168.1.1/32 -> 0.0.0.0 into mAddedRoutes as it's already in use11-16 10:41:11.500
I/EthernetDataTracker( 2015): enableStateless: stateless_eth0:111-16 10:41:11.500
D/EthernetDataTracker( 2015): stateless start11-16 10:41:11.503
D/ConnectivityService( 2015): not adding 0.0.0.0/0 -> 192.168.1.1 into mAddedRoutes as it's already in use11-16 10:41:11.505 W/Netd    ( 1505): No subsystem found in netlink event11-16 10:41:11.505 W/Netd    ( 1505): No subsystem found in netlink event11-16 10:41:11.505 W/Netd    ( 1505): No subsystem found in netlink event11-16 10:41:11.505 W/Netd    ( 1505): No subsystem found in netlink event11-16 10:41:11.507 W/Netd    ( 1505): No subsystem found in netlink event11-16 10:41:11.507 D/Netd    ( 1505): route_priority=eth11-16 10:41:11.507 E/Netd    ( 1505): increaseEthRoutePriorityV6: route = fe80::/64, gateway = , iface = eth0, priority = 256, metric = 12811-16 10:41:11.509
D/EthernetDataTracker( 2015): EVENT_STATELESS6_CONNECT_SUCCESSED #111-16 10:41:11.509
D/WifiStateMachine( 2015): iface: eth0,moflags=: 17611-16 10:41:11.509
D/WifiStateMachine( 2015): not in ipv6 auto mode, ignore moFlagChanged11-16 10:41:11.516 D/Netd    ( 1505): route_priority=eth11-16 10:41:11.516 W/Netd    ( 1505): No subsystem found in netlink event11-16 10:41:11.519
V/Settings( 2015): get name: wifi_ethernet_coexist11-16 10:41:11.519
D/Nat464Xlat( 2015): requiresClat: netType=9, hasIPv4Address=true11-16 10:41:11.520
V/Settings( 2015): get name: wifi_ethernet_coexist11-16 10:41:11.520
D/EthernetService( 2015): getWifiEthernetCoexistState(): 111-16 10:41:11.520
V/Settings( 2015): get name: wifi_ethernet_coexist11-16 10:41:11.520
V/Settings( 2015): get name: wifi_ethernet_coexist11-16 10:41:11.521
V/Settings( 2015): get name: wifi_disguise11-16 10:41:11.521
V/Settings( 2015): get name: wifi_disguise11-16 10:41:11.521
D/EthernetService( 2015): getWifiDisguiseState: 011-16 10:41:11.521
V/Settings( 2015): get name: wifi_disguise11-16 10:41:11.521
V/Settings( 2015): get name: wifi_disguise11-16 10:41:11.596
V/Settings( 2015): get name: ethernet_ipv6_mode11-16 10:41:11.596
V/Settings( 2015): get name: ethernet_ipv6_mode11-16 10:41:11.596
D/EthernetService( 2015): getEthernetMode6(): stateless11-16 10:41:11.596
V/Settings( 2015): get name: ethernet_ipv6_mode11-16 10:41:11.596
V/Settings( 2015): get name: ethernet_ipv6_mode11-16 10:41:11.597
V/Settings( 2015): get name: option60_login11-16 10:41:11.597
V/Settings( 2015): get name: option60_login11-16 10:41:11.597
D/EthernetService( 2015): getDhcpOption60Login: 00510300000109002051B4607721B90311-16 10:41:11.598
V/Settings( 2015): get name: option60_password11-16 10:41:11.598
V/Settings( 2015): get name: option60_password11-16 10:41:11.598
D/EthernetService( 2015): getDhcpOption60Password: 12345611-16 10:41:11.599
E/StaticIPv6Activity( 3798): initData: null11-16 10:41:11.599
I/StaticIPv6Activity( 3798): !!-------showIpv6Info-----!!11-16 10:41:11.599
V/Settings( 2015): get name: ipv6_on11-16 10:41:11.599
V/Settings( 2015): get name: ipv6_on11-16 10:41:11.599
D/EthernetService( 2015): getIpv6PersistedState() IPV6_ON:111-16 10:41:11.599
V/Settings( 2015): get name: ipv6_on11-16 10:41:11.599
V/Settings( 2015): get name: ipv6_on11-16 10:41:11.600
D/EthernetService( 2015):  enter getIpv6ConnectStatus()11-16 10:41:11.600
I/EthernetManager( 3798): ipv6 is disconnected, ipv6ConnectStatus = 611-16 10:41:11.601
D/AndroidRuntime( 3798): Shutting down VM11-16 10:41:11.601
W/dalvikvm( 3798): threadid=1: thread exiting with uncaught exception (group=0x42043bc0)11-16 10:41:11.603
E/AndroidRuntime( 3798): FATAL EXCEPTION: main11-16 10:41:11.603
E/AndroidRuntime( 3798): Process: com.changhong.settings, PID: 379811-16 10:41:11.603
E/AndroidRuntime( 3798): java.lang.RuntimeException: Unable to start activity ComponentInfo{com.changhong.settings/com.changhong.settings.StaticIPv6Activity}: java.lang.NullPointerException11-16 10:41:11.603
E/AndroidRuntime( 3798): 	at android.app.ActivityThread.performLaunchActivity(ActivityThread.java:2196)11-16 10:41:11.603
E/AndroidRuntime( 3798): 	at android.app.ActivityThread.handleLaunchActivity(ActivityThread.java:2246)11-16 10:41:11.603
E/AndroidRuntime( 3798): 	at android.app.ActivityThread.access$800(ActivityThread.java:136)11-16 10:41:11.603
E/AndroidRuntime( 3798): 	at android.app.ActivityThread$H.handleMessage(ActivityThread.java:1197)11-16 10:41:11.603
E/AndroidRuntime( 3798): 	at android.os.Handler.dispatchMessage(Handler.java:102)11-16 10:41:11.603
E/AndroidRuntime( 3798): 	at android.os.Looper.loop(Looper.java:136)11-16 10:41:11.603
E/AndroidRuntime( 3798): 	at android.app.ActivityThread.main(ActivityThread.java:5039)11-16 10:41:11.603
E/AndroidRuntime( 3798): 	at java.lang.reflect.Method.invokeNative(Native Method)11-16 10:41:11.603
E/AndroidRuntime( 3798): 	at java.lang.reflect.Method.invoke(Method.java:515)11-16 10:41:11.603
E/AndroidRuntime( 3798): 	at com.android.internal.os.ZygoteInit$MethodAndArgsCaller.run(ZygoteInit.java:861)11-16 10:41:11.603
E/AndroidRuntime( 3798): 	at com.android.internal.os.ZygoteInit.main(ZygoteInit.java:677)11-16 10:41:11.603
E/AndroidRuntime( 3798): 	at dalvik.system.NativeStart.main(Native Method)11-16 10:41:11.603
E/AndroidRuntime( 3798): Caused by: java.lang.NullPointerException11-16 10:41:11.603
E/AndroidRuntime( 3798): 	at com.changhong.settings.StaticIPv6Activity.showIpv6Info(StaticIPv6Activity.java:378)11-16 10:41:11.603
E/AndroidRuntime( 3798): 	at com.changhong.settings.StaticIPv6Activity.onCreate(StaticIPv6Activity.java:243)11-16 10:41:11.603
E/AndroidRuntime( 3798): 	at android.app.Activity.performCreate(Activity.java:5231)11-16 10:41:11.603
E/AndroidRuntime( 3798): 	at android.app.Instrumentation.callActivityOnCreate(Instrumentation.java:1087)11-16 10:41:11.603
E/AndroidRuntime( 3798): 	at android.app.ActivityThread.performLaunchActivity(ActivityThread.java:2160)11-16 10:41:11.603
E/AndroidRuntime( 3798): 	... 11 more11-16 10:41:11.605
W/ActivityManager( 2015):   Force finishing activity com.changhong.settings/.StaticIPv6Activity11-16 10:41:11.606
W/ActivityManager( 2015):   Force finishing activity com.changhong.settings/.EthernetIPv6Activity11-16 10:41:11.607
V/Settings( 2015): get name: anr_show_background11-16 10:41:11.607
V/Settings( 2015): get name: anr_show_background11-16 10:41:11.607
I/Process ( 3798): Sending signal. PID: 3798 SIG: 911-16 10:41:11.618
I/ActivityManager( 2015): Process com.changhong.settings (pid 3798) has died.11-16 10:41:11.618
I/WindowState( 2015): WIN DEATH: Window{42520ab8 u0 com.changhong.settings/com.changhong.settings.Settings}11-16 10:41:11.619
D/ActivityManager( 2015): cleanUpApplicationRecordLocked -- 379811-16 10:41:11.621
W/InputDispatcher( 2015): channel '423882d0 com.changhong.settings/com.changhong.settings.EthernetIPv6Activity (server)' ~ Consumer closed input channel or an error occurred.  events=0x911-16 10:41:11.621
E/InputDispatcher( 2015): channel '423882d0 com.changhong.settings/com.changhong.settings.EthernetIPv6Activity (server)' ~ Channel is unrecoverably broken and will be disposed!11-16 10:41:11.622
W/InputDispatcher( 2015): channel '4261d8c8 com.changhong.settings/com.changhong.settings.NetSettingActivity (server)' ~ Consumer closed input channel or an error occurred.  events=0x911-16 10:41:11.622
E/InputDispatcher( 2015): channel '4261d8c8 com.changhong.settings/com.changhong.settings.NetSettingActivity (server)' ~ Channel is unrecoverably broken and will be disposed!11-16 10:41:11.622
W/InputDispatcher( 2015): Attempted to unregister already unregistered input channel '423882d0 com.changhong.settings/com.changhong.settings.EthernetIPv6Activity (server)'11-16 10:41:11.622
I/WindowState( 2015): WIN DEATH: Window{423882d0 u0 com.changhong.settings/com.changhong.settings.EthernetIPv6Activity}11-16 10:41:11.623
I/WindowState( 2015): WIN DEATH: Window{4261d8c8 u0 com.changhong.settings/com.changhong.settings.NetSettingActivity}11-16 10:41:11.624
W/InputDispatcher( 2015): Attempted to unregister already unregistered input channel '4261d8c8 com.changhong.settings/com.changhong.settings.NetSettingActivity (server)'11-16 10:41:11.634 I/        ( 1517): transcode 39 flags 1611-16 10:41:11.635
E/ViewRootImpl( 2015): 20170727 enable acc for view = Starting com.changhong.settings11-16 10:41:11.637
D/dalvikvm( 6313): Late-enabling CheckJNI11-16 10:41:11.639
I/ActivityManager( 2015): Start proc com.changhong.settings for activity com.changhong.settings/.NetSettingActivity: pid=6313 uid=1000 gids={41000, 3003, 1028, 1015, 3002, 2001, 3001, 1007, 1023}11-16 10:41:11.651 E/Zygote  ( 6313): Zygote:  error closing descriptor11-16 10:41:11.651 E/Zygote  ( 6313): libcore.io.ErrnoException: close failed: EBADF (Bad file number)11-16 10:41:11.651 E/Zygote  ( 6313): 	at libcore.io.Posix.close(Native Method)11-16 10:41:11.651 E/Zygote  ( 6313): 	at libcore.io.BlockGuardOs.close(BlockGuardOs.java:75)11-16 10:41:11.651 E/Zygote  ( 6313): 	at com.android.internal.os.ZygoteInit.closeServerSocket(ZygoteInit.java:218)11-16 10:41:11.651 E/Zygote  ( 6313): 	at com.android.internal.os.ZygoteConnection.handleChildProc(ZygoteConnection.java:882)11-16 10:41:11.651 E/Zygote  ( 6313): 	at com.android.internal.os.ZygoteConnection.runOnce(ZygoteConnection.java:243)11-16 10:41:11.651 E/Zygote  ( 6313): 	at com.android.internal.os.ZygoteInit.runSelectLoop(ZygoteInit.java:737)11-16 10:41:11.651 E/Zygote  ( 6313): 	at com.android.internal.os.ZygoteInit.main(ZygoteInit.java:673)11-16 10:41:11.651 E/Zygote  ( 6313): 	at dalvik.system.NativeStart.main(Native Method)11-16 10:41:11.653
D/dalvikvm( 1508): GC_EXPLICIT freed 44K, 41% free 2716K/4532K, paused 1ms+1ms, total 15ms11-16 10:41:11.662
E/Environment( 6313): canonicalPath = /mnt/sdcard11-16 10:41:11.667
D/dalvikvm( 1508): GC_EXPLICIT freed <1K, 41% free 2716K/4532K, paused 1ms+2ms, total 13ms11-16 10:41:11.683
D/dalvikvm( 1508): GC_EXPLICIT freed <1K, 41% free 2716K/4532K, paused 1ms+2ms, total 13ms11-16 10:41:11.886
D/dalvikvm( 6313): GC_FOR_ALLOC freed 104K, 40% free 2743K/4532K, paused 13ms, total 13ms11-16 10:41:11.888
I/dalvikvm-heap( 6313): Grow heap (frag case) to 4.680MB for 2073616-byte allocation11-16 10:41:11.899
D/dalvikvm( 6313): GC_FOR_ALLOC freed <1K, 28% free 4768K/6560K, paused 11ms, total 11ms11-16 10:41:11.980
D/dalvikvm( 6313): GC_FOR_ALLOC freed 4K, 21% free 5198K/6560K, paused 11ms, total 11ms11-16 10:41:11.998
D/dalvikvm( 6313): GC_FOR_ALLOC freed <1K, 21% free 5345K/6708K, paused 11ms, total 11ms11-16 10:41:12.029
V/Settings( 6313): get name: cmcc_wifi_disabled11-16 10:41:12.029
V/Settings( 6313): get name: cmcc_wifi_disabled11-16 10:41:12.034
I/ty_NetworkActivity( 6313): -------- getEthStack --------11-16 10:41:12.034
V/Settings( 2015): get name: ipv6_on11-16 10:41:12.034
V/Settings( 2015): get name: ipv6_on11-16 10:41:12.034
D/EthernetService( 2015): getIpv6PersistedState() IPV6_ON:111-16 10:41:12.035
V/Settings( 2015): get name: ipv6_on11-16 10:41:12.035
V/Settings( 2015): get name: ipv6_on11-16 10:41:12.035
V/Settings( 2015): get name: ipv4_on11-16 10:41:12.035
V/Settings( 2015): get name: ipv4_on11-16 10:41:12.035
D/EthernetService( 2015): getIpv4PersistedState() IPV4_ON:111-16 10:41:12.035
V/Settings( 2015): get name: ipv4_on11-16 10:41:12.035
V/Settings( 2015): get name: ipv4_on11-16 10:41:12.037
V/Settings( 2015): get name: ipv6_on11-16 10:41:12.037
V/Settings( 2015): get name: ipv6_on11-16 10:41:12.037
D/EthernetService( 2015): getIpv6PersistedState() IPV6_ON:111-16 10:41:12.037
V/Settings( 2015): get name: ipv6_on11-16 10:41:12.037
V/Settings( 2015): get name: ipv6_on11-16 10:41:12.038
E/NetSettingActivity( 6313): mEthManageripv6: true11-16 10:41:12.038
V/Settings( 2015): get name: ipv4_on11-16 10:41:12.038
V/Settings( 2015): get name: ipv4_on11-16 10:41:12.039
D/EthernetService( 2015): getIpv4PersistedState() IPV4_ON:111-16 10:41:12.039
